---
http_interactions:
- request:
    method: post
    uri: http://localhost:9292/api/universes?access_token=90bc68f143f6b5fea3c0b6cedd5784e6ac61248ca39aa87372922d99eb4f8395
    body:
      encoding: US-ASCII
      string: universe%5Btitle%5D=The+Path+of+Daggers
    headers:
      Accept-Encoding:
      - gzip;q=1.0,deflate;q=0.6,identity;q=0.3
      Accept:
      - "*/*"
      User-Agent:
      - Ruby
      Host:
      - localhost:9292
  response:
    status:
      code: 200
      message: 'OK '
    headers:
      X-Frame-Options:
      - SAMEORIGIN
      X-Xss-Protection:
      - 1; mode=block
      X-Content-Type-Options:
      - nosniff
      Content-Type:
      - application/json; charset=utf-8
      Etag:
      - W/"1bb9db702faa46108407c3355cb57fba"
      Cache-Control:
      - max-age=0, private, must-revalidate
      X-Request-Id:
      - e772f302-6c80-4e6d-8b54-2b5f7f9caf9b
      X-Runtime:
      - '0.004902'
      Server:
      - WEBrick/1.3.1 (Ruby/2.2.1/2015-02-26)
      Date:
      - Sun, 13 Dec 2015 01:31:17 GMT
      Content-Length:
      - '53'
      Connection:
      - Keep-Alive
      Set-Cookie:
      - request_method=POST; path=/
    body:
      encoding: UTF-8
      string: '{"universe":{"id":229,"title":"The Path of Daggers"}}'
    http_version: 
  recorded_at: Sun, 13 Dec 2015 01:31:17 GMT
- request:
    method: get
    uri: http://localhost:9292/api/universes?access_token=90bc68f143f6b5fea3c0b6cedd5784e6ac61248ca39aa87372922d99eb4f8395
    body:
      encoding: US-ASCII
      string: ''
    headers:
      Accept-Encoding:
      - gzip;q=1.0,deflate;q=0.6,identity;q=0.3
      Accept:
      - "*/*"
      User-Agent:
      - Ruby
      Host:
      - localhost:9292
  response:
    status:
      code: 200
      message: 'OK '
    headers:
      X-Frame-Options:
      - SAMEORIGIN
      X-Xss-Protection:
      - 1; mode=block
      X-Content-Type-Options:
      - nosniff
      Content-Type:
      - application/json; charset=utf-8
      Etag:
      - W/"6519637630c90849a719a82bda0a2a9a"
      Cache-Control:
      - max-age=0, private, must-revalidate
      X-Request-Id:
      - 91a6d310-f5f2-49dd-930f-57525ee300b4
      X-Runtime:
      - '0.002355'
      Server:
      - WEBrick/1.3.1 (Ruby/2.2.1/2015-02-26)
      Date:
      - Sun, 13 Dec 2015 01:31:17 GMT
      Content-Length:
      - '56'
      Connection:
      - Keep-Alive
    body:
      encoding: UTF-8
      string: '{"universes":[{"id":229,"title":"The Path of Daggers"}]}'
    http_version: 
  recorded_at: Sun, 13 Dec 2015 01:31:17 GMT
- request:
    method: get
    uri: http://localhost:9292/api/universes/229?access_token=90bc68f143f6b5fea3c0b6cedd5784e6ac61248ca39aa87372922d99eb4f8395
    body:
      encoding: US-ASCII
      string: ''
    headers:
      Accept-Encoding:
      - gzip;q=1.0,deflate;q=0.6,identity;q=0.3
      Accept:
      - "*/*"
      User-Agent:
      - Ruby
      Host:
      - localhost:9292
  response:
    status:
      code: 200
      message: 'OK '
    headers:
      X-Frame-Options:
      - SAMEORIGIN
      X-Xss-Protection:
      - 1; mode=block
      X-Content-Type-Options:
      - nosniff
      Content-Type:
      - application/json; charset=utf-8
      Etag:
      - W/"4c06ee9ca8bd94f80b2025fed07af05e"
      Cache-Control:
      - max-age=0, private, must-revalidate
      X-Request-Id:
      - 1aacbee2-90b0-4367-9e4b-bbbb0dc402d1
      X-Runtime:
      - '0.003797'
      Server:
      - WEBrick/1.3.1 (Ruby/2.2.1/2015-02-26)
      Date:
      - Sun, 13 Dec 2015 01:31:17 GMT
      Content-Length:
      - '67'
      Connection:
      - Keep-Alive
    body:
      encoding: UTF-8
      string: '{"universe":{"id":229,"title":"The Path of Daggers","articles":[]}}'
    http_version: 
  recorded_at: Sun, 13 Dec 2015 01:31:17 GMT
- request:
    method: post
    uri: http://localhost:9292/api/events?access_token=90bc68f143f6b5fea3c0b6cedd5784e6ac61248ca39aa87372922d99eb4f8395
    body:
      encoding: US-ASCII
      string: event%5Btitle%5D=The+Beginning&event%5Buniverse_id%5D=229
    headers:
      Accept-Encoding:
      - gzip;q=1.0,deflate;q=0.6,identity;q=0.3
      Accept:
      - "*/*"
      User-Agent:
      - Ruby
      Host:
      - localhost:9292
  response:
    status:
      code: 200
      message: 'OK '
    headers:
      X-Frame-Options:
      - SAMEORIGIN
      X-Xss-Protection:
      - 1; mode=block
      X-Content-Type-Options:
      - nosniff
      Content-Type:
      - application/json; charset=utf-8
      Etag:
      - W/"4dcab667acad087ab1ff12e568b4c28d"
      Cache-Control:
      - max-age=0, private, must-revalidate
      X-Request-Id:
      - 78f9dec2-90f6-4d55-ba33-04dfa7c5c149
      X-Runtime:
      - '0.007551'
      Server:
      - WEBrick/1.3.1 (Ruby/2.2.1/2015-02-26)
      Date:
      - Sun, 13 Dec 2015 01:31:17 GMT
      Content-Length:
      - '43'
      Connection:
      - Keep-Alive
      Set-Cookie:
      - request_method=POST; path=/
    body:
      encoding: UTF-8
      string: '{"event":{"id":92,"title":"The Beginning"}}'
    http_version: 
  recorded_at: Sun, 13 Dec 2015 01:31:17 GMT
- request:
    method: post
    uri: http://localhost:9292/api/events?access_token=90bc68f143f6b5fea3c0b6cedd5784e6ac61248ca39aa87372922d99eb4f8395
    body:
      encoding: US-ASCII
      string: event%5Btitle%5D=The+Middle&event%5Buniverse_id%5D=229
    headers:
      Accept-Encoding:
      - gzip;q=1.0,deflate;q=0.6,identity;q=0.3
      Accept:
      - "*/*"
      User-Agent:
      - Ruby
      Host:
      - localhost:9292
  response:
    status:
      code: 200
      message: 'OK '
    headers:
      X-Frame-Options:
      - SAMEORIGIN
      X-Xss-Protection:
      - 1; mode=block
      X-Content-Type-Options:
      - nosniff
      Content-Type:
      - application/json; charset=utf-8
      Etag:
      - W/"57959cc9ed3bafea886fb4630ea77c76"
      Cache-Control:
      - max-age=0, private, must-revalidate
      X-Request-Id:
      - 11b15479-f3da-407d-ac7c-88fa55beaf5b
      X-Runtime:
      - '0.012558'
      Server:
      - WEBrick/1.3.1 (Ruby/2.2.1/2015-02-26)
      Date:
      - Sun, 13 Dec 2015 01:31:17 GMT
      Content-Length:
      - '40'
      Connection:
      - Keep-Alive
      Set-Cookie:
      - request_method=POST; path=/
    body:
      encoding: UTF-8
      string: '{"event":{"id":93,"title":"The Middle"}}'
    http_version: 
  recorded_at: Sun, 13 Dec 2015 01:31:17 GMT
- request:
    method: get
    uri: http://localhost:9292/api/events/93?access_token=90bc68f143f6b5fea3c0b6cedd5784e6ac61248ca39aa87372922d99eb4f8395
    body:
      encoding: US-ASCII
      string: ''
    headers:
      Accept-Encoding:
      - gzip;q=1.0,deflate;q=0.6,identity;q=0.3
      Accept:
      - "*/*"
      User-Agent:
      - Ruby
      Host:
      - localhost:9292
  response:
    status:
      code: 200
      message: 'OK '
    headers:
      X-Frame-Options:
      - SAMEORIGIN
      X-Xss-Protection:
      - 1; mode=block
      X-Content-Type-Options:
      - nosniff
      Content-Type:
      - application/json; charset=utf-8
      Etag:
      - W/"33a89077d773072d1f8d22b8f5a54413"
      Cache-Control:
      - max-age=0, private, must-revalidate
      X-Request-Id:
      - 9fce49ff-bd9b-4671-9028-662324abd28d
      X-Runtime:
      - '0.007952'
      Server:
      - WEBrick/1.3.1 (Ruby/2.2.1/2015-02-26)
      Date:
      - Sun, 13 Dec 2015 01:31:17 GMT
      Content-Length:
      - '109'
      Connection:
      - Keep-Alive
    body:
      encoding: UTF-8
      string: '{"event":{"id":93,"title":"The Middle","parents":[],"children":[],"participants":[],"notes":[],"remarks":[]}}'
    http_version: 
  recorded_at: Sun, 13 Dec 2015 01:31:17 GMT
- request:
    method: get
    uri: http://localhost:9292/api/articles?access_token=90bc68f143f6b5fea3c0b6cedd5784e6ac61248ca39aa87372922d99eb4f8395&universe_id=229
    body:
      encoding: US-ASCII
      string: ''
    headers:
      Accept-Encoding:
      - gzip;q=1.0,deflate;q=0.6,identity;q=0.3
      Accept:
      - "*/*"
      User-Agent:
      - Ruby
      Host:
      - localhost:9292
  response:
    status:
      code: 200
      message: 'OK '
    headers:
      X-Frame-Options:
      - SAMEORIGIN
      X-Xss-Protection:
      - 1; mode=block
      X-Content-Type-Options:
      - nosniff
      Content-Type:
      - application/json; charset=utf-8
      Etag:
      - W/"73c795a6aa401e4c89232bf973a98514"
      Cache-Control:
      - max-age=0, private, must-revalidate
      X-Request-Id:
      - d76f7cf5-e133-4221-928e-6816da2f7d25
      X-Runtime:
      - '0.002647'
      Server:
      - WEBrick/1.3.1 (Ruby/2.2.1/2015-02-26)
      Date:
      - Sun, 13 Dec 2015 01:31:17 GMT
      Content-Length:
      - '15'
      Connection:
      - Keep-Alive
    body:
      encoding: UTF-8
      string: '{"articles":[]}'
    http_version: 
  recorded_at: Sun, 13 Dec 2015 01:31:17 GMT
- request:
    method: get
    uri: http://localhost:9292/api/events?access_token=90bc68f143f6b5fea3c0b6cedd5784e6ac61248ca39aa87372922d99eb4f8395&universe_id=229
    body:
      encoding: US-ASCII
      string: ''
    headers:
      Accept-Encoding:
      - gzip;q=1.0,deflate;q=0.6,identity;q=0.3
      Accept:
      - "*/*"
      User-Agent:
      - Ruby
      Host:
      - localhost:9292
  response:
    status:
      code: 200
      message: 'OK '
    headers:
      X-Frame-Options:
      - SAMEORIGIN
      X-Xss-Protection:
      - 1; mode=block
      X-Content-Type-Options:
      - nosniff
      Content-Type:
      - application/json; charset=utf-8
      Etag:
      - W/"690961d6777f121f1e15f4f87e4ac5c1"
      Cache-Control:
      - max-age=0, private, must-revalidate
      X-Request-Id:
      - af760e15-4d97-47df-918e-0f47d879e820
      X-Runtime:
      - '0.003544'
      Server:
      - WEBrick/1.3.1 (Ruby/2.2.1/2015-02-26)
      Date:
      - Sun, 13 Dec 2015 01:31:17 GMT
      Content-Length:
      - '77'
      Connection:
      - Keep-Alive
    body:
      encoding: UTF-8
      string: '{"events":[{"id":92,"title":"The Beginning"},{"id":93,"title":"The
        Middle"}]}'
    http_version: 
  recorded_at: Sun, 13 Dec 2015 01:31:17 GMT
- request:
    method: post
    uri: http://localhost:9292/api/steps?access_token=90bc68f143f6b5fea3c0b6cedd5784e6ac61248ca39aa87372922d99eb4f8395
    body:
      encoding: US-ASCII
      string: step%5Bchild_id%5D=93&step%5Bparent_id%5D=92
    headers:
      Accept-Encoding:
      - gzip;q=1.0,deflate;q=0.6,identity;q=0.3
      Accept:
      - "*/*"
      User-Agent:
      - Ruby
      Host:
      - localhost:9292
  response:
    status:
      code: 200
      message: 'OK '
    headers:
      X-Frame-Options:
      - SAMEORIGIN
      X-Xss-Protection:
      - 1; mode=block
      X-Content-Type-Options:
      - nosniff
      Content-Type:
      - application/json; charset=utf-8
      Etag:
      - W/"5fd0ae640dd32895fcaf56e7d1ad723d"
      Cache-Control:
      - max-age=0, private, must-revalidate
      X-Request-Id:
      - 27b2894e-fb91-43c9-8e68-db509b4abc14
      X-Runtime:
      - '0.004527'
      Server:
      - WEBrick/1.3.1 (Ruby/2.2.1/2015-02-26)
      Date:
      - Sun, 13 Dec 2015 01:31:17 GMT
      Content-Length:
      - '47'
      Connection:
      - Keep-Alive
      Set-Cookie:
      - request_method=POST; path=/
    body:
      encoding: UTF-8
      string: '{"step":{"id":19,"parent_id":92,"child_id":93}}'
    http_version: 
  recorded_at: Sun, 13 Dec 2015 01:31:17 GMT
- request:
    method: get
    uri: http://localhost:9292/api/events/93?access_token=90bc68f143f6b5fea3c0b6cedd5784e6ac61248ca39aa87372922d99eb4f8395
    body:
      encoding: US-ASCII
      string: ''
    headers:
      Accept-Encoding:
      - gzip;q=1.0,deflate;q=0.6,identity;q=0.3
      Accept:
      - "*/*"
      User-Agent:
      - Ruby
      Host:
      - localhost:9292
  response:
    status:
      code: 200
      message: 'OK '
    headers:
      X-Frame-Options:
      - SAMEORIGIN
      X-Xss-Protection:
      - 1; mode=block
      X-Content-Type-Options:
      - nosniff
      Content-Type:
      - application/json; charset=utf-8
      Etag:
      - W/"dc02b5eed9ac9cf9a240a3d5ca3ba5b0"
      Cache-Control:
      - max-age=0, private, must-revalidate
      X-Request-Id:
      - e3fe2efb-c963-4b01-93a5-e84e291395b7
      X-Runtime:
      - '0.007862'
      Server:
      - WEBrick/1.3.1 (Ruby/2.2.1/2015-02-26)
      Date:
      - Sun, 13 Dec 2015 01:31:17 GMT
      Content-Length:
      - '142'
      Connection:
      - Keep-Alive
    body:
      encoding: UTF-8
      string: '{"event":{"id":93,"title":"The Middle","parents":[{"id":92,"title":"The
        Beginning"}],"children":[],"participants":[],"notes":[],"remarks":[]}}'
    http_version: 
  recorded_at: Sun, 13 Dec 2015 01:31:17 GMT
- request:
    method: get
    uri: http://localhost:9292/api/articles?access_token=90bc68f143f6b5fea3c0b6cedd5784e6ac61248ca39aa87372922d99eb4f8395&universe_id=229
    body:
      encoding: US-ASCII
      string: ''
    headers:
      Accept-Encoding:
      - gzip;q=1.0,deflate;q=0.6,identity;q=0.3
      Accept:
      - "*/*"
      User-Agent:
      - Ruby
      Host:
      - localhost:9292
  response:
    status:
      code: 200
      message: 'OK '
    headers:
      X-Frame-Options:
      - SAMEORIGIN
      X-Xss-Protection:
      - 1; mode=block
      X-Content-Type-Options:
      - nosniff
      Content-Type:
      - application/json; charset=utf-8
      Etag:
      - W/"73c795a6aa401e4c89232bf973a98514"
      Cache-Control:
      - max-age=0, private, must-revalidate
      X-Request-Id:
      - ddc7e6cb-3a21-4cca-b40b-33e61858c4dc
      X-Runtime:
      - '0.002961'
      Server:
      - WEBrick/1.3.1 (Ruby/2.2.1/2015-02-26)
      Date:
      - Sun, 13 Dec 2015 01:31:17 GMT
      Content-Length:
      - '15'
      Connection:
      - Keep-Alive
    body:
      encoding: UTF-8
      string: '{"articles":[]}'
    http_version: 
  recorded_at: Sun, 13 Dec 2015 01:31:17 GMT
- request:
    method: get
    uri: http://localhost:9292/api/events?access_token=90bc68f143f6b5fea3c0b6cedd5784e6ac61248ca39aa87372922d99eb4f8395&universe_id=229
    body:
      encoding: US-ASCII
      string: ''
    headers:
      Accept-Encoding:
      - gzip;q=1.0,deflate;q=0.6,identity;q=0.3
      Accept:
      - "*/*"
      User-Agent:
      - Ruby
      Host:
      - localhost:9292
  response:
    status:
      code: 200
      message: 'OK '
    headers:
      X-Frame-Options:
      - SAMEORIGIN
      X-Xss-Protection:
      - 1; mode=block
      X-Content-Type-Options:
      - nosniff
      Content-Type:
      - application/json; charset=utf-8
      Etag:
      - W/"690961d6777f121f1e15f4f87e4ac5c1"
      Cache-Control:
      - max-age=0, private, must-revalidate
      X-Request-Id:
      - 5c1ed437-5b6d-4122-b577-abe813aeb897
      X-Runtime:
      - '0.003699'
      Server:
      - WEBrick/1.3.1 (Ruby/2.2.1/2015-02-26)
      Date:
      - Sun, 13 Dec 2015 01:31:17 GMT
      Content-Length:
      - '77'
      Connection:
      - Keep-Alive
    body:
      encoding: UTF-8
      string: '{"events":[{"id":92,"title":"The Beginning"},{"id":93,"title":"The
        Middle"}]}'
    http_version: 
  recorded_at: Sun, 13 Dec 2015 01:31:17 GMT
- request:
    method: delete
    uri: http://localhost:9292/api/steps?access_token=90bc68f143f6b5fea3c0b6cedd5784e6ac61248ca39aa87372922d99eb4f8395
    body:
      encoding: US-ASCII
      string: ''
    headers:
      Depth:
      - Infinity
      Accept-Encoding:
      - gzip;q=1.0,deflate;q=0.6,identity;q=0.3
      Accept:
      - "*/*"
      User-Agent:
      - Ruby
      Host:
      - localhost:9292
  response:
    status:
      code: 200
      message: 'OK '
    headers:
      X-Frame-Options:
      - SAMEORIGIN
      X-Xss-Protection:
      - 1; mode=block
      X-Content-Type-Options:
      - nosniff
      Content-Type:
      - application/json; charset=utf-8
      Etag:
      - W/"f584973b02f082b6299382adcb713925"
      Cache-Control:
      - max-age=0, private, must-revalidate
      X-Request-Id:
      - 906476ea-76c9-4a7d-9238-98dd5f97d51e
      X-Runtime:
      - '0.004535'
      Server:
      - WEBrick/1.3.1 (Ruby/2.2.1/2015-02-26)
      Date:
      - Sun, 13 Dec 2015 01:31:17 GMT
      Content-Length:
      - '50'
      Connection:
      - Keep-Alive
      Set-Cookie:
      - request_method=DELETE; path=/
    body:
      encoding: UTF-8
      string: '{"steps":[{"id":19,"parent_id":92,"child_id":93}]}'
    http_version: 
  recorded_at: Sun, 13 Dec 2015 01:31:17 GMT
- request:
    method: delete
    uri: http://localhost:9292/api/events
    body:
      encoding: US-ASCII
      string: ''
    headers:
      Content-Type:
      - application/json
      Accept-Encoding:
      - gzip;q=1.0,deflate;q=0.6,identity;q=0.3
      Accept:
      - application/vnd.example.t1
      User-Agent:
      - Ruby
  response:
    status:
      code: 200
      message: 'OK '
    headers:
      X-Frame-Options:
      - SAMEORIGIN
      X-Xss-Protection:
      - 1; mode=block
      X-Content-Type-Options:
      - nosniff
      Content-Type:
      - application/json; charset=utf-8
      Etag:
      - W/"f3e70a9b68b912a399a8a52154fe8a8a"
      Cache-Control:
      - max-age=0, private, must-revalidate
      X-Request-Id:
      - decfbaca-a91a-46c8-949b-73fb573f875b
      X-Runtime:
      - '0.003617'
      Server:
      - WEBrick/1.3.1 (Ruby/2.2.1/2015-02-26)
      Date:
      - Sun, 13 Dec 2015 01:31:17 GMT
      Content-Length:
      - '12'
      Connection:
      - Keep-Alive
      Set-Cookie:
      - request_method=DELETE; path=/
    body:
      encoding: UTF-8
      string: '{"events":2}'
    http_version: 
  recorded_at: Sun, 13 Dec 2015 01:31:17 GMT
- request:
    method: delete
    uri: http://localhost:9292/api/universes
    body:
      encoding: US-ASCII
      string: ''
    headers:
      Content-Type:
      - application/json
      Accept-Encoding:
      - gzip;q=1.0,deflate;q=0.6,identity;q=0.3
      Accept:
      - application/vnd.example.t1
      User-Agent:
      - Ruby
  response:
    status:
      code: 200
      message: 'OK '
    headers:
      X-Frame-Options:
      - SAMEORIGIN
      X-Xss-Protection:
      - 1; mode=block
      X-Content-Type-Options:
      - nosniff
      Content-Type:
      - application/json; charset=utf-8
      Etag:
      - W/"6519637630c90849a719a82bda0a2a9a"
      Cache-Control:
      - max-age=0, private, must-revalidate
      X-Request-Id:
      - 37b2d5d7-9a3c-4fed-beae-1e47c05f138c
      X-Runtime:
      - '0.004241'
      Server:
      - WEBrick/1.3.1 (Ruby/2.2.1/2015-02-26)
      Date:
      - Sun, 13 Dec 2015 01:31:17 GMT
      Content-Length:
      - '56'
      Connection:
      - Keep-Alive
      Set-Cookie:
      - request_method=DELETE; path=/
    body:
      encoding: UTF-8
      string: '{"universes":[{"id":229,"title":"The Path of Daggers"}]}'
    http_version: 
  recorded_at: Sun, 13 Dec 2015 01:31:17 GMT
recorded_with: VCR 2.9.3
