---
http_interactions:
- request:
    method: post
    uri: http://localhost:9292/api/universes?access_token=90bc68f143f6b5fea3c0b6cedd5784e6ac61248ca39aa87372922d99eb4f8395
    body:
      encoding: US-ASCII
      string: universe%5Btitle%5D=Game+of+Thrones
    headers:
      Accept-Encoding:
      - gzip;q=1.0,deflate;q=0.6,identity;q=0.3
      Accept:
      - "*/*"
      User-Agent:
      - Ruby
      Host:
      - localhost:9292
  response:
    status:
      code: 200
      message: 'OK '
    headers:
      X-Frame-Options:
      - SAMEORIGIN
      X-Xss-Protection:
      - 1; mode=block
      X-Content-Type-Options:
      - nosniff
      Content-Type:
      - application/json; charset=utf-8
      Etag:
      - W/"76639f4a0400fcc1b97f21681eb64adf"
      Cache-Control:
      - max-age=0, private, must-revalidate
      X-Request-Id:
      - 3b91ed60-0cff-4505-99fe-6d24064113b7
      X-Runtime:
      - '0.004361'
      Server:
      - WEBrick/1.3.1 (Ruby/2.2.1/2015-02-26)
      Date:
      - Mon, 07 Dec 2015 17:47:00 GMT
      Content-Length:
      - '50'
      Connection:
      - Keep-Alive
      Set-Cookie:
      - request_method=POST; path=/
    body:
      encoding: UTF-8
      string: '{"universe":{"id":7104,"title":"Game of Thrones"}}'
    http_version: 
  recorded_at: Mon, 07 Dec 2015 17:47:00 GMT
- request:
    method: get
    uri: http://localhost:9292/api/universes?access_token=90bc68f143f6b5fea3c0b6cedd5784e6ac61248ca39aa87372922d99eb4f8395
    body:
      encoding: US-ASCII
      string: ''
    headers:
      Accept-Encoding:
      - gzip;q=1.0,deflate;q=0.6,identity;q=0.3
      Accept:
      - "*/*"
      User-Agent:
      - Ruby
      Host:
      - localhost:9292
  response:
    status:
      code: 200
      message: 'OK '
    headers:
      X-Frame-Options:
      - SAMEORIGIN
      X-Xss-Protection:
      - 1; mode=block
      X-Content-Type-Options:
      - nosniff
      Content-Type:
      - application/json; charset=utf-8
      Etag:
      - W/"b6d36abb35bd020ae645f43a5b09590e"
      Cache-Control:
      - max-age=0, private, must-revalidate
      X-Request-Id:
      - 22b9ec08-5f14-4a31-98f2-108856f5685b
      X-Runtime:
      - '0.003234'
      Server:
      - WEBrick/1.3.1 (Ruby/2.2.1/2015-02-26)
      Date:
      - Mon, 07 Dec 2015 17:47:00 GMT
      Content-Length:
      - '53'
      Connection:
      - Keep-Alive
    body:
      encoding: UTF-8
      string: '{"universes":[{"id":7104,"title":"Game of Thrones"}]}'
    http_version: 
  recorded_at: Mon, 07 Dec 2015 17:47:00 GMT
- request:
    method: get
    uri: http://localhost:9292/api/universes/7104?access_token=90bc68f143f6b5fea3c0b6cedd5784e6ac61248ca39aa87372922d99eb4f8395
    body:
      encoding: US-ASCII
      string: ''
    headers:
      Accept-Encoding:
      - gzip;q=1.0,deflate;q=0.6,identity;q=0.3
      Accept:
      - "*/*"
      User-Agent:
      - Ruby
      Host:
      - localhost:9292
  response:
    status:
      code: 200
      message: 'OK '
    headers:
      X-Frame-Options:
      - SAMEORIGIN
      X-Xss-Protection:
      - 1; mode=block
      X-Content-Type-Options:
      - nosniff
      Content-Type:
      - application/json; charset=utf-8
      Etag:
      - W/"3dc9be35e103ea1fdb6478cff025eed5"
      Cache-Control:
      - max-age=0, private, must-revalidate
      X-Request-Id:
      - c8e66ebd-72ea-4e81-9800-a2df716ab77f
      X-Runtime:
      - '0.003492'
      Server:
      - WEBrick/1.3.1 (Ruby/2.2.1/2015-02-26)
      Date:
      - Mon, 07 Dec 2015 17:47:00 GMT
      Content-Length:
      - '64'
      Connection:
      - Keep-Alive
    body:
      encoding: UTF-8
      string: '{"universe":{"id":7104,"title":"Game of Thrones","articles":[]}}'
    http_version: 
  recorded_at: Mon, 07 Dec 2015 17:47:00 GMT
- request:
    method: post
    uri: http://localhost:9292/api/events?access_token=90bc68f143f6b5fea3c0b6cedd5784e6ac61248ca39aa87372922d99eb4f8395
    body:
      encoding: US-ASCII
      string: event%5Btitle%5D=Green+wedding&event%5Buniverse_id%5D=7104
    headers:
      Accept-Encoding:
      - gzip;q=1.0,deflate;q=0.6,identity;q=0.3
      Accept:
      - "*/*"
      User-Agent:
      - Ruby
      Host:
      - localhost:9292
  response:
    status:
      code: 200
      message: 'OK '
    headers:
      X-Frame-Options:
      - SAMEORIGIN
      X-Xss-Protection:
      - 1; mode=block
      X-Content-Type-Options:
      - nosniff
      Content-Type:
      - application/json; charset=utf-8
      Etag:
      - W/"7cb38977fa34ea8afbf61c5df1cbb286"
      Cache-Control:
      - max-age=0, private, must-revalidate
      X-Request-Id:
      - f297bb0f-1e07-4205-9cb0-8961f6679c83
      X-Runtime:
      - '0.005927'
      Server:
      - WEBrick/1.3.1 (Ruby/2.2.1/2015-02-26)
      Date:
      - Mon, 07 Dec 2015 17:47:00 GMT
      Content-Length:
      - '45'
      Connection:
      - Keep-Alive
      Set-Cookie:
      - request_method=POST; path=/
    body:
      encoding: UTF-8
      string: '{"event":{"id":4433,"title":"Green wedding"}}'
    http_version: 
  recorded_at: Mon, 07 Dec 2015 17:47:00 GMT
- request:
    method: post
    uri: http://localhost:9292/api/events?access_token=90bc68f143f6b5fea3c0b6cedd5784e6ac61248ca39aa87372922d99eb4f8395
    body:
      encoding: US-ASCII
      string: event%5Btitle%5D=Yellow+wedding&event%5Buniverse_id%5D=7104
    headers:
      Accept-Encoding:
      - gzip;q=1.0,deflate;q=0.6,identity;q=0.3
      Accept:
      - "*/*"
      User-Agent:
      - Ruby
      Host:
      - localhost:9292
  response:
    status:
      code: 200
      message: 'OK '
    headers:
      X-Frame-Options:
      - SAMEORIGIN
      X-Xss-Protection:
      - 1; mode=block
      X-Content-Type-Options:
      - nosniff
      Content-Type:
      - application/json; charset=utf-8
      Etag:
      - W/"536fb420ee9363c8a74fe9864e3e8e32"
      Cache-Control:
      - max-age=0, private, must-revalidate
      X-Request-Id:
      - d324e221-43ff-4b69-bca3-f1a3a243a847
      X-Runtime:
      - '0.005533'
      Server:
      - WEBrick/1.3.1 (Ruby/2.2.1/2015-02-26)
      Date:
      - Mon, 07 Dec 2015 17:47:00 GMT
      Content-Length:
      - '46'
      Connection:
      - Keep-Alive
      Set-Cookie:
      - request_method=POST; path=/
    body:
      encoding: UTF-8
      string: '{"event":{"id":4434,"title":"Yellow wedding"}}'
    http_version: 
  recorded_at: Mon, 07 Dec 2015 17:47:00 GMT
- request:
    method: get
    uri: http://localhost:9292/api/events?access_token=90bc68f143f6b5fea3c0b6cedd5784e6ac61248ca39aa87372922d99eb4f8395&universe_id=7104
    body:
      encoding: US-ASCII
      string: ''
    headers:
      Accept-Encoding:
      - gzip;q=1.0,deflate;q=0.6,identity;q=0.3
      Accept:
      - "*/*"
      User-Agent:
      - Ruby
      Host:
      - localhost:9292
  response:
    status:
      code: 200
      message: 'OK '
    headers:
      X-Frame-Options:
      - SAMEORIGIN
      X-Xss-Protection:
      - 1; mode=block
      X-Content-Type-Options:
      - nosniff
      Content-Type:
      - application/json; charset=utf-8
      Etag:
      - W/"9556abe558554035547ee9c031c79e10"
      Cache-Control:
      - max-age=0, private, must-revalidate
      X-Request-Id:
      - 86db1cf6-6ef2-4fe0-bb0e-c0a007cd3b03
      X-Runtime:
      - '0.003530'
      Server:
      - WEBrick/1.3.1 (Ruby/2.2.1/2015-02-26)
      Date:
      - Mon, 07 Dec 2015 17:47:00 GMT
      Content-Length:
      - '85'
      Connection:
      - Keep-Alive
    body:
      encoding: UTF-8
      string: '{"events":[{"id":4433,"title":"Green wedding"},{"id":4434,"title":"Yellow
        wedding"}]}'
    http_version: 
  recorded_at: Mon, 07 Dec 2015 17:47:00 GMT
- request:
    method: post
    uri: http://localhost:9292/api/events?access_token=90bc68f143f6b5fea3c0b6cedd5784e6ac61248ca39aa87372922d99eb4f8395
    body:
      encoding: US-ASCII
      string: event%5Bchild_tokens%5D=4434&event%5Bparent_tokens%5D=4433&event%5Btitle%5D=Red+wedding&event%5Buniverse_id%5D=7104
    headers:
      Accept-Encoding:
      - gzip;q=1.0,deflate;q=0.6,identity;q=0.3
      Accept:
      - "*/*"
      User-Agent:
      - Ruby
      Host:
      - localhost:9292
  response:
    status:
      code: 200
      message: 'OK '
    headers:
      X-Frame-Options:
      - SAMEORIGIN
      X-Xss-Protection:
      - 1; mode=block
      X-Content-Type-Options:
      - nosniff
      Content-Type:
      - application/json; charset=utf-8
      Etag:
      - W/"f1aa6d98128c45d89d60ccd351ae50c9"
      Cache-Control:
      - max-age=0, private, must-revalidate
      X-Request-Id:
      - 54370e6d-c0b9-4612-92de-ccf2e5dccedc
      X-Runtime:
      - '0.255758'
      Server:
      - WEBrick/1.3.1 (Ruby/2.2.1/2015-02-26)
      Date:
      - Mon, 07 Dec 2015 17:47:01 GMT
      Content-Length:
      - '43'
      Connection:
      - Keep-Alive
      Set-Cookie:
      - request_method=POST; path=/
    body:
      encoding: UTF-8
      string: '{"event":{"id":4435,"title":"Red wedding"}}'
    http_version: 
  recorded_at: Mon, 07 Dec 2015 17:47:01 GMT
- request:
    method: get
    uri: http://localhost:9292/api/events/4435?access_token=90bc68f143f6b5fea3c0b6cedd5784e6ac61248ca39aa87372922d99eb4f8395
    body:
      encoding: US-ASCII
      string: ''
    headers:
      Accept-Encoding:
      - gzip;q=1.0,deflate;q=0.6,identity;q=0.3
      Accept:
      - "*/*"
      User-Agent:
      - Ruby
      Host:
      - localhost:9292
  response:
    status:
      code: 200
      message: 'OK '
    headers:
      X-Frame-Options:
      - SAMEORIGIN
      X-Xss-Protection:
      - 1; mode=block
      X-Content-Type-Options:
      - nosniff
      Content-Type:
      - application/json; charset=utf-8
      Etag:
      - W/"b8a1349a51f2d985b0d3fd6071e5edcf"
      Cache-Control:
      - max-age=0, private, must-revalidate
      X-Request-Id:
      - 359aa2f6-4b6c-4080-a5a5-74b2e3fe050c
      X-Runtime:
      - '0.007067'
      Server:
      - WEBrick/1.3.1 (Ruby/2.2.1/2015-02-26)
      Date:
      - Mon, 07 Dec 2015 17:47:01 GMT
      Content-Length:
      - '172'
      Connection:
      - Keep-Alive
    body:
      encoding: UTF-8
      string: '{"event":{"id":4435,"title":"Red wedding","parents":[{"id":4433,"title":"Green
        wedding"}],"children":[{"id":4434,"title":"Yellow wedding"}],"participants":[],"remarks":[]}}'
    http_version: 
  recorded_at: Mon, 07 Dec 2015 17:47:01 GMT
- request:
    method: get
    uri: http://localhost:9292/api/articles?access_token=90bc68f143f6b5fea3c0b6cedd5784e6ac61248ca39aa87372922d99eb4f8395&universe_id=7104
    body:
      encoding: US-ASCII
      string: ''
    headers:
      Accept-Encoding:
      - gzip;q=1.0,deflate;q=0.6,identity;q=0.3
      Accept:
      - "*/*"
      User-Agent:
      - Ruby
      Host:
      - localhost:9292
  response:
    status:
      code: 200
      message: 'OK '
    headers:
      X-Frame-Options:
      - SAMEORIGIN
      X-Xss-Protection:
      - 1; mode=block
      X-Content-Type-Options:
      - nosniff
      Content-Type:
      - application/json; charset=utf-8
      Etag:
      - W/"73c795a6aa401e4c89232bf973a98514"
      Cache-Control:
      - max-age=0, private, must-revalidate
      X-Request-Id:
      - 52849b8c-f84d-4a70-aacd-3f8a7df8dfee
      X-Runtime:
      - '0.003042'
      Server:
      - WEBrick/1.3.1 (Ruby/2.2.1/2015-02-26)
      Date:
      - Mon, 07 Dec 2015 17:47:01 GMT
      Content-Length:
      - '15'
      Connection:
      - Keep-Alive
    body:
      encoding: UTF-8
      string: '{"articles":[]}'
    http_version: 
  recorded_at: Mon, 07 Dec 2015 17:47:01 GMT
- request:
    method: get
    uri: http://localhost:9292/api/events?access_token=90bc68f143f6b5fea3c0b6cedd5784e6ac61248ca39aa87372922d99eb4f8395&universe_id=7104
    body:
      encoding: US-ASCII
      string: ''
    headers:
      Accept-Encoding:
      - gzip;q=1.0,deflate;q=0.6,identity;q=0.3
      Accept:
      - "*/*"
      User-Agent:
      - Ruby
      Host:
      - localhost:9292
  response:
    status:
      code: 200
      message: 'OK '
    headers:
      X-Frame-Options:
      - SAMEORIGIN
      X-Xss-Protection:
      - 1; mode=block
      X-Content-Type-Options:
      - nosniff
      Content-Type:
      - application/json; charset=utf-8
      Etag:
      - W/"0809f9910214fe47b7569291750a8eaf"
      Cache-Control:
      - max-age=0, private, must-revalidate
      X-Request-Id:
      - 3bdde3c5-9c03-4e1d-97c4-c741b3354d23
      X-Runtime:
      - '0.004958'
      Server:
      - WEBrick/1.3.1 (Ruby/2.2.1/2015-02-26)
      Date:
      - Mon, 07 Dec 2015 17:47:01 GMT
      Content-Length:
      - '119'
      Connection:
      - Keep-Alive
    body:
      encoding: UTF-8
      string: '{"events":[{"id":4433,"title":"Green wedding"},{"id":4434,"title":"Yellow
        wedding"},{"id":4435,"title":"Red wedding"}]}'
    http_version: 
  recorded_at: Mon, 07 Dec 2015 17:47:01 GMT
- request:
    method: delete
    uri: http://localhost:9292/api/steps?access_token=90bc68f143f6b5fea3c0b6cedd5784e6ac61248ca39aa87372922d99eb4f8395
    body:
      encoding: US-ASCII
      string: ''
    headers:
      Depth:
      - Infinity
      Accept-Encoding:
      - gzip;q=1.0,deflate;q=0.6,identity;q=0.3
      Accept:
      - "*/*"
      User-Agent:
      - Ruby
      Host:
      - localhost:9292
  response:
    status:
      code: 200
      message: 'OK '
    headers:
      X-Frame-Options:
      - SAMEORIGIN
      X-Xss-Protection:
      - 1; mode=block
      X-Content-Type-Options:
      - nosniff
      Content-Type:
      - application/json; charset=utf-8
      Etag:
      - W/"2a1ab282b0fb93563653ce327f46c4e8"
      Cache-Control:
      - max-age=0, private, must-revalidate
      X-Request-Id:
      - 893e723a-131a-4627-8621-9d3661f6c4f2
      X-Runtime:
      - '0.005621'
      Server:
      - WEBrick/1.3.1 (Ruby/2.2.1/2015-02-26)
      Date:
      - Mon, 07 Dec 2015 17:47:01 GMT
      Content-Length:
      - '101'
      Connection:
      - Keep-Alive
      Set-Cookie:
      - request_method=DELETE; path=/
    body:
      encoding: UTF-8
      string: '{"steps":[{"id":2002,"parent_id":4433,"child_id":4435},{"id":2003,"parent_id":4435,"child_id":4434}]}'
    http_version: 
  recorded_at: Mon, 07 Dec 2015 17:47:01 GMT
- request:
    method: delete
    uri: http://localhost:9292/api/events?access_token=90bc68f143f6b5fea3c0b6cedd5784e6ac61248ca39aa87372922d99eb4f8395
    body:
      encoding: US-ASCII
      string: ''
    headers:
      Depth:
      - Infinity
      Accept-Encoding:
      - gzip;q=1.0,deflate;q=0.6,identity;q=0.3
      Accept:
      - "*/*"
      User-Agent:
      - Ruby
      Host:
      - localhost:9292
  response:
    status:
      code: 200
      message: 'OK '
    headers:
      X-Frame-Options:
      - SAMEORIGIN
      X-Xss-Protection:
      - 1; mode=block
      X-Content-Type-Options:
      - nosniff
      Content-Type:
      - application/json; charset=utf-8
      Etag:
      - W/"3075d879a4f8df3afca3d1238b5a0876"
      Cache-Control:
      - max-age=0, private, must-revalidate
      X-Request-Id:
      - 6c3ccbf2-19a4-4f56-8e52-ca3cd6bb8d02
      X-Runtime:
      - '0.003034'
      Server:
      - WEBrick/1.3.1 (Ruby/2.2.1/2015-02-26)
      Date:
      - Mon, 07 Dec 2015 17:47:01 GMT
      Content-Length:
      - '12'
      Connection:
      - Keep-Alive
      Set-Cookie:
      - request_method=DELETE; path=/
    body:
      encoding: UTF-8
      string: '{"events":3}'
    http_version: 
  recorded_at: Mon, 07 Dec 2015 17:47:01 GMT
- request:
    method: delete
    uri: http://localhost:9292/api/universes?access_token=90bc68f143f6b5fea3c0b6cedd5784e6ac61248ca39aa87372922d99eb4f8395
    body:
      encoding: US-ASCII
      string: ''
    headers:
      Depth:
      - Infinity
      Accept-Encoding:
      - gzip;q=1.0,deflate;q=0.6,identity;q=0.3
      Accept:
      - "*/*"
      User-Agent:
      - Ruby
      Host:
      - localhost:9292
  response:
    status:
      code: 200
      message: 'OK '
    headers:
      X-Frame-Options:
      - SAMEORIGIN
      X-Xss-Protection:
      - 1; mode=block
      X-Content-Type-Options:
      - nosniff
      Content-Type:
      - application/json; charset=utf-8
      Etag:
      - W/"b6d36abb35bd020ae645f43a5b09590e"
      Cache-Control:
      - max-age=0, private, must-revalidate
      X-Request-Id:
      - 31246b4e-fbcf-4a78-95f7-57e0857cc0d3
      X-Runtime:
      - '0.004515'
      Server:
      - WEBrick/1.3.1 (Ruby/2.2.1/2015-02-26)
      Date:
      - Mon, 07 Dec 2015 17:47:01 GMT
      Content-Length:
      - '53'
      Connection:
      - Keep-Alive
      Set-Cookie:
      - request_method=DELETE; path=/
    body:
      encoding: UTF-8
      string: '{"universes":[{"id":7104,"title":"Game of Thrones"}]}'
    http_version: 
  recorded_at: Mon, 07 Dec 2015 17:47:01 GMT
recorded_with: VCR 2.9.3
