---
http_interactions:
- request:
    method: post
    uri: http://localhost:9292/api/universes?access_token=90bc68f143f6b5fea3c0b6cedd5784e6ac61248ca39aa87372922d99eb4f8395
    body:
      encoding: US-ASCII
      string: universe%5Btitle%5D=The+Malazan+Empire
    headers:
      Accept-Encoding:
      - gzip;q=1.0,deflate;q=0.6,identity;q=0.3
      Accept:
      - "*/*"
      User-Agent:
      - Ruby
      Host:
      - localhost:9292
  response:
    status:
      code: 200
      message: 'OK '
    headers:
      X-Frame-Options:
      - SAMEORIGIN
      X-Xss-Protection:
      - 1; mode=block
      X-Content-Type-Options:
      - nosniff
      Content-Type:
      - application/json; charset=utf-8
      Etag:
      - W/"36320b78366a095baeb7bdfee846079b"
      Cache-Control:
      - max-age=0, private, must-revalidate
      X-Request-Id:
      - a5a2b052-54c5-4eca-ac9b-223b01ac6a7f
      X-Runtime:
      - '0.008650'
      Server:
      - WEBrick/1.3.1 (Ruby/2.2.1/2015-02-26)
      Date:
      - Thu, 25 Aug 2016 09:21:57 GMT
      Content-Length:
      - '52'
      Connection:
      - Keep-Alive
      Set-Cookie:
      - request_method=POST; path=/
    body:
      encoding: UTF-8
      string: '{"universe":{"id":792,"title":"The Malazan Empire"}}'
    http_version: 
  recorded_at: Thu, 25 Aug 2016 09:21:57 GMT
- request:
    method: get
    uri: http://localhost:9292/api/universes?access_token=90bc68f143f6b5fea3c0b6cedd5784e6ac61248ca39aa87372922d99eb4f8395
    body:
      encoding: US-ASCII
      string: ''
    headers:
      Accept-Encoding:
      - gzip;q=1.0,deflate;q=0.6,identity;q=0.3
      Accept:
      - "*/*"
      User-Agent:
      - Ruby
      Host:
      - localhost:9292
  response:
    status:
      code: 200
      message: 'OK '
    headers:
      X-Frame-Options:
      - SAMEORIGIN
      X-Xss-Protection:
      - 1; mode=block
      X-Content-Type-Options:
      - nosniff
      Content-Type:
      - application/json; charset=utf-8
      Etag:
      - W/"72a6fccdad2dece2a5cabbb23ab36d2b"
      Cache-Control:
      - max-age=0, private, must-revalidate
      X-Request-Id:
      - dff5a243-4be4-4c56-9468-0bd7dfcd439b
      X-Runtime:
      - '0.001923'
      Server:
      - WEBrick/1.3.1 (Ruby/2.2.1/2015-02-26)
      Date:
      - Thu, 25 Aug 2016 09:21:57 GMT
      Content-Length:
      - '55'
      Connection:
      - Keep-Alive
    body:
      encoding: UTF-8
      string: '{"universes":[{"id":792,"title":"The Malazan Empire"}]}'
    http_version: 
  recorded_at: Thu, 25 Aug 2016 09:21:57 GMT
- request:
    method: get
    uri: http://localhost:9292/api/universes/792?access_token=90bc68f143f6b5fea3c0b6cedd5784e6ac61248ca39aa87372922d99eb4f8395
    body:
      encoding: US-ASCII
      string: ''
    headers:
      Accept-Encoding:
      - gzip;q=1.0,deflate;q=0.6,identity;q=0.3
      Accept:
      - "*/*"
      User-Agent:
      - Ruby
      Host:
      - localhost:9292
  response:
    status:
      code: 200
      message: 'OK '
    headers:
      X-Frame-Options:
      - SAMEORIGIN
      X-Xss-Protection:
      - 1; mode=block
      X-Content-Type-Options:
      - nosniff
      Content-Type:
      - application/json; charset=utf-8
      Etag:
      - W/"274aa6b2d8be071020886fb8d156bd06"
      Cache-Control:
      - max-age=0, private, must-revalidate
      X-Request-Id:
      - 901fea90-8f76-4f13-ac75-a2bbd27c625a
      X-Runtime:
      - '0.002324'
      Server:
      - WEBrick/1.3.1 (Ruby/2.2.1/2015-02-26)
      Date:
      - Thu, 25 Aug 2016 09:21:57 GMT
      Content-Length:
      - '66'
      Connection:
      - Keep-Alive
    body:
      encoding: UTF-8
      string: '{"universe":{"id":792,"title":"The Malazan Empire","articles":[]}}'
    http_version: 
  recorded_at: Thu, 25 Aug 2016 09:21:57 GMT
- request:
    method: get
    uri: http://localhost:9292/api/article_types?access_token=90bc68f143f6b5fea3c0b6cedd5784e6ac61248ca39aa87372922d99eb4f8395
    body:
      encoding: US-ASCII
      string: ''
    headers:
      Accept-Encoding:
      - gzip;q=1.0,deflate;q=0.6,identity;q=0.3
      Accept:
      - "*/*"
      User-Agent:
      - Ruby
      Host:
      - localhost:9292
  response:
    status:
      code: 200
      message: 'OK '
    headers:
      X-Frame-Options:
      - SAMEORIGIN
      X-Xss-Protection:
      - 1; mode=block
      X-Content-Type-Options:
      - nosniff
      Content-Type:
      - application/json; charset=utf-8
      Etag:
      - W/"535de44376bee608dd0c348eb069f3e5"
      Cache-Control:
      - max-age=0, private, must-revalidate
      X-Request-Id:
      - 9520121c-5e02-46a1-9e4f-2948a58ad548
      X-Runtime:
      - '0.001464'
      Server:
      - WEBrick/1.3.1 (Ruby/2.2.1/2015-02-26)
      Date:
      - Thu, 25 Aug 2016 09:21:57 GMT
      Content-Length:
      - '180'
      Connection:
      - Keep-Alive
    body:
      encoding: UTF-8
      string: '{"article_types":["Affiliation","Character","Concept","Family","Group","Item","Location","Magician","Profession","Race","Relic","Religion","Society","Source","Structure","Vessel"]}'
    http_version: 
  recorded_at: Thu, 25 Aug 2016 09:21:57 GMT
- request:
    method: post
    uri: http://localhost:9292/api/articles?access_token=90bc68f143f6b5fea3c0b6cedd5784e6ac61248ca39aa87372922d99eb4f8395
    body:
      encoding: US-ASCII
      string: article%5Bgender%5D=n&article%5Bname%5D=&article%5Btype%5D=Character&article%5Buniverse_id%5D=792
    headers:
      Accept-Encoding:
      - gzip;q=1.0,deflate;q=0.6,identity;q=0.3
      Accept:
      - "*/*"
      User-Agent:
      - Ruby
      Host:
      - localhost:9292
  response:
    status:
      code: 400
      message: 'Bad Request '
    headers:
      X-Frame-Options:
      - SAMEORIGIN
      X-Xss-Protection:
      - 1; mode=block
      X-Content-Type-Options:
      - nosniff
      Content-Type:
      - application/json; charset=utf-8
      Cache-Control:
      - no-cache
      X-Request-Id:
      - 89f64666-7230-4d9e-af6a-b162e101e867
      X-Runtime:
      - '0.004996'
      Server:
      - WEBrick/1.3.1 (Ruby/2.2.1/2015-02-26)
      Date:
      - Thu, 25 Aug 2016 09:21:57 GMT
      Content-Length:
      - '38'
      Connection:
      - Keep-Alive
      Set-Cookie:
      - request_method=POST; path=/
    body:
      encoding: UTF-8
      string: '{"article":{"name":"cannot be blank"}}'
    http_version: 
  recorded_at: Thu, 25 Aug 2016 09:21:57 GMT
- request:
    method: get
    uri: http://localhost:9292/api/article_types?access_token=90bc68f143f6b5fea3c0b6cedd5784e6ac61248ca39aa87372922d99eb4f8395
    body:
      encoding: US-ASCII
      string: ''
    headers:
      Accept-Encoding:
      - gzip;q=1.0,deflate;q=0.6,identity;q=0.3
      Accept:
      - "*/*"
      User-Agent:
      - Ruby
      Host:
      - localhost:9292
  response:
    status:
      code: 200
      message: 'OK '
    headers:
      X-Frame-Options:
      - SAMEORIGIN
      X-Xss-Protection:
      - 1; mode=block
      X-Content-Type-Options:
      - nosniff
      Content-Type:
      - application/json; charset=utf-8
      Etag:
      - W/"535de44376bee608dd0c348eb069f3e5"
      Cache-Control:
      - max-age=0, private, must-revalidate
      X-Request-Id:
      - b991bce3-038e-4f51-8ad5-31ac0406ad7e
      X-Runtime:
      - '0.001439'
      Server:
      - WEBrick/1.3.1 (Ruby/2.2.1/2015-02-26)
      Date:
      - Thu, 25 Aug 2016 09:21:57 GMT
      Content-Length:
      - '180'
      Connection:
      - Keep-Alive
    body:
      encoding: UTF-8
      string: '{"article_types":["Affiliation","Character","Concept","Family","Group","Item","Location","Magician","Profession","Race","Relic","Religion","Society","Source","Structure","Vessel"]}'
    http_version: 
  recorded_at: Thu, 25 Aug 2016 09:21:57 GMT
- request:
    method: delete
    uri: http://localhost:9292/api/universes
    body:
      encoding: US-ASCII
      string: ''
    headers:
      Content-Type:
      - application/json
      Accept-Encoding:
      - gzip;q=1.0,deflate;q=0.6,identity;q=0.3
      Accept:
      - application/vnd.example.t1
      User-Agent:
      - Ruby
  response:
    status:
      code: 200
      message: 'OK '
    headers:
      X-Frame-Options:
      - SAMEORIGIN
      X-Xss-Protection:
      - 1; mode=block
      X-Content-Type-Options:
      - nosniff
      Content-Type:
      - application/json; charset=utf-8
      Etag:
      - W/"72a6fccdad2dece2a5cabbb23ab36d2b"
      Cache-Control:
      - max-age=0, private, must-revalidate
      X-Request-Id:
      - 109609eb-1f25-4fe6-89c2-f242f695bce3
      X-Runtime:
      - '0.003883'
      Server:
      - WEBrick/1.3.1 (Ruby/2.2.1/2015-02-26)
      Date:
      - Thu, 25 Aug 2016 09:21:57 GMT
      Content-Length:
      - '55'
      Connection:
      - Keep-Alive
      Set-Cookie:
      - request_method=DELETE; path=/
    body:
      encoding: UTF-8
      string: '{"universes":[{"id":792,"title":"The Malazan Empire"}]}'
    http_version: 
  recorded_at: Thu, 25 Aug 2016 09:21:57 GMT
recorded_with: VCR 2.9.3
