---
http_interactions:
- request:
    method: post
    uri: http://localhost:9292/api/tags?access_token=90bc68f143f6b5fea3c0b6cedd5784e6ac61248ca39aa87372922d99eb4f8395
    body:
      encoding: US-ASCII
      string: tag%5Btagable_id%5D=&tag%5Btagable_type%5D=&tag%5Btitle%5D=TDP
    headers:
      Accept-Encoding:
      - gzip;q=1.0,deflate;q=0.6,identity;q=0.3
      Accept:
      - "*/*"
      User-Agent:
      - Ruby
      Host:
      - localhost:9292
  response:
    status:
      code: 200
      message: 'OK '
    headers:
      X-Frame-Options:
      - SAMEORIGIN
      X-Xss-Protection:
      - 1; mode=block
      X-Content-Type-Options:
      - nosniff
      Content-Type:
      - application/json; charset=utf-8
      Etag:
      - W/"c6134210cf98fe07f46226440cecc091"
      Cache-Control:
      - max-age=0, private, must-revalidate
      X-Request-Id:
      - 59fd91f2-eae0-4987-b5e1-3b7bccc4bb41
      X-Runtime:
      - '0.028799'
      Server:
      - WEBrick/1.3.1 (Ruby/2.2.1/2015-02-26)
      Date:
      - Tue, 08 Dec 2015 03:41:39 GMT
      Content-Length:
      - '32'
      Connection:
      - Keep-Alive
      Set-Cookie:
      - request_method=POST; path=/
    body:
      encoding: UTF-8
      string: '{"tag":{"id":620,"title":"TDP"}}'
    http_version: 
  recorded_at: Tue, 08 Dec 2015 03:41:39 GMT
- request:
    method: get
    uri: http://localhost:9292/api/tags?access_token=90bc68f143f6b5fea3c0b6cedd5784e6ac61248ca39aa87372922d99eb4f8395
    body:
      encoding: US-ASCII
      string: ''
    headers:
      Accept-Encoding:
      - gzip;q=1.0,deflate;q=0.6,identity;q=0.3
      Accept:
      - "*/*"
      User-Agent:
      - Ruby
      Host:
      - localhost:9292
  response:
    status:
      code: 200
      message: 'OK '
    headers:
      X-Frame-Options:
      - SAMEORIGIN
      X-Xss-Protection:
      - 1; mode=block
      X-Content-Type-Options:
      - nosniff
      Content-Type:
      - application/json; charset=utf-8
      Etag:
      - W/"613263cf8cb2be3c641d4d4a32539815"
      Cache-Control:
      - max-age=0, private, must-revalidate
      X-Request-Id:
      - 47b1608b-3127-42c8-9458-0be659da7fa1
      X-Runtime:
      - '0.002804'
      Server:
      - WEBrick/1.3.1 (Ruby/2.2.1/2015-02-26)
      Date:
      - Tue, 08 Dec 2015 03:41:39 GMT
      Content-Length:
      - '35'
      Connection:
      - Keep-Alive
    body:
      encoding: UTF-8
      string: '{"tags":[{"id":620,"title":"TDP"}]}'
    http_version: 
  recorded_at: Tue, 08 Dec 2015 03:41:39 GMT
- request:
    method: delete
    uri: http://localhost:9292/api/tags?access_token=90bc68f143f6b5fea3c0b6cedd5784e6ac61248ca39aa87372922d99eb4f8395
    body:
      encoding: US-ASCII
      string: ''
    headers:
      Depth:
      - Infinity
      Accept-Encoding:
      - gzip;q=1.0,deflate;q=0.6,identity;q=0.3
      Accept:
      - "*/*"
      User-Agent:
      - Ruby
      Host:
      - localhost:9292
  response:
    status:
      code: 200
      message: 'OK '
    headers:
      X-Frame-Options:
      - SAMEORIGIN
      X-Xss-Protection:
      - 1; mode=block
      X-Content-Type-Options:
      - nosniff
      Content-Type:
      - application/json; charset=utf-8
      Etag:
      - W/"613263cf8cb2be3c641d4d4a32539815"
      Cache-Control:
      - max-age=0, private, must-revalidate
      X-Request-Id:
      - 7b1a0fbb-b92b-458c-abaf-25e2dc5994eb
      X-Runtime:
      - '0.004423'
      Server:
      - WEBrick/1.3.1 (Ruby/2.2.1/2015-02-26)
      Date:
      - Tue, 08 Dec 2015 03:41:39 GMT
      Content-Length:
      - '35'
      Connection:
      - Keep-Alive
      Set-Cookie:
      - request_method=DELETE; path=/
    body:
      encoding: UTF-8
      string: '{"tags":[{"id":620,"title":"TDP"}]}'
    http_version: 
  recorded_at: Tue, 08 Dec 2015 03:41:39 GMT
recorded_with: VCR 2.9.3
