---
http_interactions:
- request:
    method: post
    uri: http://localhost:9292/api/universes?access_token=90bc68f143f6b5fea3c0b6cedd5784e6ac61248ca39aa87372922d99eb4f8395
    body:
      encoding: US-ASCII
      string: universe%5Btitle%5D=The+Malazan+Empire
    headers:
      Accept-Encoding:
      - gzip;q=1.0,deflate;q=0.6,identity;q=0.3
      Accept:
      - "*/*"
      User-Agent:
      - Ruby
      Host:
      - localhost:9292
  response:
    status:
      code: 200
      message: 'OK '
    headers:
      X-Frame-Options:
      - SAMEORIGIN
      X-Xss-Protection:
      - 1; mode=block
      X-Content-Type-Options:
      - nosniff
      Content-Type:
      - application/json; charset=utf-8
      Etag:
      - W/"33efd3adc75e13099866148fcdb6e058"
      Cache-Control:
      - max-age=0, private, must-revalidate
      X-Request-Id:
      - 77ae0227-4262-4b82-ad17-ef2476e27a4a
      X-Runtime:
      - '0.004244'
      Server:
      - WEBrick/1.3.1 (Ruby/2.2.1/2015-02-26)
      Date:
      - Sat, 23 May 2015 08:44:11 GMT
      Content-Length:
      - '54'
      Connection:
      - Keep-Alive
      Set-Cookie:
      - request_method=POST; path=/
    body:
      encoding: UTF-8
      string: '{"universe":{"id":23069,"title":"The Malazan Empire"}}'
    http_version: 
  recorded_at: Sat, 23 May 2015 08:44:11 GMT
- request:
    method: get
    uri: http://localhost:9292/api/universes?access_token=90bc68f143f6b5fea3c0b6cedd5784e6ac61248ca39aa87372922d99eb4f8395
    body:
      encoding: US-ASCII
      string: ''
    headers:
      Accept-Encoding:
      - gzip;q=1.0,deflate;q=0.6,identity;q=0.3
      Accept:
      - "*/*"
      User-Agent:
      - Ruby
      Host:
      - localhost:9292
  response:
    status:
      code: 200
      message: 'OK '
    headers:
      X-Frame-Options:
      - SAMEORIGIN
      X-Xss-Protection:
      - 1; mode=block
      X-Content-Type-Options:
      - nosniff
      Content-Type:
      - application/json; charset=utf-8
      Etag:
      - W/"39259041ec06577603cc9474105615ef"
      Cache-Control:
      - max-age=0, private, must-revalidate
      X-Request-Id:
      - eccc77d7-b206-4d05-b3c1-ad16f044a62c
      X-Runtime:
      - '0.001924'
      Server:
      - WEBrick/1.3.1 (Ruby/2.2.1/2015-02-26)
      Date:
      - Sat, 23 May 2015 08:44:11 GMT
      Content-Length:
      - '57'
      Connection:
      - Keep-Alive
    body:
      encoding: UTF-8
      string: '{"universes":[{"id":23069,"title":"The Malazan Empire"}]}'
    http_version: 
  recorded_at: Sat, 23 May 2015 08:44:11 GMT
- request:
    method: get
    uri: http://localhost:9292/api/universes?access_token=90bc68f143f6b5fea3c0b6cedd5784e6ac61248ca39aa87372922d99eb4f8395
    body:
      encoding: US-ASCII
      string: ''
    headers:
      Accept-Encoding:
      - gzip;q=1.0,deflate;q=0.6,identity;q=0.3
      Accept:
      - "*/*"
      User-Agent:
      - Ruby
      Host:
      - localhost:9292
  response:
    status:
      code: 200
      message: 'OK '
    headers:
      X-Frame-Options:
      - SAMEORIGIN
      X-Xss-Protection:
      - 1; mode=block
      X-Content-Type-Options:
      - nosniff
      Content-Type:
      - application/json; charset=utf-8
      Etag:
      - W/"39259041ec06577603cc9474105615ef"
      Cache-Control:
      - max-age=0, private, must-revalidate
      X-Request-Id:
      - 9ce6c2dd-8a5c-4cfd-9328-b1557f44f00a
      X-Runtime:
      - '0.002204'
      Server:
      - WEBrick/1.3.1 (Ruby/2.2.1/2015-02-26)
      Date:
      - Sat, 23 May 2015 08:44:11 GMT
      Content-Length:
      - '57'
      Connection:
      - Keep-Alive
    body:
      encoding: UTF-8
      string: '{"universes":[{"id":23069,"title":"The Malazan Empire"}]}'
    http_version: 
  recorded_at: Sat, 23 May 2015 08:44:11 GMT
- request:
    method: post
    uri: http://localhost:9292/api/articles?access_token=90bc68f143f6b5fea3c0b6cedd5784e6ac61248ca39aa87372922d99eb4f8395
    body:
      encoding: US-ASCII
      string: article%5Bname%5D=Kelsier&article%5Buniverse_id%5D=23069
    headers:
      Accept-Encoding:
      - gzip;q=1.0,deflate;q=0.6,identity;q=0.3
      Accept:
      - "*/*"
      User-Agent:
      - Ruby
      Host:
      - localhost:9292
  response:
    status:
      code: 200
      message: 'OK '
    headers:
      X-Frame-Options:
      - SAMEORIGIN
      X-Xss-Protection:
      - 1; mode=block
      X-Content-Type-Options:
      - nosniff
      Content-Type:
      - application/json; charset=utf-8
      Etag:
      - W/"03b20c1999a6bdeb48b4524256dafe8f"
      Cache-Control:
      - max-age=0, private, must-revalidate
      X-Request-Id:
      - 2fdf61e6-8b97-4ab5-8f2e-a85408cced67
      X-Runtime:
      - '0.012171'
      Server:
      - WEBrick/1.3.1 (Ruby/2.2.1/2015-02-26)
      Date:
      - Sat, 23 May 2015 08:44:11 GMT
      Content-Length:
      - '61'
      Connection:
      - Keep-Alive
      Set-Cookie:
      - request_method=POST; path=/
    body:
      encoding: UTF-8
      string: '{"article":{"id":11206,"name":"Kelsier","universe_id":23069}}'
    http_version: 
  recorded_at: Sat, 23 May 2015 08:44:11 GMT
- request:
    method: get
    uri: http://localhost:9292/api/articles?access_token=90bc68f143f6b5fea3c0b6cedd5784e6ac61248ca39aa87372922d99eb4f8395&universe_id=23069
    body:
      encoding: US-ASCII
      string: ''
    headers:
      Accept-Encoding:
      - gzip;q=1.0,deflate;q=0.6,identity;q=0.3
      Accept:
      - "*/*"
      User-Agent:
      - Ruby
      Host:
      - localhost:9292
  response:
    status:
      code: 200
      message: 'OK '
    headers:
      X-Frame-Options:
      - SAMEORIGIN
      X-Xss-Protection:
      - 1; mode=block
      X-Content-Type-Options:
      - nosniff
      Content-Type:
      - application/json; charset=utf-8
      Etag:
      - W/"a9b5f33e7deb18537119d88f938da806"
      Cache-Control:
      - max-age=0, private, must-revalidate
      X-Request-Id:
      - 8dc379ef-5f08-4ce8-bd8a-b6faf3625307
      X-Runtime:
      - '0.002200'
      Server:
      - WEBrick/1.3.1 (Ruby/2.2.1/2015-02-26)
      Date:
      - Sat, 23 May 2015 08:44:11 GMT
      Content-Length:
      - '64'
      Connection:
      - Keep-Alive
    body:
      encoding: UTF-8
      string: '{"articles":[{"id":11206,"name":"Kelsier","universe_id":23069}]}'
    http_version: 
  recorded_at: Sat, 23 May 2015 08:44:11 GMT
- request:
    method: delete
    uri: http://localhost:9292/api/articles?access_token=90bc68f143f6b5fea3c0b6cedd5784e6ac61248ca39aa87372922d99eb4f8395
    body:
      encoding: US-ASCII
      string: ''
    headers:
      Depth:
      - Infinity
      Accept-Encoding:
      - gzip;q=1.0,deflate;q=0.6,identity;q=0.3
      Accept:
      - "*/*"
      User-Agent:
      - Ruby
      Host:
      - localhost:9292
  response:
    status:
      code: 200
      message: 'OK '
    headers:
      X-Frame-Options:
      - SAMEORIGIN
      X-Xss-Protection:
      - 1; mode=block
      X-Content-Type-Options:
      - nosniff
      Content-Type:
      - application/json; charset=utf-8
      Etag:
      - W/"a9b5f33e7deb18537119d88f938da806"
      Cache-Control:
      - max-age=0, private, must-revalidate
      X-Request-Id:
      - 07b85fe9-8fb0-4bde-943c-eac9b05ddaa9
      X-Runtime:
      - '0.004581'
      Server:
      - WEBrick/1.3.1 (Ruby/2.2.1/2015-02-26)
      Date:
      - Sat, 23 May 2015 08:44:11 GMT
      Content-Length:
      - '64'
      Connection:
      - Keep-Alive
      Set-Cookie:
      - request_method=DELETE; path=/
    body:
      encoding: UTF-8
      string: '{"articles":[{"id":11206,"name":"Kelsier","universe_id":23069}]}'
    http_version: 
  recorded_at: Sat, 23 May 2015 08:44:11 GMT
- request:
    method: delete
    uri: http://localhost:9292/api/universe?access_token=90bc68f143f6b5fea3c0b6cedd5784e6ac61248ca39aa87372922d99eb4f8395
    body:
      encoding: US-ASCII
      string: ''
    headers:
      Depth:
      - Infinity
      Accept-Encoding:
      - gzip;q=1.0,deflate;q=0.6,identity;q=0.3
      Accept:
      - "*/*"
      User-Agent:
      - Ruby
      Host:
      - localhost:9292
  response:
    status:
      code: 500
      message: 'Internal Server Error '
    headers:
      Content-Type:
      - text/html; charset=ISO-8859-1
      Server:
      - WEBrick/1.3.1 (Ruby/2.2.1/2015-02-26)
      Date:
      - Sat, 23 May 2015 08:44:11 GMT
      Content-Length:
      - '331'
      Connection:
      - close
    body:
      encoding: UTF-8
      string: |
        <!DOCTYPE HTML PUBLIC "-//W3C//DTD HTML 4.0//EN">
        <HTML>
          <HEAD><TITLE>Internal Server Error</TITLE></HEAD>
          <BODY>
            <H1>Internal Server Error</H1>
            No route matches [DELETE] &quot;/api/universe&quot;
            <HR>
            <ADDRESS>
             WEBrick/1.3.1 (Ruby/2.2.1/2015-02-26) at
             localhost:9292
            </ADDRESS>
          </BODY>
        </HTML>
    http_version: 
  recorded_at: Sat, 23 May 2015 08:44:11 GMT
recorded_with: VCR 2.9.3
