---
http_interactions:
- request:
    method: post
    uri: http://localhost:9292/api/universes?access_token=90bc68f143f6b5fea3c0b6cedd5784e6ac61248ca39aa87372922d99eb4f8395
    body:
      encoding: US-ASCII
      string: universe%5Btitle%5D=factory+title
    headers:
      Accept-Encoding:
      - gzip;q=1.0,deflate;q=0.6,identity;q=0.3
      Accept:
      - "*/*"
      User-Agent:
      - Ruby
      Host:
      - localhost:9292
  response:
    status:
      code: 200
      message: 'OK '
    headers:
      X-Frame-Options:
      - SAMEORIGIN
      X-Xss-Protection:
      - 1; mode=block
      X-Content-Type-Options:
      - nosniff
      Content-Type:
      - application/json; charset=utf-8
      Etag:
      - W/"83aa7d9235b7e055c8976259d4e408a3"
      Cache-Control:
      - max-age=0, private, must-revalidate
      X-Request-Id:
      - aba88308-b233-43c0-9d13-845af1a5f5d1
      X-Runtime:
      - '0.020612'
      Server:
      - WEBrick/1.3.1 (Ruby/2.2.1/2015-02-26)
      Date:
      - Wed, 02 Dec 2015 20:40:31 GMT
      Content-Length:
      - '48'
      Connection:
      - Keep-Alive
      Set-Cookie:
      - request_method=POST; path=/
    body:
      encoding: UTF-8
      string: '{"universe":{"id":1691,"title":"factory title"}}'
    http_version: 
  recorded_at: Wed, 02 Dec 2015 20:40:31 GMT
- request:
    method: post
    uri: http://localhost:9292/api/articles?access_token=90bc68f143f6b5fea3c0b6cedd5784e6ac61248ca39aa87372922d99eb4f8395
    body:
      encoding: US-ASCII
      string: article%5Bname%5D=factory+name&article%5Btype%5D=Character&article%5Buniverse_id%5D=1691
    headers:
      Accept-Encoding:
      - gzip;q=1.0,deflate;q=0.6,identity;q=0.3
      Accept:
      - "*/*"
      User-Agent:
      - Ruby
      Host:
      - localhost:9292
  response:
    status:
      code: 200
      message: 'OK '
    headers:
      X-Frame-Options:
      - SAMEORIGIN
      X-Xss-Protection:
      - 1; mode=block
      X-Content-Type-Options:
      - nosniff
      Content-Type:
      - application/json; charset=utf-8
      Etag:
      - W/"72f63457ea357e26a7d1580b855c52d1"
      Cache-Control:
      - max-age=0, private, must-revalidate
      X-Request-Id:
      - 30d9c5af-ca46-4539-ba37-1e27eea40f6f
      X-Runtime:
      - '0.007066'
      Server:
      - WEBrick/1.3.1 (Ruby/2.2.1/2015-02-26)
      Date:
      - Wed, 02 Dec 2015 20:40:31 GMT
      Content-Length:
      - '83'
      Connection:
      - Keep-Alive
      Set-Cookie:
      - request_method=POST; path=/
    body:
      encoding: UTF-8
      string: '{"article":{"id":1521,"name":"factory name","universe_id":1691,"type":"Character"}}'
    http_version: 
  recorded_at: Wed, 02 Dec 2015 20:40:31 GMT
- request:
    method: post
    uri: http://localhost:9292/api/notes?access_token=90bc68f143f6b5fea3c0b6cedd5784e6ac61248ca39aa87372922d99eb4f8395
    body:
      encoding: US-ASCII
      string: note%5Barticle_id%5D=1521&note%5Btext%5D=factory+text
    headers:
      Accept-Encoding:
      - gzip;q=1.0,deflate;q=0.6,identity;q=0.3
      Accept:
      - "*/*"
      User-Agent:
      - Ruby
      Host:
      - localhost:9292
  response:
    status:
      code: 200
      message: 'OK '
    headers:
      X-Frame-Options:
      - SAMEORIGIN
      X-Xss-Protection:
      - 1; mode=block
      X-Content-Type-Options:
      - nosniff
      Content-Type:
      - application/json; charset=utf-8
      Etag:
      - W/"b3e055019b81dc037dd6583b9e7ef423"
      Cache-Control:
      - max-age=0, private, must-revalidate
      X-Request-Id:
      - 3119e42a-9e3c-47fb-aeb6-bee89327f4c2
      X-Runtime:
      - '0.006732'
      Server:
      - WEBrick/1.3.1 (Ruby/2.2.1/2015-02-26)
      Date:
      - Wed, 02 Dec 2015 20:40:31 GMT
      Content-Length:
      - '59'
      Connection:
      - Keep-Alive
      Set-Cookie:
      - request_method=POST; path=/
    body:
      encoding: UTF-8
      string: '{"note":{"id":730,"article_id":1521,"text":"factory text"}}'
    http_version: 
  recorded_at: Wed, 02 Dec 2015 20:40:31 GMT
- request:
    method: post
    uri: http://localhost:9292/api/references?access_token=90bc68f143f6b5fea3c0b6cedd5784e6ac61248ca39aa87372922d99eb4f8395
    body:
      encoding: US-ASCII
      string: reference%5Breferenceable_id%5D=730&reference%5Breferenceable_type%5D=Note
    headers:
      Accept-Encoding:
      - gzip;q=1.0,deflate;q=0.6,identity;q=0.3
      Accept:
      - "*/*"
      User-Agent:
      - Ruby
      Host:
      - localhost:9292
  response:
    status:
      code: 200
      message: 'OK '
    headers:
      X-Frame-Options:
      - SAMEORIGIN
      X-Xss-Protection:
      - 1; mode=block
      X-Content-Type-Options:
      - nosniff
      Content-Type:
      - application/json; charset=utf-8
      Etag:
      - W/"7a3515d958455b997b02292f73e2c4d0"
      Cache-Control:
      - max-age=0, private, must-revalidate
      X-Request-Id:
      - c299e9a3-5fb5-41c9-ad7b-496f59231070
      X-Runtime:
      - '0.004397'
      Server:
      - WEBrick/1.3.1 (Ruby/2.2.1/2015-02-26)
      Date:
      - Wed, 02 Dec 2015 20:40:31 GMT
      Content-Length:
      - '101'
      Connection:
      - Keep-Alive
      Set-Cookie:
      - request_method=POST; path=/
    body:
      encoding: UTF-8
      string: '{"reference":{"id":757,"referenceable_id":730,"url":null,"comment":null,"referenceable_type":"Note"}}'
    http_version: 
  recorded_at: Wed, 02 Dec 2015 20:40:31 GMT
- request:
    method: get
    uri: http://localhost:9292/api/references/757?access_token=90bc68f143f6b5fea3c0b6cedd5784e6ac61248ca39aa87372922d99eb4f8395
    body:
      encoding: US-ASCII
      string: ''
    headers:
      Accept-Encoding:
      - gzip;q=1.0,deflate;q=0.6,identity;q=0.3
      Accept:
      - "*/*"
      User-Agent:
      - Ruby
      Host:
      - localhost:9292
  response:
    status:
      code: 200
      message: 'OK '
    headers:
      X-Frame-Options:
      - SAMEORIGIN
      X-Xss-Protection:
      - 1; mode=block
      X-Content-Type-Options:
      - nosniff
      Content-Type:
      - application/json; charset=utf-8
      Etag:
      - W/"7a3515d958455b997b02292f73e2c4d0"
      Cache-Control:
      - max-age=0, private, must-revalidate
      X-Request-Id:
      - 03e8493d-5c5b-4a8c-b76b-3cf07c279888
      X-Runtime:
      - '0.003058'
      Server:
      - WEBrick/1.3.1 (Ruby/2.2.1/2015-02-26)
      Date:
      - Wed, 02 Dec 2015 20:40:31 GMT
      Content-Length:
      - '101'
      Connection:
      - Keep-Alive
    body:
      encoding: UTF-8
      string: '{"reference":{"id":757,"referenceable_id":730,"url":null,"comment":null,"referenceable_type":"Note"}}'
    http_version: 
  recorded_at: Wed, 02 Dec 2015 20:40:31 GMT
- request:
    method: delete
    uri: http://localhost:9292/api/references?access_token=90bc68f143f6b5fea3c0b6cedd5784e6ac61248ca39aa87372922d99eb4f8395
    body:
      encoding: US-ASCII
      string: ''
    headers:
      Depth:
      - Infinity
      Accept-Encoding:
      - gzip;q=1.0,deflate;q=0.6,identity;q=0.3
      Accept:
      - "*/*"
      User-Agent:
      - Ruby
      Host:
      - localhost:9292
  response:
    status:
      code: 200
      message: 'OK '
    headers:
      X-Frame-Options:
      - SAMEORIGIN
      X-Xss-Protection:
      - 1; mode=block
      X-Content-Type-Options:
      - nosniff
      Content-Type:
      - application/json; charset=utf-8
      Etag:
      - W/"af4a3faeb6e4b7d3cb8e2f959f279863"
      Cache-Control:
      - max-age=0, private, must-revalidate
      X-Request-Id:
      - c6221794-0423-4b60-987f-65fbc8853538
      X-Runtime:
      - '0.004564'
      Server:
      - WEBrick/1.3.1 (Ruby/2.2.1/2015-02-26)
      Date:
      - Wed, 02 Dec 2015 20:40:31 GMT
      Content-Length:
      - '104'
      Connection:
      - Keep-Alive
      Set-Cookie:
      - request_method=DELETE; path=/
    body:
      encoding: UTF-8
      string: '{"references":[{"id":757,"referenceable_id":730,"url":null,"comment":null,"referenceable_type":"Note"}]}'
    http_version: 
  recorded_at: Wed, 02 Dec 2015 20:40:31 GMT
- request:
    method: delete
    uri: http://localhost:9292/api/notes?access_token=90bc68f143f6b5fea3c0b6cedd5784e6ac61248ca39aa87372922d99eb4f8395
    body:
      encoding: US-ASCII
      string: ''
    headers:
      Depth:
      - Infinity
      Accept-Encoding:
      - gzip;q=1.0,deflate;q=0.6,identity;q=0.3
      Accept:
      - "*/*"
      User-Agent:
      - Ruby
      Host:
      - localhost:9292
  response:
    status:
      code: 200
      message: 'OK '
    headers:
      X-Frame-Options:
      - SAMEORIGIN
      X-Xss-Protection:
      - 1; mode=block
      X-Content-Type-Options:
      - nosniff
      Content-Type:
      - application/json; charset=utf-8
      Etag:
      - W/"0ef224d46211a4bd207bd0f7597ce5e1"
      Cache-Control:
      - max-age=0, private, must-revalidate
      X-Request-Id:
      - 490087c3-12ea-4f3b-8457-ab2e891a3af7
      X-Runtime:
      - '0.003936'
      Server:
      - WEBrick/1.3.1 (Ruby/2.2.1/2015-02-26)
      Date:
      - Wed, 02 Dec 2015 20:40:31 GMT
      Content-Length:
      - '62'
      Connection:
      - Keep-Alive
      Set-Cookie:
      - request_method=DELETE; path=/
    body:
      encoding: UTF-8
      string: '{"notes":[{"id":730,"article_id":1521,"text":"factory text"}]}'
    http_version: 
  recorded_at: Wed, 02 Dec 2015 20:40:31 GMT
- request:
    method: delete
    uri: http://localhost:9292/api/articles?access_token=90bc68f143f6b5fea3c0b6cedd5784e6ac61248ca39aa87372922d99eb4f8395
    body:
      encoding: US-ASCII
      string: ''
    headers:
      Depth:
      - Infinity
      Accept-Encoding:
      - gzip;q=1.0,deflate;q=0.6,identity;q=0.3
      Accept:
      - "*/*"
      User-Agent:
      - Ruby
      Host:
      - localhost:9292
  response:
    status:
      code: 200
      message: 'OK '
    headers:
      X-Frame-Options:
      - SAMEORIGIN
      X-Xss-Protection:
      - 1; mode=block
      X-Content-Type-Options:
      - nosniff
      Content-Type:
      - application/json; charset=utf-8
      Etag:
      - W/"1721940bb1f19331a8fc074af35171af"
      Cache-Control:
      - max-age=0, private, must-revalidate
      X-Request-Id:
      - 2f1e41e3-d087-4f7c-9ea3-330b48de3a3a
      X-Runtime:
      - '0.004296'
      Server:
      - WEBrick/1.3.1 (Ruby/2.2.1/2015-02-26)
      Date:
      - Wed, 02 Dec 2015 20:40:31 GMT
      Content-Length:
      - '86'
      Connection:
      - Keep-Alive
      Set-Cookie:
      - request_method=DELETE; path=/
    body:
      encoding: UTF-8
      string: '{"articles":[{"id":1521,"name":"factory name","universe_id":1691,"type":"Character"}]}'
    http_version: 
  recorded_at: Wed, 02 Dec 2015 20:40:31 GMT
- request:
    method: delete
    uri: http://localhost:9292/api/universes?access_token=90bc68f143f6b5fea3c0b6cedd5784e6ac61248ca39aa87372922d99eb4f8395
    body:
      encoding: US-ASCII
      string: ''
    headers:
      Depth:
      - Infinity
      Accept-Encoding:
      - gzip;q=1.0,deflate;q=0.6,identity;q=0.3
      Accept:
      - "*/*"
      User-Agent:
      - Ruby
      Host:
      - localhost:9292
  response:
    status:
      code: 200
      message: 'OK '
    headers:
      X-Frame-Options:
      - SAMEORIGIN
      X-Xss-Protection:
      - 1; mode=block
      X-Content-Type-Options:
      - nosniff
      Content-Type:
      - application/json; charset=utf-8
      Etag:
      - W/"dcb002dea0732181ee97e1cc99dc5092"
      Cache-Control:
      - max-age=0, private, must-revalidate
      X-Request-Id:
      - 4d6f1ade-35e4-45da-85e1-a666cf9a2e42
      X-Runtime:
      - '0.004225'
      Server:
      - WEBrick/1.3.1 (Ruby/2.2.1/2015-02-26)
      Date:
      - Wed, 02 Dec 2015 20:40:31 GMT
      Content-Length:
      - '51'
      Connection:
      - Keep-Alive
      Set-Cookie:
      - request_method=DELETE; path=/
    body:
      encoding: UTF-8
      string: '{"universes":[{"id":1691,"title":"factory title"}]}'
    http_version: 
  recorded_at: Wed, 02 Dec 2015 20:40:31 GMT
recorded_with: VCR 2.9.3
