---
http_interactions:
- request:
    method: post
    uri: http://localhost:9292/api/universes?access_token=90bc68f143f6b5fea3c0b6cedd5784e6ac61248ca39aa87372922d99eb4f8395
    body:
      encoding: US-ASCII
      string: universe%5Btitle%5D=Game+of+Thrones
    headers:
      Accept-Encoding:
      - gzip;q=1.0,deflate;q=0.6,identity;q=0.3
      Accept:
      - "*/*"
      User-Agent:
      - Ruby
      Host:
      - localhost:9292
  response:
    status:
      code: 200
      message: 'OK '
    headers:
      X-Frame-Options:
      - SAMEORIGIN
      X-Xss-Protection:
      - 1; mode=block
      X-Content-Type-Options:
      - nosniff
      Content-Type:
      - application/json; charset=utf-8
      Etag:
      - W/"5187b8a5e09596130a9d939ff1e7f4bd"
      Cache-Control:
      - max-age=0, private, must-revalidate
      X-Request-Id:
      - 6d20ea87-760e-427f-9044-ac54395bf834
      X-Runtime:
      - '0.944482'
      Server:
      - WEBrick/1.3.1 (Ruby/2.2.1/2015-02-26)
      Date:
      - Wed, 16 Dec 2015 21:30:16 GMT
      Content-Length:
      - '51'
      Connection:
      - Keep-Alive
      Set-Cookie:
      - request_method=POST; path=/
    body:
      encoding: UTF-8
      string: '{"universe":{"id":23661,"title":"Game of Thrones"}}'
    http_version: 
  recorded_at: Wed, 16 Dec 2015 21:30:16 GMT
- request:
    method: get
    uri: http://localhost:9292/api/universes?access_token=90bc68f143f6b5fea3c0b6cedd5784e6ac61248ca39aa87372922d99eb4f8395
    body:
      encoding: US-ASCII
      string: ''
    headers:
      Accept-Encoding:
      - gzip;q=1.0,deflate;q=0.6,identity;q=0.3
      Accept:
      - "*/*"
      User-Agent:
      - Ruby
      Host:
      - localhost:9292
  response:
    status:
      code: 200
      message: 'OK '
    headers:
      X-Frame-Options:
      - SAMEORIGIN
      X-Xss-Protection:
      - 1; mode=block
      X-Content-Type-Options:
      - nosniff
      Content-Type:
      - application/json; charset=utf-8
      Etag:
      - W/"f0053df55f228fbdd6d65e400b2bf09b"
      Cache-Control:
      - max-age=0, private, must-revalidate
      X-Request-Id:
      - 825ea03d-e793-4860-9559-a52736a28c9f
      X-Runtime:
      - '0.052276'
      Server:
      - WEBrick/1.3.1 (Ruby/2.2.1/2015-02-26)
      Date:
      - Wed, 16 Dec 2015 21:30:16 GMT
      Content-Length:
      - '28847'
      Connection:
      - Keep-Alive
    body:
      encoding: UTF-8
      string: '{"universes":[{"id":22939,"title":"factory title13"},{"id":22940,"title":"factory
        title14"},{"id":22941,"title":"factory title15"},{"id":22942,"title":"factory
        title16"},{"id":22943,"title":"factory title17"},{"id":22944,"title":"factory
        title18"},{"id":22945,"title":"factory title19"},{"id":22946,"title":"factory
        title20"},{"id":22947,"title":"factory title21"},{"id":22948,"title":"factory
        title22"},{"id":22949,"title":"factory title23"},{"id":22950,"title":"factory
        title24"},{"id":22951,"title":"factory title25"},{"id":22952,"title":"factory
        title26"},{"id":22953,"title":"factory title27"},{"id":22954,"title":"factory
        title28"},{"id":22955,"title":"factory title29"},{"id":22956,"title":"factory
        title30"},{"id":22957,"title":"factory title31"},{"id":22958,"title":"factory
        title32"},{"id":22959,"title":"factory title33"},{"id":22960,"title":"factory
        title34"},{"id":22961,"title":"factory title35"},{"id":22962,"title":"factory
        title36"},{"id":22963,"title":"factory title37"},{"id":22964,"title":"factory
        title38"},{"id":22965,"title":"factory title39"},{"id":22966,"title":"factory
        title40"},{"id":22967,"title":"factory title41"},{"id":22968,"title":"factory
        title42"},{"id":22969,"title":"factory title43"},{"id":22970,"title":"factory
        title44"},{"id":22971,"title":"factory title45"},{"id":22972,"title":"factory
        title46"},{"id":22973,"title":"factory title47"},{"id":22974,"title":"factory
        title48"},{"id":22975,"title":"factory title49"},{"id":22976,"title":"factory
        title50"},{"id":22977,"title":"factory title51"},{"id":22978,"title":"factory
        title52"},{"id":22979,"title":"factory title53"},{"id":22980,"title":"factory
        title54"},{"id":22981,"title":"factory title55"},{"id":22982,"title":"factory
        title56"},{"id":22983,"title":"factory title57"},{"id":22984,"title":"factory
        title58"},{"id":22985,"title":"factory title59"},{"id":22986,"title":"factory
        title60"},{"id":22987,"title":"factory title61"},{"id":22988,"title":"factory
        title62"},{"id":22989,"title":"factory title63"},{"id":22990,"title":"factory
        title64"},{"id":22991,"title":"factory title65"},{"id":22992,"title":"factory
        title66"},{"id":22993,"title":"factory title67"},{"id":22994,"title":"factory
        title68"},{"id":22995,"title":"factory title69"},{"id":22996,"title":"factory
        title70"},{"id":22997,"title":"factory title71"},{"id":22998,"title":"factory
        title72"},{"id":22999,"title":"factory title73"},{"id":23000,"title":"factory
        title74"},{"id":23001,"title":"factory title75"},{"id":23002,"title":"factory
        title76"},{"id":23003,"title":"factory title77"},{"id":23004,"title":"factory
        title78"},{"id":23005,"title":"factory title79"},{"id":23006,"title":"factory
        title80"},{"id":23007,"title":"factory title81"},{"id":23008,"title":"factory
        title82"},{"id":23009,"title":"factory title83"},{"id":23010,"title":"factory
        title84"},{"id":23011,"title":"factory title85"},{"id":23012,"title":"factory
        title86"},{"id":23013,"title":"factory title87"},{"id":23014,"title":"factory
        title88"},{"id":23015,"title":"factory title89"},{"id":23016,"title":"factory
        title90"},{"id":23017,"title":"factory title91"},{"id":23018,"title":"factory
        title92"},{"id":23019,"title":"factory title93"},{"id":23020,"title":"factory
        title94"},{"id":23021,"title":"factory title95"},{"id":23022,"title":"factory
        title96"},{"id":23023,"title":"factory title97"},{"id":23024,"title":"factory
        title98"},{"id":23025,"title":"factory title99"},{"id":23026,"title":"factory
        title100"},{"id":23027,"title":"factory title101"},{"id":23028,"title":"factory
        title102"},{"id":23029,"title":"factory title103"},{"id":23030,"title":"factory
        title104"},{"id":23031,"title":"factory title105"},{"id":23032,"title":"factory
        title106"},{"id":23033,"title":"factory title107"},{"id":23034,"title":"factory
        title108"},{"id":23035,"title":"factory title109"},{"id":23036,"title":"factory
        title110"},{"id":23037,"title":"factory title111"},{"id":23038,"title":"factory
        title112"},{"id":23039,"title":"factory title113"},{"id":23040,"title":"factory
        title114"},{"id":23041,"title":"factory title115"},{"id":23042,"title":"factory
        title116"},{"id":23043,"title":"factory title117"},{"id":23044,"title":"factory
        title118"},{"id":23045,"title":"factory title119"},{"id":23046,"title":"factory
        title120"},{"id":23047,"title":"factory title121"},{"id":23048,"title":"factory
        title122"},{"id":23049,"title":"factory title123"},{"id":23050,"title":"factory
        title124"},{"id":23051,"title":"factory title125"},{"id":23052,"title":"factory
        title126"},{"id":23053,"title":"factory title127"},{"id":23054,"title":"factory
        title128"},{"id":23055,"title":"factory title129"},{"id":23056,"title":"factory
        title130"},{"id":23057,"title":"factory title131"},{"id":23058,"title":"factory
        title132"},{"id":23059,"title":"factory title133"},{"id":23060,"title":"factory
        title134"},{"id":23061,"title":"factory title135"},{"id":23062,"title":"factory
        title136"},{"id":23063,"title":"factory title137"},{"id":23064,"title":"factory
        title138"},{"id":23065,"title":"factory title139"},{"id":23066,"title":"factory
        title140"},{"id":23067,"title":"factory title141"},{"id":23068,"title":"factory
        title142"},{"id":23069,"title":"factory title143"},{"id":23070,"title":"factory
        title144"},{"id":23071,"title":"factory title145"},{"id":23072,"title":"factory
        title146"},{"id":23073,"title":"factory title147"},{"id":23074,"title":"factory
        title148"},{"id":23075,"title":"factory title149"},{"id":23076,"title":"factory
        title150"},{"id":23077,"title":"factory title151"},{"id":23078,"title":"factory
        title152"},{"id":23079,"title":"factory title153"},{"id":23080,"title":"factory
        title154"},{"id":23081,"title":"factory title155"},{"id":23082,"title":"factory
        title156"},{"id":23083,"title":"factory title157"},{"id":23084,"title":"factory
        title158"},{"id":23085,"title":"factory title159"},{"id":23086,"title":"factory
        title160"},{"id":23087,"title":"factory title161"},{"id":23088,"title":"factory
        title162"},{"id":23089,"title":"factory title163"},{"id":23090,"title":"factory
        title164"},{"id":23091,"title":"factory title165"},{"id":23092,"title":"factory
        title166"},{"id":23093,"title":"factory title167"},{"id":23094,"title":"factory
        title168"},{"id":23095,"title":"factory title169"},{"id":23096,"title":"factory
        title170"},{"id":23097,"title":"factory title171"},{"id":23098,"title":"factory
        title172"},{"id":23099,"title":"factory title173"},{"id":23100,"title":"factory
        title174"},{"id":23101,"title":"factory title175"},{"id":23102,"title":"factory
        title176"},{"id":23103,"title":"factory title177"},{"id":23104,"title":"factory
        title178"},{"id":23105,"title":"factory title179"},{"id":23106,"title":"factory
        title180"},{"id":23107,"title":"factory title181"},{"id":23108,"title":"factory
        title182"},{"id":23109,"title":"factory title183"},{"id":23110,"title":"factory
        title184"},{"id":23111,"title":"factory title185"},{"id":23112,"title":"factory
        title186"},{"id":23113,"title":"factory title187"},{"id":23114,"title":"factory
        title188"},{"id":23115,"title":"factory title189"},{"id":23116,"title":"factory
        title190"},{"id":23117,"title":"factory title191"},{"id":23118,"title":"factory
        title192"},{"id":23119,"title":"factory title193"},{"id":23120,"title":"factory
        title194"},{"id":23121,"title":"factory title195"},{"id":23122,"title":"factory
        title196"},{"id":23123,"title":"factory title197"},{"id":23124,"title":"factory
        title198"},{"id":23125,"title":"factory title199"},{"id":23126,"title":"factory
        title200"},{"id":23127,"title":"factory title201"},{"id":23128,"title":"factory
        title202"},{"id":23129,"title":"factory title203"},{"id":23130,"title":"factory
        title204"},{"id":23131,"title":"factory title205"},{"id":23132,"title":"factory
        title206"},{"id":23133,"title":"factory title207"},{"id":23134,"title":"factory
        title208"},{"id":23135,"title":"factory title209"},{"id":23136,"title":"factory
        title210"},{"id":23137,"title":"factory title211"},{"id":23138,"title":"factory
        title212"},{"id":23139,"title":"factory title213"},{"id":23140,"title":"factory
        title214"},{"id":23141,"title":"factory title215"},{"id":23142,"title":"factory
        title216"},{"id":23143,"title":"factory title217"},{"id":23144,"title":"factory
        title218"},{"id":23145,"title":"factory title219"},{"id":23146,"title":"factory
        title220"},{"id":23147,"title":"factory title221"},{"id":23148,"title":"factory
        title222"},{"id":23149,"title":"factory title223"},{"id":23150,"title":"factory
        title224"},{"id":23151,"title":"factory title225"},{"id":23152,"title":"factory
        title226"},{"id":23153,"title":"factory title227"},{"id":23154,"title":"factory
        title228"},{"id":23155,"title":"factory title229"},{"id":23156,"title":"factory
        title230"},{"id":23157,"title":"factory title231"},{"id":23158,"title":"factory
        title232"},{"id":23159,"title":"factory title233"},{"id":23160,"title":"factory
        title234"},{"id":23161,"title":"factory title235"},{"id":23162,"title":"factory
        title236"},{"id":23163,"title":"factory title237"},{"id":23164,"title":"factory
        title238"},{"id":23165,"title":"factory title239"},{"id":23166,"title":"factory
        title240"},{"id":23167,"title":"factory title241"},{"id":23168,"title":"factory
        title242"},{"id":23169,"title":"factory title243"},{"id":23170,"title":"factory
        title244"},{"id":23171,"title":"factory title245"},{"id":23172,"title":"factory
        title246"},{"id":23173,"title":"factory title247"},{"id":23174,"title":"factory
        title248"},{"id":23175,"title":"factory title249"},{"id":23176,"title":"factory
        title250"},{"id":23177,"title":"factory title251"},{"id":23178,"title":"factory
        title252"},{"id":23179,"title":"factory title253"},{"id":23180,"title":"factory
        title254"},{"id":23181,"title":"factory title255"},{"id":23182,"title":"factory
        title256"},{"id":23183,"title":"factory title257"},{"id":23184,"title":"factory
        title258"},{"id":23185,"title":"factory title259"},{"id":23186,"title":"factory
        title260"},{"id":23187,"title":"factory title261"},{"id":23188,"title":"factory
        title262"},{"id":23189,"title":"factory title263"},{"id":23190,"title":"factory
        title264"},{"id":23191,"title":"factory title265"},{"id":23192,"title":"factory
        title266"},{"id":23193,"title":"factory title267"},{"id":23194,"title":"factory
        title268"},{"id":23195,"title":"factory title269"},{"id":23196,"title":"factory
        title270"},{"id":23197,"title":"factory title271"},{"id":23198,"title":"factory
        title272"},{"id":23199,"title":"factory title273"},{"id":23200,"title":"factory
        title274"},{"id":23201,"title":"factory title275"},{"id":23202,"title":"factory
        title276"},{"id":23203,"title":"factory title277"},{"id":23204,"title":"factory
        title278"},{"id":23205,"title":"factory title279"},{"id":23206,"title":"factory
        title280"},{"id":23207,"title":"factory title281"},{"id":23208,"title":"factory
        title282"},{"id":23209,"title":"factory title283"},{"id":23210,"title":"factory
        title284"},{"id":23211,"title":"factory title285"},{"id":23212,"title":"factory
        title286"},{"id":23213,"title":"factory title287"},{"id":23214,"title":"factory
        title288"},{"id":23215,"title":"factory title289"},{"id":23216,"title":"factory
        title290"},{"id":23217,"title":"factory title291"},{"id":23218,"title":"factory
        title292"},{"id":23219,"title":"factory title293"},{"id":23220,"title":"factory
        title294"},{"id":23221,"title":"factory title295"},{"id":23222,"title":"factory
        title296"},{"id":23223,"title":"factory title297"},{"id":23224,"title":"factory
        title298"},{"id":23225,"title":"factory title299"},{"id":23226,"title":"factory
        title300"},{"id":23227,"title":"factory title301"},{"id":23228,"title":"factory
        title302"},{"id":23229,"title":"factory title303"},{"id":23230,"title":"factory
        title304"},{"id":23231,"title":"factory title305"},{"id":23232,"title":"factory
        title306"},{"id":23233,"title":"factory title307"},{"id":23234,"title":"factory
        title308"},{"id":23235,"title":"factory title309"},{"id":23236,"title":"factory
        title310"},{"id":23237,"title":"factory title311"},{"id":23238,"title":"factory
        title312"},{"id":23239,"title":"factory title313"},{"id":23240,"title":"factory
        title314"},{"id":23241,"title":"factory title315"},{"id":23242,"title":"factory
        title316"},{"id":23243,"title":"factory title317"},{"id":23244,"title":"factory
        title318"},{"id":23245,"title":"factory title319"},{"id":23246,"title":"factory
        title320"},{"id":23247,"title":"factory title321"},{"id":23248,"title":"factory
        title322"},{"id":23249,"title":"factory title323"},{"id":23250,"title":"factory
        title324"},{"id":23251,"title":"factory title325"},{"id":23252,"title":"factory
        title326"},{"id":23253,"title":"factory title327"},{"id":23254,"title":"factory
        title328"},{"id":23255,"title":"factory title329"},{"id":23256,"title":"factory
        title330"},{"id":23257,"title":"factory title331"},{"id":23258,"title":"factory
        title332"},{"id":23259,"title":"factory title333"},{"id":23260,"title":"factory
        title334"},{"id":23261,"title":"factory title335"},{"id":23262,"title":"factory
        title336"},{"id":23263,"title":"factory title337"},{"id":23264,"title":"factory
        title338"},{"id":23265,"title":"factory title339"},{"id":23266,"title":"factory
        title340"},{"id":23267,"title":"factory title341"},{"id":23268,"title":"factory
        title342"},{"id":23269,"title":"factory title343"},{"id":23270,"title":"factory
        title344"},{"id":23271,"title":"factory title345"},{"id":23272,"title":"factory
        title346"},{"id":23273,"title":"factory title347"},{"id":23274,"title":"factory
        title348"},{"id":23275,"title":"factory title349"},{"id":23276,"title":"factory
        title350"},{"id":23277,"title":"factory title351"},{"id":23278,"title":"factory
        title352"},{"id":23279,"title":"factory title353"},{"id":23280,"title":"factory
        title354"},{"id":23281,"title":"factory title355"},{"id":23282,"title":"factory
        title356"},{"id":23283,"title":"factory title357"},{"id":23284,"title":"factory
        title358"},{"id":23285,"title":"factory title359"},{"id":23286,"title":"factory
        title360"},{"id":23287,"title":"factory title361"},{"id":23288,"title":"factory
        title362"},{"id":23289,"title":"factory title363"},{"id":23290,"title":"factory
        title364"},{"id":23291,"title":"factory title365"},{"id":23292,"title":"factory
        title366"},{"id":23293,"title":"factory title367"},{"id":23294,"title":"factory
        title368"},{"id":23295,"title":"factory title369"},{"id":23296,"title":"factory
        title370"},{"id":23297,"title":"factory title371"},{"id":23298,"title":"factory
        title372"},{"id":23299,"title":"factory title373"},{"id":23300,"title":"factory
        title374"},{"id":23301,"title":"factory title375"},{"id":23302,"title":"factory
        title376"},{"id":23303,"title":"factory title377"},{"id":23304,"title":"factory
        title378"},{"id":23305,"title":"factory title379"},{"id":23306,"title":"factory
        title380"},{"id":23307,"title":"factory title381"},{"id":23308,"title":"factory
        title382"},{"id":23309,"title":"factory title383"},{"id":23310,"title":"factory
        title384"},{"id":23311,"title":"factory title385"},{"id":23312,"title":"factory
        title386"},{"id":23313,"title":"factory title387"},{"id":23314,"title":"factory
        title388"},{"id":23315,"title":"factory title389"},{"id":23316,"title":"factory
        title390"},{"id":23317,"title":"factory title391"},{"id":23318,"title":"factory
        title392"},{"id":23319,"title":"factory title393"},{"id":23320,"title":"factory
        title394"},{"id":23321,"title":"factory title395"},{"id":23322,"title":"factory
        title396"},{"id":23323,"title":"factory title397"},{"id":23324,"title":"factory
        title398"},{"id":23325,"title":"factory title399"},{"id":23326,"title":"factory
        title400"},{"id":23327,"title":"factory title401"},{"id":23328,"title":"factory
        title402"},{"id":23329,"title":"factory title403"},{"id":23330,"title":"factory
        title404"},{"id":23331,"title":"factory title405"},{"id":23332,"title":"factory
        title406"},{"id":23333,"title":"factory title407"},{"id":23334,"title":"factory
        title408"},{"id":23335,"title":"factory title409"},{"id":23336,"title":"factory
        title410"},{"id":23337,"title":"factory title411"},{"id":23338,"title":"factory
        title412"},{"id":23339,"title":"factory title413"},{"id":23340,"title":"factory
        title414"},{"id":23341,"title":"factory title415"},{"id":23342,"title":"factory
        title416"},{"id":23343,"title":"factory title417"},{"id":23344,"title":"factory
        title418"},{"id":23345,"title":"factory title419"},{"id":23346,"title":"factory
        title420"},{"id":23347,"title":"factory title421"},{"id":23348,"title":"factory
        title422"},{"id":23349,"title":"factory title423"},{"id":23350,"title":"factory
        title424"},{"id":23351,"title":"factory title425"},{"id":23352,"title":"factory
        title426"},{"id":23353,"title":"factory title427"},{"id":23354,"title":"factory
        title428"},{"id":23355,"title":"factory title429"},{"id":23356,"title":"factory
        title430"},{"id":23357,"title":"factory title431"},{"id":23358,"title":"factory
        title432"},{"id":23359,"title":"factory title433"},{"id":23360,"title":"factory
        title434"},{"id":23361,"title":"factory title435"},{"id":23362,"title":"factory
        title436"},{"id":23363,"title":"factory title437"},{"id":23364,"title":"factory
        title438"},{"id":23365,"title":"factory title439"},{"id":23366,"title":"factory
        title440"},{"id":23367,"title":"factory title441"},{"id":23368,"title":"factory
        title442"},{"id":23369,"title":"factory title443"},{"id":23370,"title":"factory
        title444"},{"id":23371,"title":"factory title445"},{"id":23372,"title":"factory
        title446"},{"id":23373,"title":"factory title447"},{"id":23374,"title":"factory
        title448"},{"id":23375,"title":"factory title449"},{"id":23376,"title":"factory
        title450"},{"id":23377,"title":"factory title451"},{"id":23378,"title":"factory
        title452"},{"id":23379,"title":"factory title453"},{"id":23380,"title":"factory
        title454"},{"id":23381,"title":"factory title455"},{"id":23382,"title":"factory
        title456"},{"id":23383,"title":"factory title457"},{"id":23384,"title":"factory
        title458"},{"id":23385,"title":"factory title459"},{"id":23386,"title":"factory
        title460"},{"id":23387,"title":"factory title461"},{"id":23388,"title":"factory
        title462"},{"id":23389,"title":"factory title463"},{"id":23390,"title":"factory
        title464"},{"id":23391,"title":"factory title465"},{"id":23392,"title":"factory
        title466"},{"id":23393,"title":"factory title467"},{"id":23394,"title":"factory
        title468"},{"id":23395,"title":"factory title469"},{"id":23396,"title":"factory
        title470"},{"id":23397,"title":"factory title471"},{"id":23398,"title":"factory
        title472"},{"id":23399,"title":"factory title473"},{"id":23400,"title":"factory
        title474"},{"id":23401,"title":"factory title475"},{"id":23402,"title":"factory
        title476"},{"id":23403,"title":"factory title477"},{"id":23404,"title":"factory
        title478"},{"id":23405,"title":"factory title479"},{"id":23406,"title":"factory
        title480"},{"id":23407,"title":"factory title481"},{"id":23408,"title":"factory
        title482"},{"id":23409,"title":"factory title483"},{"id":23410,"title":"factory
        title484"},{"id":23411,"title":"factory title485"},{"id":23412,"title":"factory
        title486"},{"id":23413,"title":"factory title487"},{"id":23414,"title":"factory
        title488"},{"id":23415,"title":"factory title489"},{"id":23416,"title":"factory
        title490"},{"id":23417,"title":"factory title491"},{"id":23418,"title":"factory
        title492"},{"id":23419,"title":"factory title493"},{"id":23420,"title":"factory
        title494"},{"id":23421,"title":"factory title495"},{"id":23422,"title":"factory
        title496"},{"id":23423,"title":"factory title497"},{"id":23424,"title":"factory
        title498"},{"id":23425,"title":"factory title499"},{"id":23426,"title":"factory
        title500"},{"id":23427,"title":"factory title501"},{"id":23428,"title":"factory
        title502"},{"id":23429,"title":"factory title503"},{"id":23430,"title":"factory
        title504"},{"id":23431,"title":"factory title505"},{"id":23432,"title":"factory
        title506"},{"id":23433,"title":"factory title507"},{"id":23434,"title":"factory
        title508"},{"id":23435,"title":"factory title509"},{"id":23436,"title":"factory
        title510"},{"id":23437,"title":"factory title511"},{"id":23438,"title":"factory
        title512"},{"id":23439,"title":"factory title513"},{"id":23440,"title":"factory
        title514"},{"id":23441,"title":"factory title515"},{"id":23442,"title":"factory
        title516"},{"id":23443,"title":"factory title517"},{"id":23444,"title":"factory
        title518"},{"id":23445,"title":"factory title519"},{"id":23446,"title":"factory
        title520"},{"id":23447,"title":"factory title521"},{"id":23448,"title":"factory
        title522"},{"id":23449,"title":"factory title523"},{"id":23450,"title":"factory
        title524"},{"id":23451,"title":"factory title525"},{"id":23452,"title":"factory
        title526"},{"id":23453,"title":"factory title527"},{"id":23454,"title":"factory
        title528"},{"id":23455,"title":"factory title529"},{"id":23456,"title":"factory
        title530"},{"id":23457,"title":"factory title531"},{"id":23458,"title":"factory
        title532"},{"id":23459,"title":"factory title533"},{"id":23460,"title":"factory
        title534"},{"id":23461,"title":"factory title535"},{"id":23462,"title":"factory
        title536"},{"id":23463,"title":"factory title537"},{"id":23464,"title":"factory
        title538"},{"id":23465,"title":"factory title539"},{"id":23466,"title":"factory
        title540"},{"id":23467,"title":"factory title541"},{"id":23468,"title":"factory
        title542"},{"id":23469,"title":"factory title543"},{"id":23470,"title":"factory
        title544"},{"id":23471,"title":"factory title545"},{"id":23472,"title":"factory
        title546"},{"id":23473,"title":"factory title547"},{"id":23474,"title":"factory
        title548"},{"id":23475,"title":"factory title549"},{"id":23476,"title":"factory
        title550"},{"id":23477,"title":"factory title551"},{"id":23478,"title":"factory
        title552"},{"id":23479,"title":"factory title553"},{"id":23480,"title":"factory
        title554"},{"id":23481,"title":"factory title555"},{"id":23482,"title":"factory
        title556"},{"id":23483,"title":"factory title557"},{"id":23484,"title":"factory
        title558"},{"id":23485,"title":"factory title559"},{"id":23486,"title":"factory
        title560"},{"id":23487,"title":"factory title561"},{"id":23488,"title":"factory
        title562"},{"id":23489,"title":"factory title563"},{"id":23490,"title":"factory
        title564"},{"id":23491,"title":"factory title565"},{"id":23492,"title":"factory
        title566"},{"id":23493,"title":"factory title567"},{"id":23494,"title":"factory
        title568"},{"id":23495,"title":"factory title569"},{"id":23496,"title":"factory
        title570"},{"id":23497,"title":"factory title571"},{"id":23498,"title":"factory
        title572"},{"id":23499,"title":"factory title573"},{"id":23500,"title":"factory
        title574"},{"id":23501,"title":"factory title575"},{"id":23502,"title":"factory
        title576"},{"id":23503,"title":"factory title577"},{"id":23504,"title":"factory
        title578"},{"id":23505,"title":"factory title579"},{"id":23506,"title":"factory
        title580"},{"id":23507,"title":"factory title581"},{"id":23508,"title":"factory
        title582"},{"id":23509,"title":"factory title583"},{"id":23510,"title":"factory
        title584"},{"id":23511,"title":"factory title585"},{"id":23512,"title":"factory
        title586"},{"id":23513,"title":"factory title587"},{"id":23514,"title":"factory
        title588"},{"id":23515,"title":"factory title589"},{"id":23516,"title":"factory
        title590"},{"id":23517,"title":"factory title591"},{"id":23518,"title":"factory
        title592"},{"id":23519,"title":"factory title593"},{"id":23520,"title":"factory
        title594"},{"id":23521,"title":"factory title595"},{"id":23522,"title":"factory
        title596"},{"id":23523,"title":"factory title597"},{"id":23524,"title":"factory
        title598"},{"id":23525,"title":"factory title599"},{"id":23526,"title":"factory
        title600"},{"id":23527,"title":"factory title601"},{"id":23528,"title":"factory
        title602"},{"id":23529,"title":"factory title603"},{"id":23530,"title":"factory
        title604"},{"id":23531,"title":"factory title605"},{"id":23532,"title":"factory
        title606"},{"id":23533,"title":"factory title607"},{"id":23534,"title":"factory
        title608"},{"id":23535,"title":"factory title609"},{"id":23536,"title":"factory
        title610"},{"id":23537,"title":"factory title611"},{"id":23538,"title":"factory
        title612"},{"id":23539,"title":"factory title613"},{"id":23540,"title":"factory
        title614"},{"id":23541,"title":"factory title615"},{"id":23542,"title":"factory
        title616"},{"id":23543,"title":"factory title617"},{"id":23544,"title":"factory
        title618"},{"id":23545,"title":"factory title619"},{"id":23546,"title":"factory
        title620"},{"id":23547,"title":"factory title621"},{"id":23548,"title":"factory
        title622"},{"id":23549,"title":"factory title623"},{"id":23550,"title":"factory
        title624"},{"id":23551,"title":"factory title625"},{"id":23552,"title":"factory
        title626"},{"id":23553,"title":"factory title627"},{"id":23554,"title":"factory
        title628"},{"id":23555,"title":"factory title629"},{"id":23556,"title":"factory
        title630"},{"id":23557,"title":"factory title631"},{"id":23558,"title":"factory
        title632"},{"id":23559,"title":"factory title633"},{"id":23560,"title":"factory
        title634"},{"id":23561,"title":"factory title635"},{"id":23562,"title":"factory
        title636"},{"id":23563,"title":"factory title637"},{"id":23564,"title":"factory
        title638"},{"id":23565,"title":"factory title639"},{"id":23566,"title":"factory
        title640"},{"id":23567,"title":"factory title641"},{"id":23568,"title":"factory
        title642"},{"id":23569,"title":"factory title643"},{"id":23570,"title":"factory
        title644"},{"id":23571,"title":"factory title645"},{"id":23572,"title":"factory
        title646"},{"id":23573,"title":"factory title647"},{"id":23574,"title":"factory
        title648"},{"id":23575,"title":"factory title649"},{"id":23576,"title":"factory
        title650"},{"id":23577,"title":"factory title651"},{"id":23578,"title":"factory
        title652"},{"id":23579,"title":"factory title653"},{"id":23580,"title":"factory
        title654"},{"id":23581,"title":"factory title655"},{"id":23582,"title":"factory
        title656"},{"id":23583,"title":"factory title657"},{"id":23584,"title":"factory
        title658"},{"id":23585,"title":"factory title659"},{"id":23586,"title":"factory
        title660"},{"id":23587,"title":"factory title661"},{"id":23588,"title":"factory
        title662"},{"id":23589,"title":"factory title663"},{"id":23590,"title":"factory
        title664"},{"id":23591,"title":"factory title665"},{"id":23592,"title":"factory
        title666"},{"id":23593,"title":"factory title667"},{"id":23594,"title":"factory
        title668"},{"id":23595,"title":"factory title669"},{"id":23596,"title":"factory
        title670"},{"id":23597,"title":"factory title671"},{"id":23598,"title":"factory
        title672"},{"id":23599,"title":"factory title673"},{"id":23600,"title":"factory
        title674"},{"id":23601,"title":"factory title675"},{"id":23602,"title":"factory
        title676"},{"id":23603,"title":"factory title677"},{"id":23604,"title":"factory
        title678"},{"id":23605,"title":"factory title679"},{"id":23606,"title":"factory
        title680"},{"id":23607,"title":"factory title681"},{"id":23608,"title":"factory
        title682"},{"id":23609,"title":"factory title683"},{"id":23610,"title":"factory
        title684"},{"id":23611,"title":"factory title685"},{"id":23612,"title":"factory
        title686"},{"id":23613,"title":"factory title687"},{"id":23614,"title":"factory
        title688"},{"id":23615,"title":"factory title689"},{"id":23616,"title":"factory
        title690"},{"id":23617,"title":"factory title691"},{"id":23618,"title":"factory
        title692"},{"id":23619,"title":"factory title693"},{"id":23620,"title":"factory
        title694"},{"id":23621,"title":"factory title695"},{"id":23622,"title":"factory
        title696"},{"id":23623,"title":"factory title697"},{"id":23624,"title":"factory
        title698"},{"id":23625,"title":"factory title699"},{"id":23626,"title":"factory
        title700"},{"id":23627,"title":"factory title701"},{"id":23628,"title":"factory
        title702"},{"id":23629,"title":"factory title703"},{"id":23630,"title":"factory
        title704"},{"id":23631,"title":"factory title705"},{"id":23632,"title":"factory
        title706"},{"id":23633,"title":"factory title707"},{"id":23634,"title":"factory
        title708"},{"id":23635,"title":"factory title709"},{"id":23636,"title":"factory
        title710"},{"id":23637,"title":"factory title711"},{"id":23638,"title":"factory
        title712"},{"id":23639,"title":"factory title713"},{"id":23640,"title":"factory
        title714"},{"id":23641,"title":"factory title715"},{"id":23642,"title":"factory
        title716"},{"id":23643,"title":"factory title717"},{"id":23644,"title":"factory
        title718"},{"id":23645,"title":"factory title719"},{"id":23646,"title":"factory
        title720"},{"id":23647,"title":"factory title721"},{"id":23648,"title":"factory
        title722"},{"id":23649,"title":"factory title723"},{"id":23650,"title":"factory
        title724"},{"id":23651,"title":"factory title725"},{"id":23652,"title":"factory
        title726"},{"id":23653,"title":"factory title727"},{"id":23654,"title":"factory
        title728"},{"id":23655,"title":"factory title729"},{"id":23656,"title":"factory
        title730"},{"id":23657,"title":"factory title731"},{"id":23658,"title":"factory
        title732"},{"id":23659,"title":"factory title733"},{"id":23660,"title":"factory
        title734"},{"id":23661,"title":"Game of Thrones"}]}'
    http_version: 
  recorded_at: Wed, 16 Dec 2015 21:30:16 GMT
- request:
    method: get
    uri: http://localhost:9292/api/universes/23661?access_token=90bc68f143f6b5fea3c0b6cedd5784e6ac61248ca39aa87372922d99eb4f8395
    body:
      encoding: US-ASCII
      string: ''
    headers:
      Accept-Encoding:
      - gzip;q=1.0,deflate;q=0.6,identity;q=0.3
      Accept:
      - "*/*"
      User-Agent:
      - Ruby
      Host:
      - localhost:9292
  response:
    status:
      code: 200
      message: 'OK '
    headers:
      X-Frame-Options:
      - SAMEORIGIN
      X-Xss-Protection:
      - 1; mode=block
      X-Content-Type-Options:
      - nosniff
      Content-Type:
      - application/json; charset=utf-8
      Etag:
      - W/"9c862fea3665aeba2c20a51d0c601f15"
      Cache-Control:
      - max-age=0, private, must-revalidate
      X-Request-Id:
      - bea35656-c71c-40c8-8604-2837b1a49540
      X-Runtime:
      - '0.130425'
      Server:
      - WEBrick/1.3.1 (Ruby/2.2.1/2015-02-26)
      Date:
      - Wed, 16 Dec 2015 21:30:16 GMT
      Content-Length:
      - '65'
      Connection:
      - Keep-Alive
    body:
      encoding: UTF-8
      string: '{"universe":{"id":23661,"title":"Game of Thrones","articles":[]}}'
    http_version: 
  recorded_at: Wed, 16 Dec 2015 21:30:16 GMT
- request:
    method: post
    uri: http://localhost:9292/api/events?access_token=90bc68f143f6b5fea3c0b6cedd5784e6ac61248ca39aa87372922d99eb4f8395
    body:
      encoding: US-ASCII
      string: event%5Btitle%5D=Green+wedding&event%5Buniverse_id%5D=23661
    headers:
      Accept-Encoding:
      - gzip;q=1.0,deflate;q=0.6,identity;q=0.3
      Accept:
      - "*/*"
      User-Agent:
      - Ruby
      Host:
      - localhost:9292
  response:
    status:
      code: 200
      message: 'OK '
    headers:
      X-Frame-Options:
      - SAMEORIGIN
      X-Xss-Protection:
      - 1; mode=block
      X-Content-Type-Options:
      - nosniff
      Content-Type:
      - application/json; charset=utf-8
      Etag:
      - W/"0cfb3d47cf44c5779e83d3d7d5e32c55"
      Cache-Control:
      - max-age=0, private, must-revalidate
      X-Request-Id:
      - 0ce9b2af-6361-4e72-baee-6df733ff08c8
      X-Runtime:
      - '0.074408'
      Server:
      - WEBrick/1.3.1 (Ruby/2.2.1/2015-02-26)
      Date:
      - Wed, 16 Dec 2015 21:30:16 GMT
      Content-Length:
      - '45'
      Connection:
      - Keep-Alive
      Set-Cookie:
      - request_method=POST; path=/
    body:
      encoding: UTF-8
      string: '{"event":{"id":9899,"title":"Green wedding"}}'
    http_version: 
  recorded_at: Wed, 16 Dec 2015 21:30:16 GMT
- request:
    method: post
    uri: http://localhost:9292/api/events
    body:
      encoding: UTF-8
      string: '{"event":{"universe_id":23661,"title":"Red wedding"}}'
    headers:
      Content-Type:
      - application/json
      Accept-Encoding:
      - gzip;q=1.0,deflate;q=0.6,identity;q=0.3
      Accept:
      - application/vnd.example.t1
      User-Agent:
      - Ruby
  response:
    status:
      code: 200
      message: 'OK '
    headers:
      X-Frame-Options:
      - SAMEORIGIN
      X-Xss-Protection:
      - 1; mode=block
      X-Content-Type-Options:
      - nosniff
      Content-Type:
      - application/json; charset=utf-8
      Etag:
      - W/"13c8b5f5662146b0c43e653aabfd7e87"
      Cache-Control:
      - max-age=0, private, must-revalidate
      X-Request-Id:
      - eef8558a-bfee-467e-ac4c-43907c933620
      X-Runtime:
      - '0.093019'
      Server:
      - WEBrick/1.3.1 (Ruby/2.2.1/2015-02-26)
      Date:
      - Wed, 16 Dec 2015 21:30:16 GMT
      Content-Length:
      - '93'
      Connection:
      - Keep-Alive
      Set-Cookie:
      - request_method=POST; path=/
    body:
      encoding: UTF-8
      string: '{"event":{"id":9900,"title":"Red wedding","universe":{"id":23661,"title":"Game
        of Thrones"}}}'
    http_version: 
  recorded_at: Wed, 16 Dec 2015 21:30:16 GMT
- request:
    method: post
    uri: http://localhost:9292/api/notes
    body:
      encoding: UTF-8
      string: '{"note":{"text":"a note"}}'
    headers:
      Content-Type:
      - application/json
      Accept-Encoding:
      - gzip;q=1.0,deflate;q=0.6,identity;q=0.3
      Accept:
      - application/vnd.example.t1
      User-Agent:
      - Ruby
  response:
    status:
      code: 200
      message: 'OK '
    headers:
      X-Frame-Options:
      - SAMEORIGIN
      X-Xss-Protection:
      - 1; mode=block
      X-Content-Type-Options:
      - nosniff
      Content-Type:
      - application/json; charset=utf-8
      Etag:
      - W/"655b9a2e433fe9a73b2fdb5cb8db142c"
      Cache-Control:
      - max-age=0, private, must-revalidate
      X-Request-Id:
      - 9411d048-30c0-4a2e-b02f-f1e819bc4f0a
      X-Runtime:
      - '0.067746'
      Server:
      - WEBrick/1.3.1 (Ruby/2.2.1/2015-02-26)
      Date:
      - Wed, 16 Dec 2015 21:30:16 GMT
      Content-Length:
      - '36'
      Connection:
      - Keep-Alive
      Set-Cookie:
      - request_method=POST; path=/
    body:
      encoding: UTF-8
      string: '{"note":{"id":9441,"text":"a note"}}'
    http_version: 
  recorded_at: Wed, 16 Dec 2015 21:30:16 GMT
- request:
    method: post
    uri: http://localhost:9292/api/event_notes
    body:
      encoding: UTF-8
      string: '{"event_note":{"event_id":9900,"note_id":9441}}'
    headers:
      Content-Type:
      - application/json
      Accept-Encoding:
      - gzip;q=1.0,deflate;q=0.6,identity;q=0.3
      Accept:
      - application/vnd.example.t1
      User-Agent:
      - Ruby
  response:
    status:
      code: 200
      message: 'OK '
    headers:
      X-Frame-Options:
      - SAMEORIGIN
      X-Xss-Protection:
      - 1; mode=block
      X-Content-Type-Options:
      - nosniff
      Content-Type:
      - application/json; charset=utf-8
      Etag:
      - W/"387ece42bda955e71288fc1515fd151b"
      Cache-Control:
      - max-age=0, private, must-revalidate
      X-Request-Id:
      - e9879fd3-22f7-40c0-bf74-60cf53eb4941
      X-Runtime:
      - '0.067753'
      Server:
      - WEBrick/1.3.1 (Ruby/2.2.1/2015-02-26)
      Date:
      - Wed, 16 Dec 2015 21:30:16 GMT
      Content-Length:
      - '57'
      Connection:
      - Keep-Alive
      Set-Cookie:
      - request_method=POST; path=/
    body:
      encoding: UTF-8
      string: '{"event_note":{"id":2275,"event_id":9900,"note_id":9441}}'
    http_version: 
  recorded_at: Wed, 16 Dec 2015 21:30:16 GMT
- request:
    method: post
    uri: http://localhost:9292/api/steps?access_token=90bc68f143f6b5fea3c0b6cedd5784e6ac61248ca39aa87372922d99eb4f8395
    body:
      encoding: US-ASCII
      string: step%5Bchild_id%5D=9900&step%5Bparent_id%5D=9899
    headers:
      Accept-Encoding:
      - gzip;q=1.0,deflate;q=0.6,identity;q=0.3
      Accept:
      - "*/*"
      User-Agent:
      - Ruby
      Host:
      - localhost:9292
  response:
    status:
      code: 200
      message: 'OK '
    headers:
      X-Frame-Options:
      - SAMEORIGIN
      X-Xss-Protection:
      - 1; mode=block
      X-Content-Type-Options:
      - nosniff
      Content-Type:
      - application/json; charset=utf-8
      Etag:
      - W/"c1c9073cfa512b3cec10c1e0fa0cb7e3"
      Cache-Control:
      - max-age=0, private, must-revalidate
      X-Request-Id:
      - f795c158-0665-4862-a160-a1fde15e1b31
      X-Runtime:
      - '0.066992'
      Server:
      - WEBrick/1.3.1 (Ruby/2.2.1/2015-02-26)
      Date:
      - Wed, 16 Dec 2015 21:30:17 GMT
      Content-Length:
      - '53'
      Connection:
      - Keep-Alive
      Set-Cookie:
      - request_method=POST; path=/
    body:
      encoding: UTF-8
      string: '{"step":{"id":2031,"parent_id":9899,"child_id":9900}}'
    http_version: 
  recorded_at: Wed, 16 Dec 2015 21:30:17 GMT
- request:
    method: post
    uri: http://localhost:9292/api/articles?access_token=90bc68f143f6b5fea3c0b6cedd5784e6ac61248ca39aa87372922d99eb4f8395
    body:
      encoding: US-ASCII
      string: article%5Bgender%5D=m&article%5Bname%5D=John+Snow&article%5Btype%5D=Character&article%5Buniverse_id%5D=23661
    headers:
      Accept-Encoding:
      - gzip;q=1.0,deflate;q=0.6,identity;q=0.3
      Accept:
      - "*/*"
      User-Agent:
      - Ruby
      Host:
      - localhost:9292
  response:
    status:
      code: 200
      message: 'OK '
    headers:
      X-Frame-Options:
      - SAMEORIGIN
      X-Xss-Protection:
      - 1; mode=block
      X-Content-Type-Options:
      - nosniff
      Content-Type:
      - application/json; charset=utf-8
      Etag:
      - W/"860deddebaeae13ababfdf766673e89c"
      Cache-Control:
      - max-age=0, private, must-revalidate
      X-Request-Id:
      - 2e7827df-0ad1-46ea-878f-b1771e7bc50a
      X-Runtime:
      - '0.274945'
      Server:
      - WEBrick/1.3.1 (Ruby/2.2.1/2015-02-26)
      Date:
      - Wed, 16 Dec 2015 21:30:17 GMT
      Content-Length:
      - '128'
      Connection:
      - Keep-Alive
      Set-Cookie:
      - request_method=POST; path=/
    body:
      encoding: UTF-8
      string: '{"article":{"id":12059,"name":"John Snow","universe_id":23661,"type":"Character","gender":"m","tags":[],"notes":[],"events":[]}}'
    http_version: 
  recorded_at: Wed, 16 Dec 2015 21:30:17 GMT
- request:
    method: post
    uri: http://localhost:9292/api/participations?access_token=90bc68f143f6b5fea3c0b6cedd5784e6ac61248ca39aa87372922d99eb4f8395
    body:
      encoding: US-ASCII
      string: participation%5Barticle_id%5D=12059&participation%5Bevent_id%5D=9900
    headers:
      Accept-Encoding:
      - gzip;q=1.0,deflate;q=0.6,identity;q=0.3
      Accept:
      - "*/*"
      User-Agent:
      - Ruby
      Host:
      - localhost:9292
  response:
    status:
      code: 200
      message: 'OK '
    headers:
      X-Frame-Options:
      - SAMEORIGIN
      X-Xss-Protection:
      - 1; mode=block
      X-Content-Type-Options:
      - nosniff
      Content-Type:
      - application/json; charset=utf-8
      Etag:
      - W/"fe81567cfff64220c1ae58ac0de46c25"
      Cache-Control:
      - max-age=0, private, must-revalidate
      X-Request-Id:
      - edab497a-aa7d-4b09-810d-bd7a3b5e0503
      X-Runtime:
      - '0.048416'
      Server:
      - WEBrick/1.3.1 (Ruby/2.2.1/2015-02-26)
      Date:
      - Wed, 16 Dec 2015 21:30:17 GMT
      Content-Length:
      - '117'
      Connection:
      - Keep-Alive
      Set-Cookie:
      - request_method=POST; path=/
    body:
      encoding: UTF-8
      string: '{"participation":{"id":2629,"event":{"id":9900,"title":"Red wedding"},"participant":{"id":12059,"name":"John
        Snow"}}}'
    http_version: 
  recorded_at: Wed, 16 Dec 2015 21:30:17 GMT
- request:
    method: get
    uri: http://localhost:9292/api/events/9900?access_token=90bc68f143f6b5fea3c0b6cedd5784e6ac61248ca39aa87372922d99eb4f8395
    body:
      encoding: US-ASCII
      string: ''
    headers:
      Accept-Encoding:
      - gzip;q=1.0,deflate;q=0.6,identity;q=0.3
      Accept:
      - "*/*"
      User-Agent:
      - Ruby
      Host:
      - localhost:9292
  response:
    status:
      code: 200
      message: 'OK '
    headers:
      X-Frame-Options:
      - SAMEORIGIN
      X-Xss-Protection:
      - 1; mode=block
      X-Content-Type-Options:
      - nosniff
      Content-Type:
      - application/json; charset=utf-8
      Etag:
      - W/"10f6a1f66c452e14fd390d85a06caacd"
      Cache-Control:
      - max-age=0, private, must-revalidate
      X-Request-Id:
      - 0a641af1-d81f-4bca-b4a9-98d3b7bdd18d
      X-Runtime:
      - '0.055281'
      Server:
      - WEBrick/1.3.1 (Ruby/2.2.1/2015-02-26)
      Date:
      - Wed, 16 Dec 2015 21:30:17 GMT
      Content-Length:
      - '243'
      Connection:
      - Keep-Alive
    body:
      encoding: UTF-8
      string: '{"event":{"id":9900,"title":"Red wedding","parents":[{"id":9899,"title":"Green
        wedding"}],"children":[],"participations":[{"id":2629,"participant":{"id":12059,"name":"John
        Snow","gender":"m"}}],"notes":[{"id":9441,"text":"a note","tags":[]}]}}'
    http_version: 
  recorded_at: Wed, 16 Dec 2015 21:30:17 GMT
- request:
    method: get
    uri: http://localhost:9292/api/articles?access_token=90bc68f143f6b5fea3c0b6cedd5784e6ac61248ca39aa87372922d99eb4f8395&universe_id=23661
    body:
      encoding: US-ASCII
      string: ''
    headers:
      Accept-Encoding:
      - gzip;q=1.0,deflate;q=0.6,identity;q=0.3
      Accept:
      - "*/*"
      User-Agent:
      - Ruby
      Host:
      - localhost:9292
  response:
    status:
      code: 200
      message: 'OK '
    headers:
      X-Frame-Options:
      - SAMEORIGIN
      X-Xss-Protection:
      - 1; mode=block
      X-Content-Type-Options:
      - nosniff
      Content-Type:
      - application/json; charset=utf-8
      Etag:
      - W/"1cf76150d31534914ad2eabbba8a1af2"
      Cache-Control:
      - max-age=0, private, must-revalidate
      X-Request-Id:
      - ecd7e40c-639d-43b9-bdd2-e18ea4fa059a
      X-Runtime:
      - '0.003106'
      Server:
      - WEBrick/1.3.1 (Ruby/2.2.1/2015-02-26)
      Date:
      - Wed, 16 Dec 2015 21:30:17 GMT
      Content-Length:
      - '78'
      Connection:
      - Keep-Alive
    body:
      encoding: UTF-8
      string: '{"articles":[{"id":12059,"name":"John Snow","type":"Character","gender":"m"}]}'
    http_version: 
  recorded_at: Wed, 16 Dec 2015 21:30:17 GMT
- request:
    method: get
    uri: http://localhost:9292/api/events?access_token=90bc68f143f6b5fea3c0b6cedd5784e6ac61248ca39aa87372922d99eb4f8395&universe_id=23661
    body:
      encoding: US-ASCII
      string: ''
    headers:
      Accept-Encoding:
      - gzip;q=1.0,deflate;q=0.6,identity;q=0.3
      Accept:
      - "*/*"
      User-Agent:
      - Ruby
      Host:
      - localhost:9292
  response:
    status:
      code: 200
      message: 'OK '
    headers:
      X-Frame-Options:
      - SAMEORIGIN
      X-Xss-Protection:
      - 1; mode=block
      X-Content-Type-Options:
      - nosniff
      Content-Type:
      - application/json; charset=utf-8
      Etag:
      - W/"330bec94c0539fece0409986d28fae6f"
      Cache-Control:
      - max-age=0, private, must-revalidate
      X-Request-Id:
      - cd1aeaa4-96f1-4bc9-9079-1fcce0666bb1
      X-Runtime:
      - '0.005105'
      Server:
      - WEBrick/1.3.1 (Ruby/2.2.1/2015-02-26)
      Date:
      - Wed, 16 Dec 2015 21:30:17 GMT
      Content-Length:
      - '82'
      Connection:
      - Keep-Alive
    body:
      encoding: UTF-8
      string: '{"events":[{"id":9899,"title":"Green wedding"},{"id":9900,"title":"Red
        wedding"}]}'
    http_version: 
  recorded_at: Wed, 16 Dec 2015 21:30:17 GMT
- request:
    method: delete
    uri: http://localhost:9292/api/event_notes
    body:
      encoding: US-ASCII
      string: ''
    headers:
      Content-Type:
      - application/json
      Accept-Encoding:
      - gzip;q=1.0,deflate;q=0.6,identity;q=0.3
      Accept:
      - application/vnd.example.t1
      User-Agent:
      - Ruby
  response:
    status:
      code: 200
      message: 'OK '
    headers:
      X-Frame-Options:
      - SAMEORIGIN
      X-Xss-Protection:
      - 1; mode=block
      X-Content-Type-Options:
      - nosniff
      Content-Type:
      - application/json; charset=utf-8
      Etag:
      - W/"8eebeab7c5d996e0498f43f1d7c684e8"
      Cache-Control:
      - max-age=0, private, must-revalidate
      X-Request-Id:
      - 6ea7f3ed-109d-472d-a150-ca0e5aa375da
      X-Runtime:
      - '0.004339'
      Server:
      - WEBrick/1.3.1 (Ruby/2.2.1/2015-02-26)
      Date:
      - Wed, 16 Dec 2015 21:30:17 GMT
      Content-Length:
      - '60'
      Connection:
      - Keep-Alive
      Set-Cookie:
      - request_method=DELETE; path=/
    body:
      encoding: UTF-8
      string: '{"event_notes":[{"id":2275,"event_id":9900,"note_id":9441}]}'
    http_version: 
  recorded_at: Wed, 16 Dec 2015 21:30:17 GMT
- request:
    method: delete
    uri: http://localhost:9292/api/notes?access_token=90bc68f143f6b5fea3c0b6cedd5784e6ac61248ca39aa87372922d99eb4f8395
    body:
      encoding: US-ASCII
      string: ''
    headers:
      Depth:
      - Infinity
      Accept-Encoding:
      - gzip;q=1.0,deflate;q=0.6,identity;q=0.3
      Accept:
      - "*/*"
      User-Agent:
      - Ruby
      Host:
      - localhost:9292
  response:
    status:
      code: 200
      message: 'OK '
    headers:
      X-Frame-Options:
      - SAMEORIGIN
      X-Xss-Protection:
      - 1; mode=block
      X-Content-Type-Options:
      - nosniff
      Content-Type:
      - application/json; charset=utf-8
      Etag:
      - W/"ccf30b98330789b238191d31c16347e7"
      Cache-Control:
      - max-age=0, private, must-revalidate
      X-Request-Id:
      - e850604c-c79d-4fb7-b916-29092261c54a
      X-Runtime:
      - '0.051905'
      Server:
      - WEBrick/1.3.1 (Ruby/2.2.1/2015-02-26)
      Date:
      - Wed, 16 Dec 2015 21:30:17 GMT
      Content-Length:
      - '39'
      Connection:
      - Keep-Alive
      Set-Cookie:
      - request_method=DELETE; path=/
    body:
      encoding: UTF-8
      string: '{"notes":[{"id":9441,"text":"a note"}]}'
    http_version: 
  recorded_at: Wed, 16 Dec 2015 21:30:17 GMT
- request:
    method: delete
    uri: http://localhost:9292/api/steps?access_token=90bc68f143f6b5fea3c0b6cedd5784e6ac61248ca39aa87372922d99eb4f8395
    body:
      encoding: US-ASCII
      string: ''
    headers:
      Depth:
      - Infinity
      Accept-Encoding:
      - gzip;q=1.0,deflate;q=0.6,identity;q=0.3
      Accept:
      - "*/*"
      User-Agent:
      - Ruby
      Host:
      - localhost:9292
  response:
    status:
      code: 200
      message: 'OK '
    headers:
      X-Frame-Options:
      - SAMEORIGIN
      X-Xss-Protection:
      - 1; mode=block
      X-Content-Type-Options:
      - nosniff
      Content-Type:
      - application/json; charset=utf-8
      Etag:
      - W/"8373cefcd1d5c1122cc358adfa0ddea1"
      Cache-Control:
      - max-age=0, private, must-revalidate
      X-Request-Id:
      - b49ee6c6-3dc1-4b12-8361-f81eb53a7586
      X-Runtime:
      - '0.004455'
      Server:
      - WEBrick/1.3.1 (Ruby/2.2.1/2015-02-26)
      Date:
      - Wed, 16 Dec 2015 21:30:17 GMT
      Content-Length:
      - '56'
      Connection:
      - Keep-Alive
      Set-Cookie:
      - request_method=DELETE; path=/
    body:
      encoding: UTF-8
      string: '{"steps":[{"id":2031,"parent_id":9899,"child_id":9900}]}'
    http_version: 
  recorded_at: Wed, 16 Dec 2015 21:30:17 GMT
- request:
    method: delete
    uri: http://localhost:9292/api/participations
    body:
      encoding: US-ASCII
      string: ''
    headers:
      Content-Type:
      - application/json
      Accept-Encoding:
      - gzip;q=1.0,deflate;q=0.6,identity;q=0.3
      Accept:
      - application/vnd.example.t1
      User-Agent:
      - Ruby
  response:
    status:
      code: 200
      message: 'OK '
    headers:
      X-Frame-Options:
      - SAMEORIGIN
      X-Xss-Protection:
      - 1; mode=block
      X-Content-Type-Options:
      - nosniff
      Content-Type:
      - application/json; charset=utf-8
      Etag:
      - W/"d869b197f8493c36540c4843907a46d5"
      Cache-Control:
      - max-age=0, private, must-revalidate
      X-Request-Id:
      - 74fba428-d03e-4876-ae0d-9d8fc80c120c
      X-Runtime:
      - '0.955388'
      Server:
      - WEBrick/1.3.1 (Ruby/2.2.1/2015-02-26)
      Date:
      - Wed, 16 Dec 2015 21:30:18 GMT
      Content-Length:
      - '36135'
      Connection:
      - Keep-Alive
      Set-Cookie:
      - request_method=DELETE; path=/
    body:
      encoding: UTF-8
      string: '{"participations":[{"id":2268,"event":{"id":9538,"title":"factory title"},"participant":{"id":11698,"name":"factory
        name"}},{"id":2269,"event":{"id":9539,"title":"factory title"},"participant":{"id":11699,"name":"factory
        name"}},{"id":2270,"event":{"id":9540,"title":"factory title"},"participant":{"id":11700,"name":"factory
        name"}},{"id":2271,"event":{"id":9541,"title":"factory title"},"participant":{"id":11701,"name":"factory
        name"}},{"id":2272,"event":{"id":9542,"title":"factory title"},"participant":{"id":11702,"name":"factory
        name"}},{"id":2273,"event":{"id":9543,"title":"factory title"},"participant":{"id":11703,"name":"factory
        name"}},{"id":2274,"event":{"id":9544,"title":"factory title"},"participant":{"id":11704,"name":"factory
        name"}},{"id":2275,"event":{"id":9545,"title":"factory title"},"participant":{"id":11705,"name":"factory
        name"}},{"id":2276,"event":{"id":9546,"title":"factory title"},"participant":{"id":11706,"name":"factory
        name"}},{"id":2277,"event":{"id":9547,"title":"factory title"},"participant":{"id":11707,"name":"factory
        name"}},{"id":2278,"event":{"id":9548,"title":"factory title"},"participant":{"id":11708,"name":"factory
        name"}},{"id":2279,"event":{"id":9549,"title":"factory title"},"participant":{"id":11709,"name":"factory
        name"}},{"id":2280,"event":{"id":9550,"title":"factory title"},"participant":{"id":11710,"name":"factory
        name"}},{"id":2281,"event":{"id":9551,"title":"factory title"},"participant":{"id":11711,"name":"factory
        name"}},{"id":2282,"event":{"id":9552,"title":"factory title"},"participant":{"id":11712,"name":"factory
        name"}},{"id":2283,"event":{"id":9553,"title":"factory title"},"participant":{"id":11713,"name":"factory
        name"}},{"id":2284,"event":{"id":9554,"title":"factory title"},"participant":{"id":11714,"name":"factory
        name"}},{"id":2285,"event":{"id":9555,"title":"factory title"},"participant":{"id":11715,"name":"factory
        name"}},{"id":2286,"event":{"id":9556,"title":"factory title"},"participant":{"id":11716,"name":"factory
        name"}},{"id":2287,"event":{"id":9557,"title":"factory title"},"participant":{"id":11717,"name":"factory
        name"}},{"id":2288,"event":{"id":9558,"title":"factory title"},"participant":{"id":11718,"name":"factory
        name"}},{"id":2289,"event":{"id":9559,"title":"factory title"},"participant":{"id":11719,"name":"factory
        name"}},{"id":2290,"event":{"id":9560,"title":"factory title"},"participant":{"id":11720,"name":"factory
        name"}},{"id":2291,"event":{"id":9561,"title":"factory title"},"participant":{"id":11721,"name":"factory
        name"}},{"id":2292,"event":{"id":9562,"title":"factory title"},"participant":{"id":11722,"name":"factory
        name"}},{"id":2293,"event":{"id":9563,"title":"factory title"},"participant":{"id":11723,"name":"factory
        name"}},{"id":2294,"event":{"id":9564,"title":"factory title"},"participant":{"id":11724,"name":"factory
        name"}},{"id":2295,"event":{"id":9565,"title":"factory title"},"participant":{"id":11725,"name":"factory
        name"}},{"id":2296,"event":{"id":9566,"title":"factory title"},"participant":{"id":11726,"name":"factory
        name"}},{"id":2297,"event":{"id":9567,"title":"factory title"},"participant":{"id":11727,"name":"factory
        name"}},{"id":2298,"event":{"id":9568,"title":"factory title"},"participant":{"id":11728,"name":"factory
        name"}},{"id":2299,"event":{"id":9569,"title":"factory title"},"participant":{"id":11729,"name":"factory
        name"}},{"id":2300,"event":{"id":9570,"title":"factory title"},"participant":{"id":11730,"name":"factory
        name"}},{"id":2301,"event":{"id":9571,"title":"factory title"},"participant":{"id":11731,"name":"factory
        name"}},{"id":2302,"event":{"id":9572,"title":"factory title"},"participant":{"id":11732,"name":"factory
        name"}},{"id":2303,"event":{"id":9573,"title":"factory title"},"participant":{"id":11733,"name":"factory
        name"}},{"id":2304,"event":{"id":9574,"title":"factory title"},"participant":{"id":11734,"name":"factory
        name"}},{"id":2305,"event":{"id":9575,"title":"factory title"},"participant":{"id":11735,"name":"factory
        name"}},{"id":2306,"event":{"id":9576,"title":"factory title"},"participant":{"id":11736,"name":"factory
        name"}},{"id":2307,"event":{"id":9577,"title":"factory title"},"participant":{"id":11737,"name":"factory
        name"}},{"id":2308,"event":{"id":9578,"title":"factory title"},"participant":{"id":11738,"name":"factory
        name"}},{"id":2309,"event":{"id":9579,"title":"factory title"},"participant":{"id":11739,"name":"factory
        name"}},{"id":2310,"event":{"id":9580,"title":"factory title"},"participant":{"id":11740,"name":"factory
        name"}},{"id":2311,"event":{"id":9581,"title":"factory title"},"participant":{"id":11741,"name":"factory
        name"}},{"id":2312,"event":{"id":9582,"title":"factory title"},"participant":{"id":11742,"name":"factory
        name"}},{"id":2313,"event":{"id":9583,"title":"factory title"},"participant":{"id":11743,"name":"factory
        name"}},{"id":2314,"event":{"id":9584,"title":"factory title"},"participant":{"id":11744,"name":"factory
        name"}},{"id":2315,"event":{"id":9585,"title":"factory title"},"participant":{"id":11745,"name":"factory
        name"}},{"id":2316,"event":{"id":9586,"title":"factory title"},"participant":{"id":11746,"name":"factory
        name"}},{"id":2317,"event":{"id":9587,"title":"factory title"},"participant":{"id":11747,"name":"factory
        name"}},{"id":2318,"event":{"id":9588,"title":"factory title"},"participant":{"id":11748,"name":"factory
        name"}},{"id":2319,"event":{"id":9589,"title":"factory title"},"participant":{"id":11749,"name":"factory
        name"}},{"id":2320,"event":{"id":9590,"title":"factory title"},"participant":{"id":11750,"name":"factory
        name"}},{"id":2321,"event":{"id":9591,"title":"factory title"},"participant":{"id":11751,"name":"factory
        name"}},{"id":2322,"event":{"id":9592,"title":"factory title"},"participant":{"id":11752,"name":"factory
        name"}},{"id":2323,"event":{"id":9593,"title":"factory title"},"participant":{"id":11753,"name":"factory
        name"}},{"id":2324,"event":{"id":9594,"title":"factory title"},"participant":{"id":11754,"name":"factory
        name"}},{"id":2325,"event":{"id":9595,"title":"factory title"},"participant":{"id":11755,"name":"factory
        name"}},{"id":2326,"event":{"id":9596,"title":"factory title"},"participant":{"id":11756,"name":"factory
        name"}},{"id":2327,"event":{"id":9597,"title":"factory title"},"participant":{"id":11757,"name":"factory
        name"}},{"id":2328,"event":{"id":9598,"title":"factory title"},"participant":{"id":11758,"name":"factory
        name"}},{"id":2329,"event":{"id":9599,"title":"factory title"},"participant":{"id":11759,"name":"factory
        name"}},{"id":2330,"event":{"id":9600,"title":"factory title"},"participant":{"id":11760,"name":"factory
        name"}},{"id":2331,"event":{"id":9601,"title":"factory title"},"participant":{"id":11761,"name":"factory
        name"}},{"id":2332,"event":{"id":9602,"title":"factory title"},"participant":{"id":11762,"name":"factory
        name"}},{"id":2333,"event":{"id":9603,"title":"factory title"},"participant":{"id":11763,"name":"factory
        name"}},{"id":2334,"event":{"id":9604,"title":"factory title"},"participant":{"id":11764,"name":"factory
        name"}},{"id":2335,"event":{"id":9605,"title":"factory title"},"participant":{"id":11765,"name":"factory
        name"}},{"id":2336,"event":{"id":9606,"title":"factory title"},"participant":{"id":11766,"name":"factory
        name"}},{"id":2337,"event":{"id":9607,"title":"factory title"},"participant":{"id":11767,"name":"factory
        name"}},{"id":2338,"event":{"id":9608,"title":"factory title"},"participant":{"id":11768,"name":"factory
        name"}},{"id":2339,"event":{"id":9609,"title":"factory title"},"participant":{"id":11769,"name":"factory
        name"}},{"id":2340,"event":{"id":9610,"title":"factory title"},"participant":{"id":11770,"name":"factory
        name"}},{"id":2341,"event":{"id":9611,"title":"factory title"},"participant":{"id":11771,"name":"factory
        name"}},{"id":2342,"event":{"id":9612,"title":"factory title"},"participant":{"id":11772,"name":"factory
        name"}},{"id":2343,"event":{"id":9613,"title":"factory title"},"participant":{"id":11773,"name":"factory
        name"}},{"id":2344,"event":{"id":9614,"title":"factory title"},"participant":{"id":11774,"name":"factory
        name"}},{"id":2345,"event":{"id":9615,"title":"factory title"},"participant":{"id":11775,"name":"factory
        name"}},{"id":2346,"event":{"id":9616,"title":"factory title"},"participant":{"id":11776,"name":"factory
        name"}},{"id":2347,"event":{"id":9617,"title":"factory title"},"participant":{"id":11777,"name":"factory
        name"}},{"id":2348,"event":{"id":9618,"title":"factory title"},"participant":{"id":11778,"name":"factory
        name"}},{"id":2349,"event":{"id":9619,"title":"factory title"},"participant":{"id":11779,"name":"factory
        name"}},{"id":2350,"event":{"id":9620,"title":"factory title"},"participant":{"id":11780,"name":"factory
        name"}},{"id":2351,"event":{"id":9621,"title":"factory title"},"participant":{"id":11781,"name":"factory
        name"}},{"id":2352,"event":{"id":9622,"title":"factory title"},"participant":{"id":11782,"name":"factory
        name"}},{"id":2353,"event":{"id":9623,"title":"factory title"},"participant":{"id":11783,"name":"factory
        name"}},{"id":2354,"event":{"id":9624,"title":"factory title"},"participant":{"id":11784,"name":"factory
        name"}},{"id":2355,"event":{"id":9625,"title":"factory title"},"participant":{"id":11785,"name":"factory
        name"}},{"id":2356,"event":{"id":9626,"title":"factory title"},"participant":{"id":11786,"name":"factory
        name"}},{"id":2357,"event":{"id":9627,"title":"factory title"},"participant":{"id":11787,"name":"factory
        name"}},{"id":2358,"event":{"id":9628,"title":"factory title"},"participant":{"id":11788,"name":"factory
        name"}},{"id":2359,"event":{"id":9629,"title":"factory title"},"participant":{"id":11789,"name":"factory
        name"}},{"id":2360,"event":{"id":9630,"title":"factory title"},"participant":{"id":11790,"name":"factory
        name"}},{"id":2361,"event":{"id":9631,"title":"factory title"},"participant":{"id":11791,"name":"factory
        name"}},{"id":2362,"event":{"id":9632,"title":"factory title"},"participant":{"id":11792,"name":"factory
        name"}},{"id":2363,"event":{"id":9633,"title":"factory title"},"participant":{"id":11793,"name":"factory
        name"}},{"id":2364,"event":{"id":9634,"title":"factory title"},"participant":{"id":11794,"name":"factory
        name"}},{"id":2365,"event":{"id":9635,"title":"factory title"},"participant":{"id":11795,"name":"factory
        name"}},{"id":2366,"event":{"id":9636,"title":"factory title"},"participant":{"id":11796,"name":"factory
        name"}},{"id":2367,"event":{"id":9637,"title":"factory title"},"participant":{"id":11797,"name":"factory
        name"}},{"id":2368,"event":{"id":9638,"title":"factory title"},"participant":{"id":11798,"name":"factory
        name"}},{"id":2369,"event":{"id":9639,"title":"factory title"},"participant":{"id":11799,"name":"factory
        name"}},{"id":2370,"event":{"id":9640,"title":"factory title"},"participant":{"id":11800,"name":"factory
        name"}},{"id":2371,"event":{"id":9641,"title":"factory title"},"participant":{"id":11801,"name":"factory
        name"}},{"id":2372,"event":{"id":9642,"title":"factory title"},"participant":{"id":11802,"name":"factory
        name"}},{"id":2373,"event":{"id":9643,"title":"factory title"},"participant":{"id":11803,"name":"factory
        name"}},{"id":2374,"event":{"id":9644,"title":"factory title"},"participant":{"id":11804,"name":"factory
        name"}},{"id":2375,"event":{"id":9645,"title":"factory title"},"participant":{"id":11805,"name":"factory
        name"}},{"id":2376,"event":{"id":9646,"title":"factory title"},"participant":{"id":11806,"name":"factory
        name"}},{"id":2377,"event":{"id":9647,"title":"factory title"},"participant":{"id":11807,"name":"factory
        name"}},{"id":2378,"event":{"id":9648,"title":"factory title"},"participant":{"id":11808,"name":"factory
        name"}},{"id":2379,"event":{"id":9649,"title":"factory title"},"participant":{"id":11809,"name":"factory
        name"}},{"id":2380,"event":{"id":9650,"title":"factory title"},"participant":{"id":11810,"name":"factory
        name"}},{"id":2381,"event":{"id":9651,"title":"factory title"},"participant":{"id":11811,"name":"factory
        name"}},{"id":2382,"event":{"id":9652,"title":"factory title"},"participant":{"id":11812,"name":"factory
        name"}},{"id":2383,"event":{"id":9653,"title":"factory title"},"participant":{"id":11813,"name":"factory
        name"}},{"id":2384,"event":{"id":9654,"title":"factory title"},"participant":{"id":11814,"name":"factory
        name"}},{"id":2385,"event":{"id":9655,"title":"factory title"},"participant":{"id":11815,"name":"factory
        name"}},{"id":2386,"event":{"id":9656,"title":"factory title"},"participant":{"id":11816,"name":"factory
        name"}},{"id":2387,"event":{"id":9657,"title":"factory title"},"participant":{"id":11817,"name":"factory
        name"}},{"id":2388,"event":{"id":9658,"title":"factory title"},"participant":{"id":11818,"name":"factory
        name"}},{"id":2389,"event":{"id":9659,"title":"factory title"},"participant":{"id":11819,"name":"factory
        name"}},{"id":2390,"event":{"id":9660,"title":"factory title"},"participant":{"id":11820,"name":"factory
        name"}},{"id":2391,"event":{"id":9661,"title":"factory title"},"participant":{"id":11821,"name":"factory
        name"}},{"id":2392,"event":{"id":9662,"title":"factory title"},"participant":{"id":11822,"name":"factory
        name"}},{"id":2393,"event":{"id":9663,"title":"factory title"},"participant":{"id":11823,"name":"factory
        name"}},{"id":2394,"event":{"id":9664,"title":"factory title"},"participant":{"id":11824,"name":"factory
        name"}},{"id":2395,"event":{"id":9665,"title":"factory title"},"participant":{"id":11825,"name":"factory
        name"}},{"id":2396,"event":{"id":9666,"title":"factory title"},"participant":{"id":11826,"name":"factory
        name"}},{"id":2397,"event":{"id":9667,"title":"factory title"},"participant":{"id":11827,"name":"factory
        name"}},{"id":2398,"event":{"id":9668,"title":"factory title"},"participant":{"id":11828,"name":"factory
        name"}},{"id":2399,"event":{"id":9669,"title":"factory title"},"participant":{"id":11829,"name":"factory
        name"}},{"id":2400,"event":{"id":9670,"title":"factory title"},"participant":{"id":11830,"name":"factory
        name"}},{"id":2401,"event":{"id":9671,"title":"factory title"},"participant":{"id":11831,"name":"factory
        name"}},{"id":2402,"event":{"id":9672,"title":"factory title"},"participant":{"id":11832,"name":"factory
        name"}},{"id":2403,"event":{"id":9673,"title":"factory title"},"participant":{"id":11833,"name":"factory
        name"}},{"id":2404,"event":{"id":9674,"title":"factory title"},"participant":{"id":11834,"name":"factory
        name"}},{"id":2405,"event":{"id":9675,"title":"factory title"},"participant":{"id":11835,"name":"factory
        name"}},{"id":2406,"event":{"id":9676,"title":"factory title"},"participant":{"id":11836,"name":"factory
        name"}},{"id":2407,"event":{"id":9677,"title":"factory title"},"participant":{"id":11837,"name":"factory
        name"}},{"id":2408,"event":{"id":9678,"title":"factory title"},"participant":{"id":11838,"name":"factory
        name"}},{"id":2409,"event":{"id":9679,"title":"factory title"},"participant":{"id":11839,"name":"factory
        name"}},{"id":2410,"event":{"id":9680,"title":"factory title"},"participant":{"id":11840,"name":"factory
        name"}},{"id":2411,"event":{"id":9681,"title":"factory title"},"participant":{"id":11841,"name":"factory
        name"}},{"id":2412,"event":{"id":9682,"title":"factory title"},"participant":{"id":11842,"name":"factory
        name"}},{"id":2413,"event":{"id":9683,"title":"factory title"},"participant":{"id":11843,"name":"factory
        name"}},{"id":2414,"event":{"id":9684,"title":"factory title"},"participant":{"id":11844,"name":"factory
        name"}},{"id":2415,"event":{"id":9685,"title":"factory title"},"participant":{"id":11845,"name":"factory
        name"}},{"id":2416,"event":{"id":9686,"title":"factory title"},"participant":{"id":11846,"name":"factory
        name"}},{"id":2417,"event":{"id":9687,"title":"factory title"},"participant":{"id":11847,"name":"factory
        name"}},{"id":2418,"event":{"id":9688,"title":"factory title"},"participant":{"id":11848,"name":"factory
        name"}},{"id":2419,"event":{"id":9689,"title":"factory title"},"participant":{"id":11849,"name":"factory
        name"}},{"id":2420,"event":{"id":9690,"title":"factory title"},"participant":{"id":11850,"name":"factory
        name"}},{"id":2421,"event":{"id":9691,"title":"factory title"},"participant":{"id":11851,"name":"factory
        name"}},{"id":2422,"event":{"id":9692,"title":"factory title"},"participant":{"id":11852,"name":"factory
        name"}},{"id":2423,"event":{"id":9693,"title":"factory title"},"participant":{"id":11853,"name":"factory
        name"}},{"id":2424,"event":{"id":9694,"title":"factory title"},"participant":{"id":11854,"name":"factory
        name"}},{"id":2425,"event":{"id":9695,"title":"factory title"},"participant":{"id":11855,"name":"factory
        name"}},{"id":2426,"event":{"id":9696,"title":"factory title"},"participant":{"id":11856,"name":"factory
        name"}},{"id":2427,"event":{"id":9697,"title":"factory title"},"participant":{"id":11857,"name":"factory
        name"}},{"id":2428,"event":{"id":9698,"title":"factory title"},"participant":{"id":11858,"name":"factory
        name"}},{"id":2429,"event":{"id":9699,"title":"factory title"},"participant":{"id":11859,"name":"factory
        name"}},{"id":2430,"event":{"id":9700,"title":"factory title"},"participant":{"id":11860,"name":"factory
        name"}},{"id":2431,"event":{"id":9701,"title":"factory title"},"participant":{"id":11861,"name":"factory
        name"}},{"id":2432,"event":{"id":9702,"title":"factory title"},"participant":{"id":11862,"name":"factory
        name"}},{"id":2433,"event":{"id":9703,"title":"factory title"},"participant":{"id":11863,"name":"factory
        name"}},{"id":2434,"event":{"id":9704,"title":"factory title"},"participant":{"id":11864,"name":"factory
        name"}},{"id":2435,"event":{"id":9705,"title":"factory title"},"participant":{"id":11865,"name":"factory
        name"}},{"id":2436,"event":{"id":9706,"title":"factory title"},"participant":{"id":11866,"name":"factory
        name"}},{"id":2437,"event":{"id":9707,"title":"factory title"},"participant":{"id":11867,"name":"factory
        name"}},{"id":2438,"event":{"id":9708,"title":"factory title"},"participant":{"id":11868,"name":"factory
        name"}},{"id":2439,"event":{"id":9709,"title":"factory title"},"participant":{"id":11869,"name":"factory
        name"}},{"id":2440,"event":{"id":9710,"title":"factory title"},"participant":{"id":11870,"name":"factory
        name"}},{"id":2441,"event":{"id":9711,"title":"factory title"},"participant":{"id":11871,"name":"factory
        name"}},{"id":2442,"event":{"id":9712,"title":"factory title"},"participant":{"id":11872,"name":"factory
        name"}},{"id":2443,"event":{"id":9713,"title":"factory title"},"participant":{"id":11873,"name":"factory
        name"}},{"id":2444,"event":{"id":9714,"title":"factory title"},"participant":{"id":11874,"name":"factory
        name"}},{"id":2445,"event":{"id":9715,"title":"factory title"},"participant":{"id":11875,"name":"factory
        name"}},{"id":2446,"event":{"id":9716,"title":"factory title"},"participant":{"id":11876,"name":"factory
        name"}},{"id":2447,"event":{"id":9717,"title":"factory title"},"participant":{"id":11877,"name":"factory
        name"}},{"id":2448,"event":{"id":9718,"title":"factory title"},"participant":{"id":11878,"name":"factory
        name"}},{"id":2449,"event":{"id":9719,"title":"factory title"},"participant":{"id":11879,"name":"factory
        name"}},{"id":2450,"event":{"id":9720,"title":"factory title"},"participant":{"id":11880,"name":"factory
        name"}},{"id":2451,"event":{"id":9721,"title":"factory title"},"participant":{"id":11881,"name":"factory
        name"}},{"id":2452,"event":{"id":9722,"title":"factory title"},"participant":{"id":11882,"name":"factory
        name"}},{"id":2453,"event":{"id":9723,"title":"factory title"},"participant":{"id":11883,"name":"factory
        name"}},{"id":2454,"event":{"id":9724,"title":"factory title"},"participant":{"id":11884,"name":"factory
        name"}},{"id":2455,"event":{"id":9725,"title":"factory title"},"participant":{"id":11885,"name":"factory
        name"}},{"id":2456,"event":{"id":9726,"title":"factory title"},"participant":{"id":11886,"name":"factory
        name"}},{"id":2457,"event":{"id":9727,"title":"factory title"},"participant":{"id":11887,"name":"factory
        name"}},{"id":2458,"event":{"id":9728,"title":"factory title"},"participant":{"id":11888,"name":"factory
        name"}},{"id":2459,"event":{"id":9729,"title":"factory title"},"participant":{"id":11889,"name":"factory
        name"}},{"id":2460,"event":{"id":9730,"title":"factory title"},"participant":{"id":11890,"name":"factory
        name"}},{"id":2461,"event":{"id":9731,"title":"factory title"},"participant":{"id":11891,"name":"factory
        name"}},{"id":2462,"event":{"id":9732,"title":"factory title"},"participant":{"id":11892,"name":"factory
        name"}},{"id":2463,"event":{"id":9733,"title":"factory title"},"participant":{"id":11893,"name":"factory
        name"}},{"id":2464,"event":{"id":9734,"title":"factory title"},"participant":{"id":11894,"name":"factory
        name"}},{"id":2465,"event":{"id":9735,"title":"factory title"},"participant":{"id":11895,"name":"factory
        name"}},{"id":2466,"event":{"id":9736,"title":"factory title"},"participant":{"id":11896,"name":"factory
        name"}},{"id":2467,"event":{"id":9737,"title":"factory title"},"participant":{"id":11897,"name":"factory
        name"}},{"id":2468,"event":{"id":9738,"title":"factory title"},"participant":{"id":11898,"name":"factory
        name"}},{"id":2469,"event":{"id":9739,"title":"factory title"},"participant":{"id":11899,"name":"factory
        name"}},{"id":2470,"event":{"id":9740,"title":"factory title"},"participant":{"id":11900,"name":"factory
        name"}},{"id":2471,"event":{"id":9741,"title":"factory title"},"participant":{"id":11901,"name":"factory
        name"}},{"id":2472,"event":{"id":9742,"title":"factory title"},"participant":{"id":11902,"name":"factory
        name"}},{"id":2473,"event":{"id":9743,"title":"factory title"},"participant":{"id":11903,"name":"factory
        name"}},{"id":2474,"event":{"id":9744,"title":"factory title"},"participant":{"id":11904,"name":"factory
        name"}},{"id":2475,"event":{"id":9745,"title":"factory title"},"participant":{"id":11905,"name":"factory
        name"}},{"id":2476,"event":{"id":9746,"title":"factory title"},"participant":{"id":11906,"name":"factory
        name"}},{"id":2477,"event":{"id":9747,"title":"factory title"},"participant":{"id":11907,"name":"factory
        name"}},{"id":2478,"event":{"id":9748,"title":"factory title"},"participant":{"id":11908,"name":"factory
        name"}},{"id":2479,"event":{"id":9749,"title":"factory title"},"participant":{"id":11909,"name":"factory
        name"}},{"id":2480,"event":{"id":9750,"title":"factory title"},"participant":{"id":11910,"name":"factory
        name"}},{"id":2481,"event":{"id":9751,"title":"factory title"},"participant":{"id":11911,"name":"factory
        name"}},{"id":2482,"event":{"id":9752,"title":"factory title"},"participant":{"id":11912,"name":"factory
        name"}},{"id":2483,"event":{"id":9753,"title":"factory title"},"participant":{"id":11913,"name":"factory
        name"}},{"id":2484,"event":{"id":9754,"title":"factory title"},"participant":{"id":11914,"name":"factory
        name"}},{"id":2485,"event":{"id":9755,"title":"factory title"},"participant":{"id":11915,"name":"factory
        name"}},{"id":2486,"event":{"id":9756,"title":"factory title"},"participant":{"id":11916,"name":"factory
        name"}},{"id":2487,"event":{"id":9757,"title":"factory title"},"participant":{"id":11917,"name":"factory
        name"}},{"id":2488,"event":{"id":9758,"title":"factory title"},"participant":{"id":11918,"name":"factory
        name"}},{"id":2489,"event":{"id":9759,"title":"factory title"},"participant":{"id":11919,"name":"factory
        name"}},{"id":2490,"event":{"id":9760,"title":"factory title"},"participant":{"id":11920,"name":"factory
        name"}},{"id":2491,"event":{"id":9761,"title":"factory title"},"participant":{"id":11921,"name":"factory
        name"}},{"id":2492,"event":{"id":9762,"title":"factory title"},"participant":{"id":11922,"name":"factory
        name"}},{"id":2493,"event":{"id":9763,"title":"factory title"},"participant":{"id":11923,"name":"factory
        name"}},{"id":2494,"event":{"id":9764,"title":"factory title"},"participant":{"id":11924,"name":"factory
        name"}},{"id":2495,"event":{"id":9765,"title":"factory title"},"participant":{"id":11925,"name":"factory
        name"}},{"id":2496,"event":{"id":9766,"title":"factory title"},"participant":{"id":11926,"name":"factory
        name"}},{"id":2497,"event":{"id":9767,"title":"factory title"},"participant":{"id":11927,"name":"factory
        name"}},{"id":2498,"event":{"id":9768,"title":"factory title"},"participant":{"id":11928,"name":"factory
        name"}},{"id":2499,"event":{"id":9769,"title":"factory title"},"participant":{"id":11929,"name":"factory
        name"}},{"id":2500,"event":{"id":9770,"title":"factory title"},"participant":{"id":11930,"name":"factory
        name"}},{"id":2501,"event":{"id":9771,"title":"factory title"},"participant":{"id":11931,"name":"factory
        name"}},{"id":2502,"event":{"id":9772,"title":"factory title"},"participant":{"id":11932,"name":"factory
        name"}},{"id":2503,"event":{"id":9773,"title":"factory title"},"participant":{"id":11933,"name":"factory
        name"}},{"id":2504,"event":{"id":9774,"title":"factory title"},"participant":{"id":11934,"name":"factory
        name"}},{"id":2505,"event":{"id":9775,"title":"factory title"},"participant":{"id":11935,"name":"factory
        name"}},{"id":2506,"event":{"id":9776,"title":"factory title"},"participant":{"id":11936,"name":"factory
        name"}},{"id":2507,"event":{"id":9777,"title":"factory title"},"participant":{"id":11937,"name":"factory
        name"}},{"id":2508,"event":{"id":9778,"title":"factory title"},"participant":{"id":11938,"name":"factory
        name"}},{"id":2509,"event":{"id":9779,"title":"factory title"},"participant":{"id":11939,"name":"factory
        name"}},{"id":2510,"event":{"id":9780,"title":"factory title"},"participant":{"id":11940,"name":"factory
        name"}},{"id":2511,"event":{"id":9781,"title":"factory title"},"participant":{"id":11941,"name":"factory
        name"}},{"id":2512,"event":{"id":9782,"title":"factory title"},"participant":{"id":11942,"name":"factory
        name"}},{"id":2513,"event":{"id":9783,"title":"factory title"},"participant":{"id":11943,"name":"factory
        name"}},{"id":2514,"event":{"id":9784,"title":"factory title"},"participant":{"id":11944,"name":"factory
        name"}},{"id":2515,"event":{"id":9785,"title":"factory title"},"participant":{"id":11945,"name":"factory
        name"}},{"id":2516,"event":{"id":9786,"title":"factory title"},"participant":{"id":11946,"name":"factory
        name"}},{"id":2517,"event":{"id":9787,"title":"factory title"},"participant":{"id":11947,"name":"factory
        name"}},{"id":2518,"event":{"id":9788,"title":"factory title"},"participant":{"id":11948,"name":"factory
        name"}},{"id":2519,"event":{"id":9789,"title":"factory title"},"participant":{"id":11949,"name":"factory
        name"}},{"id":2520,"event":{"id":9790,"title":"factory title"},"participant":{"id":11950,"name":"factory
        name"}},{"id":2521,"event":{"id":9791,"title":"factory title"},"participant":{"id":11951,"name":"factory
        name"}},{"id":2522,"event":{"id":9792,"title":"factory title"},"participant":{"id":11952,"name":"factory
        name"}},{"id":2523,"event":{"id":9793,"title":"factory title"},"participant":{"id":11953,"name":"factory
        name"}},{"id":2524,"event":{"id":9794,"title":"factory title"},"participant":{"id":11954,"name":"factory
        name"}},{"id":2525,"event":{"id":9795,"title":"factory title"},"participant":{"id":11955,"name":"factory
        name"}},{"id":2526,"event":{"id":9796,"title":"factory title"},"participant":{"id":11956,"name":"factory
        name"}},{"id":2527,"event":{"id":9797,"title":"factory title"},"participant":{"id":11957,"name":"factory
        name"}},{"id":2528,"event":{"id":9798,"title":"factory title"},"participant":{"id":11958,"name":"factory
        name"}},{"id":2529,"event":{"id":9799,"title":"factory title"},"participant":{"id":11959,"name":"factory
        name"}},{"id":2530,"event":{"id":9800,"title":"factory title"},"participant":{"id":11960,"name":"factory
        name"}},{"id":2531,"event":{"id":9801,"title":"factory title"},"participant":{"id":11961,"name":"factory
        name"}},{"id":2532,"event":{"id":9802,"title":"factory title"},"participant":{"id":11962,"name":"factory
        name"}},{"id":2533,"event":{"id":9803,"title":"factory title"},"participant":{"id":11963,"name":"factory
        name"}},{"id":2534,"event":{"id":9804,"title":"factory title"},"participant":{"id":11964,"name":"factory
        name"}},{"id":2535,"event":{"id":9805,"title":"factory title"},"participant":{"id":11965,"name":"factory
        name"}},{"id":2536,"event":{"id":9806,"title":"factory title"},"participant":{"id":11966,"name":"factory
        name"}},{"id":2537,"event":{"id":9807,"title":"factory title"},"participant":{"id":11967,"name":"factory
        name"}},{"id":2538,"event":{"id":9808,"title":"factory title"},"participant":{"id":11968,"name":"factory
        name"}},{"id":2539,"event":{"id":9809,"title":"factory title"},"participant":{"id":11969,"name":"factory
        name"}},{"id":2540,"event":{"id":9810,"title":"factory title"},"participant":{"id":11970,"name":"factory
        name"}},{"id":2541,"event":{"id":9811,"title":"factory title"},"participant":{"id":11971,"name":"factory
        name"}},{"id":2542,"event":{"id":9812,"title":"factory title"},"participant":{"id":11972,"name":"factory
        name"}},{"id":2543,"event":{"id":9813,"title":"factory title"},"participant":{"id":11973,"name":"factory
        name"}},{"id":2544,"event":{"id":9814,"title":"factory title"},"participant":{"id":11974,"name":"factory
        name"}},{"id":2545,"event":{"id":9815,"title":"factory title"},"participant":{"id":11975,"name":"factory
        name"}},{"id":2546,"event":{"id":9816,"title":"factory title"},"participant":{"id":11976,"name":"factory
        name"}},{"id":2547,"event":{"id":9817,"title":"factory title"},"participant":{"id":11977,"name":"factory
        name"}},{"id":2548,"event":{"id":9818,"title":"factory title"},"participant":{"id":11978,"name":"factory
        name"}},{"id":2549,"event":{"id":9819,"title":"factory title"},"participant":{"id":11979,"name":"factory
        name"}},{"id":2550,"event":{"id":9820,"title":"factory title"},"participant":{"id":11980,"name":"factory
        name"}},{"id":2551,"event":{"id":9821,"title":"factory title"},"participant":{"id":11981,"name":"factory
        name"}},{"id":2552,"event":{"id":9822,"title":"factory title"},"participant":{"id":11982,"name":"factory
        name"}},{"id":2553,"event":{"id":9823,"title":"factory title"},"participant":{"id":11983,"name":"factory
        name"}},{"id":2554,"event":{"id":9824,"title":"factory title"},"participant":{"id":11984,"name":"factory
        name"}},{"id":2555,"event":{"id":9825,"title":"factory title"},"participant":{"id":11985,"name":"factory
        name"}},{"id":2556,"event":{"id":9826,"title":"factory title"},"participant":{"id":11986,"name":"factory
        name"}},{"id":2557,"event":{"id":9827,"title":"factory title"},"participant":{"id":11987,"name":"factory
        name"}},{"id":2558,"event":{"id":9828,"title":"factory title"},"participant":{"id":11988,"name":"factory
        name"}},{"id":2559,"event":{"id":9829,"title":"factory title"},"participant":{"id":11989,"name":"factory
        name"}},{"id":2560,"event":{"id":9830,"title":"factory title"},"participant":{"id":11990,"name":"factory
        name"}},{"id":2561,"event":{"id":9831,"title":"factory title"},"participant":{"id":11991,"name":"factory
        name"}},{"id":2562,"event":{"id":9832,"title":"factory title"},"participant":{"id":11992,"name":"factory
        name"}},{"id":2563,"event":{"id":9833,"title":"factory title"},"participant":{"id":11993,"name":"factory
        name"}},{"id":2564,"event":{"id":9834,"title":"factory title"},"participant":{"id":11994,"name":"factory
        name"}},{"id":2565,"event":{"id":9835,"title":"factory title"},"participant":{"id":11995,"name":"factory
        name"}},{"id":2566,"event":{"id":9836,"title":"factory title"},"participant":{"id":11996,"name":"factory
        name"}},{"id":2567,"event":{"id":9837,"title":"factory title"},"participant":{"id":11997,"name":"factory
        name"}},{"id":2568,"event":{"id":9838,"title":"factory title"},"participant":{"id":11998,"name":"factory
        name"}},{"id":2569,"event":{"id":9839,"title":"factory title"},"participant":{"id":11999,"name":"factory
        name"}},{"id":2570,"event":{"id":9840,"title":"factory title"},"participant":{"id":12000,"name":"factory
        name"}},{"id":2571,"event":{"id":9841,"title":"factory title"},"participant":{"id":12001,"name":"factory
        name"}},{"id":2572,"event":{"id":9842,"title":"factory title"},"participant":{"id":12002,"name":"factory
        name"}},{"id":2573,"event":{"id":9843,"title":"factory title"},"participant":{"id":12003,"name":"factory
        name"}},{"id":2574,"event":{"id":9844,"title":"factory title"},"participant":{"id":12004,"name":"factory
        name"}},{"id":2575,"event":{"id":9845,"title":"factory title"},"participant":{"id":12005,"name":"factory
        name"}},{"id":2576,"event":{"id":9846,"title":"factory title"},"participant":{"id":12006,"name":"factory
        name"}},{"id":2577,"event":{"id":9847,"title":"factory title"},"participant":{"id":12007,"name":"factory
        name"}},{"id":2578,"event":{"id":9848,"title":"factory title"},"participant":{"id":12008,"name":"factory
        name"}},{"id":2579,"event":{"id":9849,"title":"factory title"},"participant":{"id":12009,"name":"factory
        name"}},{"id":2580,"event":{"id":9850,"title":"factory title"},"participant":{"id":12010,"name":"factory
        name"}},{"id":2581,"event":{"id":9851,"title":"factory title"},"participant":{"id":12011,"name":"factory
        name"}},{"id":2582,"event":{"id":9852,"title":"factory title"},"participant":{"id":12012,"name":"factory
        name"}},{"id":2583,"event":{"id":9853,"title":"factory title"},"participant":{"id":12013,"name":"factory
        name"}},{"id":2584,"event":{"id":9854,"title":"factory title"},"participant":{"id":12014,"name":"factory
        name"}},{"id":2585,"event":{"id":9855,"title":"factory title"},"participant":{"id":12015,"name":"factory
        name"}},{"id":2586,"event":{"id":9856,"title":"factory title"},"participant":{"id":12016,"name":"factory
        name"}},{"id":2587,"event":{"id":9857,"title":"factory title"},"participant":{"id":12017,"name":"factory
        name"}},{"id":2588,"event":{"id":9858,"title":"factory title"},"participant":{"id":12018,"name":"factory
        name"}},{"id":2589,"event":{"id":9859,"title":"factory title"},"participant":{"id":12019,"name":"factory
        name"}},{"id":2590,"event":{"id":9860,"title":"factory title"},"participant":{"id":12020,"name":"factory
        name"}},{"id":2591,"event":{"id":9861,"title":"factory title"},"participant":{"id":12021,"name":"factory
        name"}},{"id":2592,"event":{"id":9862,"title":"factory title"},"participant":{"id":12022,"name":"factory
        name"}},{"id":2593,"event":{"id":9863,"title":"factory title"},"participant":{"id":12023,"name":"factory
        name"}},{"id":2594,"event":{"id":9864,"title":"factory title"},"participant":{"id":12024,"name":"factory
        name"}},{"id":2595,"event":{"id":9865,"title":"factory title"},"participant":{"id":12025,"name":"factory
        name"}},{"id":2596,"event":{"id":9866,"title":"factory title"},"participant":{"id":12026,"name":"factory
        name"}},{"id":2597,"event":{"id":9867,"title":"factory title"},"participant":{"id":12027,"name":"factory
        name"}},{"id":2598,"event":{"id":9868,"title":"factory title"},"participant":{"id":12028,"name":"factory
        name"}},{"id":2599,"event":{"id":9869,"title":"factory title"},"participant":{"id":12029,"name":"factory
        name"}},{"id":2600,"event":{"id":9870,"title":"factory title"},"participant":{"id":12030,"name":"factory
        name"}},{"id":2601,"event":{"id":9871,"title":"factory title"},"participant":{"id":12031,"name":"factory
        name"}},{"id":2602,"event":{"id":9872,"title":"factory title"},"participant":{"id":12032,"name":"factory
        name"}},{"id":2603,"event":{"id":9873,"title":"factory title"},"participant":{"id":12033,"name":"factory
        name"}},{"id":2604,"event":{"id":9874,"title":"factory title"},"participant":{"id":12034,"name":"factory
        name"}},{"id":2605,"event":{"id":9875,"title":"factory title"},"participant":{"id":12035,"name":"factory
        name"}},{"id":2606,"event":{"id":9876,"title":"factory title"},"participant":{"id":12036,"name":"factory
        name"}},{"id":2607,"event":{"id":9877,"title":"factory title"},"participant":{"id":12037,"name":"factory
        name"}},{"id":2608,"event":{"id":9878,"title":"factory title"},"participant":{"id":12038,"name":"factory
        name"}},{"id":2609,"event":{"id":9879,"title":"factory title"},"participant":{"id":12039,"name":"factory
        name"}},{"id":2610,"event":{"id":9880,"title":"factory title"},"participant":{"id":12040,"name":"factory
        name"}},{"id":2629,"event":{"id":9900,"title":"Red wedding"},"participant":{"id":12059,"name":"John
        Snow"}}]}'
    http_version: 
  recorded_at: Wed, 16 Dec 2015 21:30:18 GMT
- request:
    method: delete
    uri: http://localhost:9292/api/articles?access_token=90bc68f143f6b5fea3c0b6cedd5784e6ac61248ca39aa87372922d99eb4f8395
    body:
      encoding: US-ASCII
      string: ''
    headers:
      Depth:
      - Infinity
      Accept-Encoding:
      - gzip;q=1.0,deflate;q=0.6,identity;q=0.3
      Accept:
      - "*/*"
      User-Agent:
      - Ruby
      Host:
      - localhost:9292
  response:
    status:
      code: 200
      message: 'OK '
    headers:
      X-Frame-Options:
      - SAMEORIGIN
      X-Xss-Protection:
      - 1; mode=block
      X-Content-Type-Options:
      - nosniff
      Content-Type:
      - application/json; charset=utf-8
      Etag:
      - W/"362eb245f12975a655199839fa10fc38"
      Cache-Control:
      - max-age=0, private, must-revalidate
      X-Request-Id:
      - d610322a-ce12-4ecb-96d5-b2aac8ed1f6d
      X-Runtime:
      - '0.469514'
      Server:
      - WEBrick/1.3.1 (Ruby/2.2.1/2015-02-26)
      Date:
      - Wed, 16 Dec 2015 21:30:19 GMT
      Content-Length:
      - '26799'
      Connection:
      - Keep-Alive
      Set-Cookie:
      - request_method=DELETE; path=/
    body:
      encoding: UTF-8
      string: '{"articles":[{"id":11768,"name":"factory name","universe_id":23080,"type":"Character"},{"id":11698,"name":"factory
        name","universe_id":22940,"type":"Character"},{"id":11699,"name":"factory
        name","universe_id":22942,"type":"Character"},{"id":11700,"name":"factory
        name","universe_id":22944,"type":"Character"},{"id":11701,"name":"factory
        name","universe_id":22946,"type":"Character"},{"id":11702,"name":"factory
        name","universe_id":22948,"type":"Character"},{"id":11703,"name":"factory
        name","universe_id":22950,"type":"Character"},{"id":11704,"name":"factory
        name","universe_id":22952,"type":"Character"},{"id":11705,"name":"factory
        name","universe_id":22954,"type":"Character"},{"id":11706,"name":"factory
        name","universe_id":22956,"type":"Character"},{"id":11707,"name":"factory
        name","universe_id":22958,"type":"Character"},{"id":11708,"name":"factory
        name","universe_id":22960,"type":"Character"},{"id":11709,"name":"factory
        name","universe_id":22962,"type":"Character"},{"id":11710,"name":"factory
        name","universe_id":22964,"type":"Character"},{"id":11711,"name":"factory
        name","universe_id":22966,"type":"Character"},{"id":11712,"name":"factory
        name","universe_id":22968,"type":"Character"},{"id":11713,"name":"factory
        name","universe_id":22970,"type":"Character"},{"id":11714,"name":"factory
        name","universe_id":22972,"type":"Character"},{"id":11715,"name":"factory
        name","universe_id":22974,"type":"Character"},{"id":11716,"name":"factory
        name","universe_id":22976,"type":"Character"},{"id":11717,"name":"factory
        name","universe_id":22978,"type":"Character"},{"id":11718,"name":"factory
        name","universe_id":22980,"type":"Character"},{"id":11719,"name":"factory
        name","universe_id":22982,"type":"Character"},{"id":11720,"name":"factory
        name","universe_id":22984,"type":"Character"},{"id":11721,"name":"factory
        name","universe_id":22986,"type":"Character"},{"id":11722,"name":"factory
        name","universe_id":22988,"type":"Character"},{"id":11723,"name":"factory
        name","universe_id":22990,"type":"Character"},{"id":11724,"name":"factory
        name","universe_id":22992,"type":"Character"},{"id":11725,"name":"factory
        name","universe_id":22994,"type":"Character"},{"id":11726,"name":"factory
        name","universe_id":22996,"type":"Character"},{"id":11727,"name":"factory
        name","universe_id":22998,"type":"Character"},{"id":11728,"name":"factory
        name","universe_id":23000,"type":"Character"},{"id":11729,"name":"factory
        name","universe_id":23002,"type":"Character"},{"id":11730,"name":"factory
        name","universe_id":23004,"type":"Character"},{"id":11731,"name":"factory
        name","universe_id":23006,"type":"Character"},{"id":11732,"name":"factory
        name","universe_id":23008,"type":"Character"},{"id":11733,"name":"factory
        name","universe_id":23010,"type":"Character"},{"id":11734,"name":"factory
        name","universe_id":23012,"type":"Character"},{"id":11735,"name":"factory
        name","universe_id":23014,"type":"Character"},{"id":11736,"name":"factory
        name","universe_id":23016,"type":"Character"},{"id":11737,"name":"factory
        name","universe_id":23018,"type":"Character"},{"id":11738,"name":"factory
        name","universe_id":23020,"type":"Character"},{"id":11739,"name":"factory
        name","universe_id":23022,"type":"Character"},{"id":11740,"name":"factory
        name","universe_id":23024,"type":"Character"},{"id":11741,"name":"factory
        name","universe_id":23026,"type":"Character"},{"id":11742,"name":"factory
        name","universe_id":23028,"type":"Character"},{"id":11743,"name":"factory
        name","universe_id":23030,"type":"Character"},{"id":11744,"name":"factory
        name","universe_id":23032,"type":"Character"},{"id":11745,"name":"factory
        name","universe_id":23034,"type":"Character"},{"id":11746,"name":"factory
        name","universe_id":23036,"type":"Character"},{"id":11747,"name":"factory
        name","universe_id":23038,"type":"Character"},{"id":11748,"name":"factory
        name","universe_id":23040,"type":"Character"},{"id":11749,"name":"factory
        name","universe_id":23042,"type":"Character"},{"id":11750,"name":"factory
        name","universe_id":23044,"type":"Character"},{"id":11751,"name":"factory
        name","universe_id":23046,"type":"Character"},{"id":11752,"name":"factory
        name","universe_id":23048,"type":"Character"},{"id":11753,"name":"factory
        name","universe_id":23050,"type":"Character"},{"id":11754,"name":"factory
        name","universe_id":23052,"type":"Character"},{"id":11755,"name":"factory
        name","universe_id":23054,"type":"Character"},{"id":11756,"name":"factory
        name","universe_id":23056,"type":"Character"},{"id":11757,"name":"factory
        name","universe_id":23058,"type":"Character"},{"id":11758,"name":"factory
        name","universe_id":23060,"type":"Character"},{"id":11759,"name":"factory
        name","universe_id":23062,"type":"Character"},{"id":11760,"name":"factory
        name","universe_id":23064,"type":"Character"},{"id":11761,"name":"factory
        name","universe_id":23066,"type":"Character"},{"id":11762,"name":"factory
        name","universe_id":23068,"type":"Character"},{"id":11763,"name":"factory
        name","universe_id":23070,"type":"Character"},{"id":11764,"name":"factory
        name","universe_id":23072,"type":"Character"},{"id":11765,"name":"factory
        name","universe_id":23074,"type":"Character"},{"id":11766,"name":"factory
        name","universe_id":23076,"type":"Character"},{"id":11767,"name":"factory
        name","universe_id":23078,"type":"Character"},{"id":11769,"name":"factory
        name","universe_id":23082,"type":"Character"},{"id":11770,"name":"factory
        name","universe_id":23084,"type":"Character"},{"id":11771,"name":"factory
        name","universe_id":23086,"type":"Character"},{"id":11772,"name":"factory
        name","universe_id":23088,"type":"Character"},{"id":11773,"name":"factory
        name","universe_id":23090,"type":"Character"},{"id":11774,"name":"factory
        name","universe_id":23092,"type":"Character"},{"id":11775,"name":"factory
        name","universe_id":23094,"type":"Character"},{"id":11776,"name":"factory
        name","universe_id":23096,"type":"Character"},{"id":11777,"name":"factory
        name","universe_id":23098,"type":"Character"},{"id":11778,"name":"factory
        name","universe_id":23100,"type":"Character"},{"id":11779,"name":"factory
        name","universe_id":23102,"type":"Character"},{"id":11780,"name":"factory
        name","universe_id":23104,"type":"Character"},{"id":11781,"name":"factory
        name","universe_id":23106,"type":"Character"},{"id":11782,"name":"factory
        name","universe_id":23108,"type":"Character"},{"id":11783,"name":"factory
        name","universe_id":23110,"type":"Character"},{"id":11784,"name":"factory
        name","universe_id":23112,"type":"Character"},{"id":11785,"name":"factory
        name","universe_id":23114,"type":"Character"},{"id":11786,"name":"factory
        name","universe_id":23116,"type":"Character"},{"id":11787,"name":"factory
        name","universe_id":23118,"type":"Character"},{"id":11788,"name":"factory
        name","universe_id":23120,"type":"Character"},{"id":11789,"name":"factory
        name","universe_id":23122,"type":"Character"},{"id":11790,"name":"factory
        name","universe_id":23124,"type":"Character"},{"id":11791,"name":"factory
        name","universe_id":23126,"type":"Character"},{"id":11792,"name":"factory
        name","universe_id":23128,"type":"Character"},{"id":11793,"name":"factory
        name","universe_id":23130,"type":"Character"},{"id":11794,"name":"factory
        name","universe_id":23132,"type":"Character"},{"id":11795,"name":"factory
        name","universe_id":23134,"type":"Character"},{"id":11796,"name":"factory
        name","universe_id":23136,"type":"Character"},{"id":11797,"name":"factory
        name","universe_id":23138,"type":"Character"},{"id":11798,"name":"factory
        name","universe_id":23140,"type":"Character"},{"id":11799,"name":"factory
        name","universe_id":23142,"type":"Character"},{"id":11800,"name":"factory
        name","universe_id":23144,"type":"Character"},{"id":11801,"name":"factory
        name","universe_id":23146,"type":"Character"},{"id":11802,"name":"factory
        name","universe_id":23148,"type":"Character"},{"id":11803,"name":"factory
        name","universe_id":23150,"type":"Character"},{"id":11804,"name":"factory
        name","universe_id":23152,"type":"Character"},{"id":11805,"name":"factory
        name","universe_id":23154,"type":"Character"},{"id":11806,"name":"factory
        name","universe_id":23156,"type":"Character"},{"id":11807,"name":"factory
        name","universe_id":23158,"type":"Character"},{"id":11808,"name":"factory
        name","universe_id":23160,"type":"Character"},{"id":11809,"name":"factory
        name","universe_id":23162,"type":"Character"},{"id":11810,"name":"factory
        name","universe_id":23164,"type":"Character"},{"id":11811,"name":"factory
        name","universe_id":23166,"type":"Character"},{"id":11812,"name":"factory
        name","universe_id":23168,"type":"Character"},{"id":11813,"name":"factory
        name","universe_id":23170,"type":"Character"},{"id":11814,"name":"factory
        name","universe_id":23172,"type":"Character"},{"id":11815,"name":"factory
        name","universe_id":23174,"type":"Character"},{"id":11816,"name":"factory
        name","universe_id":23176,"type":"Character"},{"id":11817,"name":"factory
        name","universe_id":23178,"type":"Character"},{"id":11818,"name":"factory
        name","universe_id":23180,"type":"Character"},{"id":11819,"name":"factory
        name","universe_id":23182,"type":"Character"},{"id":11820,"name":"factory
        name","universe_id":23184,"type":"Character"},{"id":11821,"name":"factory
        name","universe_id":23186,"type":"Character"},{"id":11822,"name":"factory
        name","universe_id":23188,"type":"Character"},{"id":11823,"name":"factory
        name","universe_id":23190,"type":"Character"},{"id":11824,"name":"factory
        name","universe_id":23192,"type":"Character"},{"id":11825,"name":"factory
        name","universe_id":23194,"type":"Character"},{"id":11826,"name":"factory
        name","universe_id":23196,"type":"Character"},{"id":11827,"name":"factory
        name","universe_id":23198,"type":"Character"},{"id":11828,"name":"factory
        name","universe_id":23200,"type":"Character"},{"id":11829,"name":"factory
        name","universe_id":23202,"type":"Character"},{"id":11830,"name":"factory
        name","universe_id":23204,"type":"Character"},{"id":11831,"name":"factory
        name","universe_id":23206,"type":"Character"},{"id":11832,"name":"factory
        name","universe_id":23208,"type":"Character"},{"id":11833,"name":"factory
        name","universe_id":23210,"type":"Character"},{"id":11834,"name":"factory
        name","universe_id":23212,"type":"Character"},{"id":11835,"name":"factory
        name","universe_id":23214,"type":"Character"},{"id":11836,"name":"factory
        name","universe_id":23216,"type":"Character"},{"id":11837,"name":"factory
        name","universe_id":23218,"type":"Character"},{"id":11838,"name":"factory
        name","universe_id":23220,"type":"Character"},{"id":11839,"name":"factory
        name","universe_id":23222,"type":"Character"},{"id":11840,"name":"factory
        name","universe_id":23224,"type":"Character"},{"id":11841,"name":"factory
        name","universe_id":23226,"type":"Character"},{"id":11842,"name":"factory
        name","universe_id":23228,"type":"Character"},{"id":11843,"name":"factory
        name","universe_id":23230,"type":"Character"},{"id":11844,"name":"factory
        name","universe_id":23232,"type":"Character"},{"id":11845,"name":"factory
        name","universe_id":23234,"type":"Character"},{"id":11846,"name":"factory
        name","universe_id":23236,"type":"Character"},{"id":11847,"name":"factory
        name","universe_id":23238,"type":"Character"},{"id":11848,"name":"factory
        name","universe_id":23240,"type":"Character"},{"id":11849,"name":"factory
        name","universe_id":23242,"type":"Character"},{"id":11850,"name":"factory
        name","universe_id":23244,"type":"Character"},{"id":11851,"name":"factory
        name","universe_id":23246,"type":"Character"},{"id":11852,"name":"factory
        name","universe_id":23248,"type":"Character"},{"id":11853,"name":"factory
        name","universe_id":23250,"type":"Character"},{"id":11854,"name":"factory
        name","universe_id":23252,"type":"Character"},{"id":11855,"name":"factory
        name","universe_id":23254,"type":"Character"},{"id":11856,"name":"factory
        name","universe_id":23256,"type":"Character"},{"id":11857,"name":"factory
        name","universe_id":23258,"type":"Character"},{"id":11858,"name":"factory
        name","universe_id":23260,"type":"Character"},{"id":11859,"name":"factory
        name","universe_id":23262,"type":"Character"},{"id":11860,"name":"factory
        name","universe_id":23264,"type":"Character"},{"id":11861,"name":"factory
        name","universe_id":23266,"type":"Character"},{"id":11862,"name":"factory
        name","universe_id":23268,"type":"Character"},{"id":11863,"name":"factory
        name","universe_id":23270,"type":"Character"},{"id":11864,"name":"factory
        name","universe_id":23272,"type":"Character"},{"id":11865,"name":"factory
        name","universe_id":23274,"type":"Character"},{"id":11866,"name":"factory
        name","universe_id":23276,"type":"Character"},{"id":11867,"name":"factory
        name","universe_id":23278,"type":"Character"},{"id":11868,"name":"factory
        name","universe_id":23280,"type":"Character"},{"id":11869,"name":"factory
        name","universe_id":23282,"type":"Character"},{"id":11870,"name":"factory
        name","universe_id":23284,"type":"Character"},{"id":11871,"name":"factory
        name","universe_id":23286,"type":"Character"},{"id":11872,"name":"factory
        name","universe_id":23288,"type":"Character"},{"id":11873,"name":"factory
        name","universe_id":23290,"type":"Character"},{"id":11874,"name":"factory
        name","universe_id":23292,"type":"Character"},{"id":11875,"name":"factory
        name","universe_id":23294,"type":"Character"},{"id":11876,"name":"factory
        name","universe_id":23296,"type":"Character"},{"id":11877,"name":"factory
        name","universe_id":23298,"type":"Character"},{"id":11878,"name":"factory
        name","universe_id":23300,"type":"Character"},{"id":11879,"name":"factory
        name","universe_id":23302,"type":"Character"},{"id":11880,"name":"factory
        name","universe_id":23304,"type":"Character"},{"id":11881,"name":"factory
        name","universe_id":23306,"type":"Character"},{"id":11882,"name":"factory
        name","universe_id":23308,"type":"Character"},{"id":11883,"name":"factory
        name","universe_id":23310,"type":"Character"},{"id":11884,"name":"factory
        name","universe_id":23312,"type":"Character"},{"id":11885,"name":"factory
        name","universe_id":23314,"type":"Character"},{"id":11886,"name":"factory
        name","universe_id":23316,"type":"Character"},{"id":11887,"name":"factory
        name","universe_id":23318,"type":"Character"},{"id":11888,"name":"factory
        name","universe_id":23320,"type":"Character"},{"id":11889,"name":"factory
        name","universe_id":23322,"type":"Character"},{"id":11890,"name":"factory
        name","universe_id":23324,"type":"Character"},{"id":11891,"name":"factory
        name","universe_id":23326,"type":"Character"},{"id":11892,"name":"factory
        name","universe_id":23328,"type":"Character"},{"id":11893,"name":"factory
        name","universe_id":23330,"type":"Character"},{"id":11894,"name":"factory
        name","universe_id":23332,"type":"Character"},{"id":11895,"name":"factory
        name","universe_id":23334,"type":"Character"},{"id":11896,"name":"factory
        name","universe_id":23336,"type":"Character"},{"id":11897,"name":"factory
        name","universe_id":23338,"type":"Character"},{"id":11898,"name":"factory
        name","universe_id":23340,"type":"Character"},{"id":11899,"name":"factory
        name","universe_id":23342,"type":"Character"},{"id":11900,"name":"factory
        name","universe_id":23344,"type":"Character"},{"id":11901,"name":"factory
        name","universe_id":23346,"type":"Character"},{"id":11902,"name":"factory
        name","universe_id":23348,"type":"Character"},{"id":11903,"name":"factory
        name","universe_id":23350,"type":"Character"},{"id":11904,"name":"factory
        name","universe_id":23352,"type":"Character"},{"id":11905,"name":"factory
        name","universe_id":23354,"type":"Character"},{"id":11906,"name":"factory
        name","universe_id":23356,"type":"Character"},{"id":11907,"name":"factory
        name","universe_id":23358,"type":"Character"},{"id":11908,"name":"factory
        name","universe_id":23360,"type":"Character"},{"id":11909,"name":"factory
        name","universe_id":23362,"type":"Character"},{"id":11910,"name":"factory
        name","universe_id":23364,"type":"Character"},{"id":11911,"name":"factory
        name","universe_id":23366,"type":"Character"},{"id":11912,"name":"factory
        name","universe_id":23368,"type":"Character"},{"id":11913,"name":"factory
        name","universe_id":23370,"type":"Character"},{"id":11914,"name":"factory
        name","universe_id":23372,"type":"Character"},{"id":11915,"name":"factory
        name","universe_id":23374,"type":"Character"},{"id":11916,"name":"factory
        name","universe_id":23376,"type":"Character"},{"id":11917,"name":"factory
        name","universe_id":23378,"type":"Character"},{"id":11918,"name":"factory
        name","universe_id":23380,"type":"Character"},{"id":11919,"name":"factory
        name","universe_id":23382,"type":"Character"},{"id":11920,"name":"factory
        name","universe_id":23384,"type":"Character"},{"id":11921,"name":"factory
        name","universe_id":23386,"type":"Character"},{"id":11922,"name":"factory
        name","universe_id":23388,"type":"Character"},{"id":11923,"name":"factory
        name","universe_id":23390,"type":"Character"},{"id":11924,"name":"factory
        name","universe_id":23392,"type":"Character"},{"id":11925,"name":"factory
        name","universe_id":23394,"type":"Character"},{"id":11926,"name":"factory
        name","universe_id":23396,"type":"Character"},{"id":11927,"name":"factory
        name","universe_id":23398,"type":"Character"},{"id":11928,"name":"factory
        name","universe_id":23400,"type":"Character"},{"id":11929,"name":"factory
        name","universe_id":23402,"type":"Character"},{"id":11930,"name":"factory
        name","universe_id":23404,"type":"Character"},{"id":11931,"name":"factory
        name","universe_id":23406,"type":"Character"},{"id":11932,"name":"factory
        name","universe_id":23408,"type":"Character"},{"id":11933,"name":"factory
        name","universe_id":23410,"type":"Character"},{"id":11934,"name":"factory
        name","universe_id":23412,"type":"Character"},{"id":11935,"name":"factory
        name","universe_id":23414,"type":"Character"},{"id":11936,"name":"factory
        name","universe_id":23416,"type":"Character"},{"id":11937,"name":"factory
        name","universe_id":23418,"type":"Character"},{"id":11938,"name":"factory
        name","universe_id":23420,"type":"Character"},{"id":11939,"name":"factory
        name","universe_id":23422,"type":"Character"},{"id":11940,"name":"factory
        name","universe_id":23424,"type":"Character"},{"id":11941,"name":"factory
        name","universe_id":23426,"type":"Character"},{"id":11942,"name":"factory
        name","universe_id":23428,"type":"Character"},{"id":11943,"name":"factory
        name","universe_id":23430,"type":"Character"},{"id":11944,"name":"factory
        name","universe_id":23432,"type":"Character"},{"id":11945,"name":"factory
        name","universe_id":23434,"type":"Character"},{"id":11946,"name":"factory
        name","universe_id":23436,"type":"Character"},{"id":11947,"name":"factory
        name","universe_id":23438,"type":"Character"},{"id":11948,"name":"factory
        name","universe_id":23440,"type":"Character"},{"id":11949,"name":"factory
        name","universe_id":23442,"type":"Character"},{"id":11950,"name":"factory
        name","universe_id":23444,"type":"Character"},{"id":11951,"name":"factory
        name","universe_id":23446,"type":"Character"},{"id":11952,"name":"factory
        name","universe_id":23448,"type":"Character"},{"id":11953,"name":"factory
        name","universe_id":23450,"type":"Character"},{"id":11954,"name":"factory
        name","universe_id":23452,"type":"Character"},{"id":11955,"name":"factory
        name","universe_id":23454,"type":"Character"},{"id":11956,"name":"factory
        name","universe_id":23456,"type":"Character"},{"id":11957,"name":"factory
        name","universe_id":23458,"type":"Character"},{"id":11958,"name":"factory
        name","universe_id":23460,"type":"Character"},{"id":11959,"name":"factory
        name","universe_id":23462,"type":"Character"},{"id":11960,"name":"factory
        name","universe_id":23464,"type":"Character"},{"id":11961,"name":"factory
        name","universe_id":23466,"type":"Character"},{"id":11962,"name":"factory
        name","universe_id":23468,"type":"Character"},{"id":11963,"name":"factory
        name","universe_id":23470,"type":"Character"},{"id":11964,"name":"factory
        name","universe_id":23472,"type":"Character"},{"id":11965,"name":"factory
        name","universe_id":23474,"type":"Character"},{"id":11966,"name":"factory
        name","universe_id":23476,"type":"Character"},{"id":11967,"name":"factory
        name","universe_id":23478,"type":"Character"},{"id":11968,"name":"factory
        name","universe_id":23480,"type":"Character"},{"id":11969,"name":"factory
        name","universe_id":23482,"type":"Character"},{"id":11970,"name":"factory
        name","universe_id":23484,"type":"Character"},{"id":11971,"name":"factory
        name","universe_id":23486,"type":"Character"},{"id":11972,"name":"factory
        name","universe_id":23488,"type":"Character"},{"id":11973,"name":"factory
        name","universe_id":23490,"type":"Character"},{"id":11974,"name":"factory
        name","universe_id":23492,"type":"Character"},{"id":11975,"name":"factory
        name","universe_id":23494,"type":"Character"},{"id":11976,"name":"factory
        name","universe_id":23496,"type":"Character"},{"id":11977,"name":"factory
        name","universe_id":23498,"type":"Character"},{"id":11978,"name":"factory
        name","universe_id":23500,"type":"Character"},{"id":11979,"name":"factory
        name","universe_id":23502,"type":"Character"},{"id":11980,"name":"factory
        name","universe_id":23504,"type":"Character"},{"id":11981,"name":"factory
        name","universe_id":23506,"type":"Character"},{"id":11982,"name":"factory
        name","universe_id":23508,"type":"Character"},{"id":11983,"name":"factory
        name","universe_id":23510,"type":"Character"},{"id":11984,"name":"factory
        name","universe_id":23512,"type":"Character"},{"id":11985,"name":"factory
        name","universe_id":23514,"type":"Character"},{"id":11986,"name":"factory
        name","universe_id":23516,"type":"Character"},{"id":11987,"name":"factory
        name","universe_id":23518,"type":"Character"},{"id":11988,"name":"factory
        name","universe_id":23520,"type":"Character"},{"id":11989,"name":"factory
        name","universe_id":23522,"type":"Character"},{"id":11990,"name":"factory
        name","universe_id":23524,"type":"Character"},{"id":11991,"name":"factory
        name","universe_id":23526,"type":"Character"},{"id":11992,"name":"factory
        name","universe_id":23528,"type":"Character"},{"id":11993,"name":"factory
        name","universe_id":23530,"type":"Character"},{"id":11994,"name":"factory
        name","universe_id":23532,"type":"Character"},{"id":11995,"name":"factory
        name","universe_id":23534,"type":"Character"},{"id":11996,"name":"factory
        name","universe_id":23536,"type":"Character"},{"id":11997,"name":"factory
        name","universe_id":23538,"type":"Character"},{"id":11998,"name":"factory
        name","universe_id":23540,"type":"Character"},{"id":11999,"name":"factory
        name","universe_id":23542,"type":"Character"},{"id":12000,"name":"factory
        name","universe_id":23544,"type":"Character"},{"id":12001,"name":"factory
        name","universe_id":23546,"type":"Character"},{"id":12002,"name":"factory
        name","universe_id":23548,"type":"Character"},{"id":12003,"name":"factory
        name","universe_id":23550,"type":"Character"},{"id":12004,"name":"factory
        name","universe_id":23552,"type":"Character"},{"id":12005,"name":"factory
        name","universe_id":23554,"type":"Character"},{"id":12006,"name":"factory
        name","universe_id":23556,"type":"Character"},{"id":12007,"name":"factory
        name","universe_id":23558,"type":"Character"},{"id":12008,"name":"factory
        name","universe_id":23560,"type":"Character"},{"id":12009,"name":"factory
        name","universe_id":23562,"type":"Character"},{"id":12010,"name":"factory
        name","universe_id":23564,"type":"Character"},{"id":12011,"name":"factory
        name","universe_id":23566,"type":"Character"},{"id":12012,"name":"factory
        name","universe_id":23568,"type":"Character"},{"id":12013,"name":"factory
        name","universe_id":23570,"type":"Character"},{"id":12014,"name":"factory
        name","universe_id":23572,"type":"Character"},{"id":12015,"name":"factory
        name","universe_id":23574,"type":"Character"},{"id":12016,"name":"factory
        name","universe_id":23576,"type":"Character"},{"id":12017,"name":"factory
        name","universe_id":23578,"type":"Character"},{"id":12018,"name":"factory
        name","universe_id":23580,"type":"Character"},{"id":12019,"name":"factory
        name","universe_id":23582,"type":"Character"},{"id":12020,"name":"factory
        name","universe_id":23584,"type":"Character"},{"id":12021,"name":"factory
        name","universe_id":23586,"type":"Character"},{"id":12022,"name":"factory
        name","universe_id":23588,"type":"Character"},{"id":12023,"name":"factory
        name","universe_id":23590,"type":"Character"},{"id":12024,"name":"factory
        name","universe_id":23592,"type":"Character"},{"id":12025,"name":"factory
        name","universe_id":23594,"type":"Character"},{"id":12026,"name":"factory
        name","universe_id":23596,"type":"Character"},{"id":12027,"name":"factory
        name","universe_id":23598,"type":"Character"},{"id":12028,"name":"factory
        name","universe_id":23600,"type":"Character"},{"id":12029,"name":"factory
        name","universe_id":23602,"type":"Character"},{"id":12030,"name":"factory
        name","universe_id":23604,"type":"Character"},{"id":12031,"name":"factory
        name","universe_id":23606,"type":"Character"},{"id":12032,"name":"factory
        name","universe_id":23608,"type":"Character"},{"id":12033,"name":"factory
        name","universe_id":23610,"type":"Character"},{"id":12034,"name":"factory
        name","universe_id":23612,"type":"Character"},{"id":12035,"name":"factory
        name","universe_id":23614,"type":"Character"},{"id":12036,"name":"factory
        name","universe_id":23616,"type":"Character"},{"id":12037,"name":"factory
        name","universe_id":23618,"type":"Character"},{"id":12038,"name":"factory
        name","universe_id":23620,"type":"Character"},{"id":12039,"name":"factory
        name","universe_id":23622,"type":"Character"},{"id":12040,"name":"factory
        name","universe_id":23624,"type":"Character"},{"id":12041,"name":"factory
        name","universe_id":23626,"type":"Character"},{"id":12042,"name":"factory
        name","universe_id":23628,"type":"Character"},{"id":12043,"name":"factory
        name","universe_id":23630,"type":"Character"},{"id":12044,"name":"factory
        name","universe_id":23632,"type":"Character"},{"id":12045,"name":"factory
        name","universe_id":23634,"type":"Character"},{"id":12046,"name":"factory
        name","universe_id":23636,"type":"Character"},{"id":12047,"name":"factory
        name","universe_id":23638,"type":"Character"},{"id":12048,"name":"factory
        name","universe_id":23640,"type":"Character"},{"id":12049,"name":"factory
        name","universe_id":23642,"type":"Character"},{"id":12050,"name":"factory
        name","universe_id":23644,"type":"Character"},{"id":12051,"name":"factory
        name","universe_id":23646,"type":"Character"},{"id":12052,"name":"factory
        name","universe_id":23648,"type":"Character"},{"id":12053,"name":"factory
        name","universe_id":23650,"type":"Character"},{"id":12054,"name":"factory
        name","universe_id":23652,"type":"Character"},{"id":12055,"name":"factory
        name","universe_id":23654,"type":"Character"},{"id":12056,"name":"factory
        name","universe_id":23656,"type":"Character"},{"id":12057,"name":"factory
        name","universe_id":23658,"type":"Character"},{"id":12058,"name":"factory
        name","universe_id":23660,"type":"Character"},{"id":12059,"name":"John Snow","universe_id":23661,"type":"Character"}]}'
    http_version: 
  recorded_at: Wed, 16 Dec 2015 21:30:19 GMT
- request:
    method: delete
    uri: http://localhost:9292/api/events
    body:
      encoding: US-ASCII
      string: ''
    headers:
      Content-Type:
      - application/json
      Accept-Encoding:
      - gzip;q=1.0,deflate;q=0.6,identity;q=0.3
      Accept:
      - application/vnd.example.t1
      User-Agent:
      - Ruby
  response:
    status:
      code: 200
      message: 'OK '
    headers:
      X-Frame-Options:
      - SAMEORIGIN
      X-Xss-Protection:
      - 1; mode=block
      X-Content-Type-Options:
      - nosniff
      Content-Type:
      - application/json; charset=utf-8
      Etag:
      - W/"5340efb04b45c43844fe8df29a722993"
      Cache-Control:
      - max-age=0, private, must-revalidate
      X-Request-Id:
      - 000448d0-7144-49b7-9c0e-acc7b21fc01c
      X-Runtime:
      - '0.040981'
      Server:
      - WEBrick/1.3.1 (Ruby/2.2.1/2015-02-26)
      Date:
      - Wed, 16 Dec 2015 21:30:19 GMT
      Content-Length:
      - '14'
      Connection:
      - Keep-Alive
      Set-Cookie:
      - request_method=DELETE; path=/
    body:
      encoding: UTF-8
      string: '{"events":363}'
    http_version: 
  recorded_at: Wed, 16 Dec 2015 21:30:19 GMT
- request:
    method: delete
    uri: http://localhost:9292/api/universes
    body:
      encoding: US-ASCII
      string: ''
    headers:
      Content-Type:
      - application/json
      Accept-Encoding:
      - gzip;q=1.0,deflate;q=0.6,identity;q=0.3
      Accept:
      - application/vnd.example.t1
      User-Agent:
      - Ruby
  response:
    status:
      code: 200
      message: 'OK '
    headers:
      X-Frame-Options:
      - SAMEORIGIN
      X-Xss-Protection:
      - 1; mode=block
      X-Content-Type-Options:
      - nosniff
      Content-Type:
      - application/json; charset=utf-8
      Etag:
      - W/"f0053df55f228fbdd6d65e400b2bf09b"
      Cache-Control:
      - max-age=0, private, must-revalidate
      X-Request-Id:
      - 32fb9639-d6ae-4411-b3b0-6d244d738dcf
      X-Runtime:
      - '0.814948'
      Server:
      - WEBrick/1.3.1 (Ruby/2.2.1/2015-02-26)
      Date:
      - Wed, 16 Dec 2015 21:30:19 GMT
      Content-Length:
      - '28847'
      Connection:
      - Keep-Alive
      Set-Cookie:
      - request_method=DELETE; path=/
    body:
      encoding: UTF-8
      string: '{"universes":[{"id":22939,"title":"factory title13"},{"id":22940,"title":"factory
        title14"},{"id":22941,"title":"factory title15"},{"id":22942,"title":"factory
        title16"},{"id":22943,"title":"factory title17"},{"id":22944,"title":"factory
        title18"},{"id":22945,"title":"factory title19"},{"id":22946,"title":"factory
        title20"},{"id":22947,"title":"factory title21"},{"id":22948,"title":"factory
        title22"},{"id":22949,"title":"factory title23"},{"id":22950,"title":"factory
        title24"},{"id":22951,"title":"factory title25"},{"id":22952,"title":"factory
        title26"},{"id":22953,"title":"factory title27"},{"id":22954,"title":"factory
        title28"},{"id":22955,"title":"factory title29"},{"id":22956,"title":"factory
        title30"},{"id":22957,"title":"factory title31"},{"id":22958,"title":"factory
        title32"},{"id":22959,"title":"factory title33"},{"id":22960,"title":"factory
        title34"},{"id":22961,"title":"factory title35"},{"id":22962,"title":"factory
        title36"},{"id":22963,"title":"factory title37"},{"id":22964,"title":"factory
        title38"},{"id":22965,"title":"factory title39"},{"id":22966,"title":"factory
        title40"},{"id":22967,"title":"factory title41"},{"id":22968,"title":"factory
        title42"},{"id":22969,"title":"factory title43"},{"id":22970,"title":"factory
        title44"},{"id":22971,"title":"factory title45"},{"id":22972,"title":"factory
        title46"},{"id":22973,"title":"factory title47"},{"id":22974,"title":"factory
        title48"},{"id":22975,"title":"factory title49"},{"id":22976,"title":"factory
        title50"},{"id":22977,"title":"factory title51"},{"id":22978,"title":"factory
        title52"},{"id":22979,"title":"factory title53"},{"id":22980,"title":"factory
        title54"},{"id":22981,"title":"factory title55"},{"id":22982,"title":"factory
        title56"},{"id":22983,"title":"factory title57"},{"id":22984,"title":"factory
        title58"},{"id":22985,"title":"factory title59"},{"id":22986,"title":"factory
        title60"},{"id":22987,"title":"factory title61"},{"id":22988,"title":"factory
        title62"},{"id":22989,"title":"factory title63"},{"id":22990,"title":"factory
        title64"},{"id":22991,"title":"factory title65"},{"id":22992,"title":"factory
        title66"},{"id":22993,"title":"factory title67"},{"id":22994,"title":"factory
        title68"},{"id":22995,"title":"factory title69"},{"id":22996,"title":"factory
        title70"},{"id":22997,"title":"factory title71"},{"id":22998,"title":"factory
        title72"},{"id":22999,"title":"factory title73"},{"id":23000,"title":"factory
        title74"},{"id":23001,"title":"factory title75"},{"id":23002,"title":"factory
        title76"},{"id":23003,"title":"factory title77"},{"id":23004,"title":"factory
        title78"},{"id":23005,"title":"factory title79"},{"id":23006,"title":"factory
        title80"},{"id":23007,"title":"factory title81"},{"id":23008,"title":"factory
        title82"},{"id":23009,"title":"factory title83"},{"id":23010,"title":"factory
        title84"},{"id":23011,"title":"factory title85"},{"id":23012,"title":"factory
        title86"},{"id":23013,"title":"factory title87"},{"id":23014,"title":"factory
        title88"},{"id":23015,"title":"factory title89"},{"id":23016,"title":"factory
        title90"},{"id":23017,"title":"factory title91"},{"id":23018,"title":"factory
        title92"},{"id":23019,"title":"factory title93"},{"id":23020,"title":"factory
        title94"},{"id":23021,"title":"factory title95"},{"id":23022,"title":"factory
        title96"},{"id":23023,"title":"factory title97"},{"id":23024,"title":"factory
        title98"},{"id":23025,"title":"factory title99"},{"id":23026,"title":"factory
        title100"},{"id":23027,"title":"factory title101"},{"id":23028,"title":"factory
        title102"},{"id":23029,"title":"factory title103"},{"id":23030,"title":"factory
        title104"},{"id":23031,"title":"factory title105"},{"id":23032,"title":"factory
        title106"},{"id":23033,"title":"factory title107"},{"id":23034,"title":"factory
        title108"},{"id":23035,"title":"factory title109"},{"id":23036,"title":"factory
        title110"},{"id":23037,"title":"factory title111"},{"id":23038,"title":"factory
        title112"},{"id":23039,"title":"factory title113"},{"id":23040,"title":"factory
        title114"},{"id":23041,"title":"factory title115"},{"id":23042,"title":"factory
        title116"},{"id":23043,"title":"factory title117"},{"id":23044,"title":"factory
        title118"},{"id":23045,"title":"factory title119"},{"id":23046,"title":"factory
        title120"},{"id":23047,"title":"factory title121"},{"id":23048,"title":"factory
        title122"},{"id":23049,"title":"factory title123"},{"id":23050,"title":"factory
        title124"},{"id":23051,"title":"factory title125"},{"id":23052,"title":"factory
        title126"},{"id":23053,"title":"factory title127"},{"id":23054,"title":"factory
        title128"},{"id":23055,"title":"factory title129"},{"id":23056,"title":"factory
        title130"},{"id":23057,"title":"factory title131"},{"id":23058,"title":"factory
        title132"},{"id":23059,"title":"factory title133"},{"id":23060,"title":"factory
        title134"},{"id":23061,"title":"factory title135"},{"id":23062,"title":"factory
        title136"},{"id":23063,"title":"factory title137"},{"id":23064,"title":"factory
        title138"},{"id":23065,"title":"factory title139"},{"id":23066,"title":"factory
        title140"},{"id":23067,"title":"factory title141"},{"id":23068,"title":"factory
        title142"},{"id":23069,"title":"factory title143"},{"id":23070,"title":"factory
        title144"},{"id":23071,"title":"factory title145"},{"id":23072,"title":"factory
        title146"},{"id":23073,"title":"factory title147"},{"id":23074,"title":"factory
        title148"},{"id":23075,"title":"factory title149"},{"id":23076,"title":"factory
        title150"},{"id":23077,"title":"factory title151"},{"id":23078,"title":"factory
        title152"},{"id":23079,"title":"factory title153"},{"id":23080,"title":"factory
        title154"},{"id":23081,"title":"factory title155"},{"id":23082,"title":"factory
        title156"},{"id":23083,"title":"factory title157"},{"id":23084,"title":"factory
        title158"},{"id":23085,"title":"factory title159"},{"id":23086,"title":"factory
        title160"},{"id":23087,"title":"factory title161"},{"id":23088,"title":"factory
        title162"},{"id":23089,"title":"factory title163"},{"id":23090,"title":"factory
        title164"},{"id":23091,"title":"factory title165"},{"id":23092,"title":"factory
        title166"},{"id":23093,"title":"factory title167"},{"id":23094,"title":"factory
        title168"},{"id":23095,"title":"factory title169"},{"id":23096,"title":"factory
        title170"},{"id":23097,"title":"factory title171"},{"id":23098,"title":"factory
        title172"},{"id":23099,"title":"factory title173"},{"id":23100,"title":"factory
        title174"},{"id":23101,"title":"factory title175"},{"id":23102,"title":"factory
        title176"},{"id":23103,"title":"factory title177"},{"id":23104,"title":"factory
        title178"},{"id":23105,"title":"factory title179"},{"id":23106,"title":"factory
        title180"},{"id":23107,"title":"factory title181"},{"id":23108,"title":"factory
        title182"},{"id":23109,"title":"factory title183"},{"id":23110,"title":"factory
        title184"},{"id":23111,"title":"factory title185"},{"id":23112,"title":"factory
        title186"},{"id":23113,"title":"factory title187"},{"id":23114,"title":"factory
        title188"},{"id":23115,"title":"factory title189"},{"id":23116,"title":"factory
        title190"},{"id":23117,"title":"factory title191"},{"id":23118,"title":"factory
        title192"},{"id":23119,"title":"factory title193"},{"id":23120,"title":"factory
        title194"},{"id":23121,"title":"factory title195"},{"id":23122,"title":"factory
        title196"},{"id":23123,"title":"factory title197"},{"id":23124,"title":"factory
        title198"},{"id":23125,"title":"factory title199"},{"id":23126,"title":"factory
        title200"},{"id":23127,"title":"factory title201"},{"id":23128,"title":"factory
        title202"},{"id":23129,"title":"factory title203"},{"id":23130,"title":"factory
        title204"},{"id":23131,"title":"factory title205"},{"id":23132,"title":"factory
        title206"},{"id":23133,"title":"factory title207"},{"id":23134,"title":"factory
        title208"},{"id":23135,"title":"factory title209"},{"id":23136,"title":"factory
        title210"},{"id":23137,"title":"factory title211"},{"id":23138,"title":"factory
        title212"},{"id":23139,"title":"factory title213"},{"id":23140,"title":"factory
        title214"},{"id":23141,"title":"factory title215"},{"id":23142,"title":"factory
        title216"},{"id":23143,"title":"factory title217"},{"id":23144,"title":"factory
        title218"},{"id":23145,"title":"factory title219"},{"id":23146,"title":"factory
        title220"},{"id":23147,"title":"factory title221"},{"id":23148,"title":"factory
        title222"},{"id":23149,"title":"factory title223"},{"id":23150,"title":"factory
        title224"},{"id":23151,"title":"factory title225"},{"id":23152,"title":"factory
        title226"},{"id":23153,"title":"factory title227"},{"id":23154,"title":"factory
        title228"},{"id":23155,"title":"factory title229"},{"id":23156,"title":"factory
        title230"},{"id":23157,"title":"factory title231"},{"id":23158,"title":"factory
        title232"},{"id":23159,"title":"factory title233"},{"id":23160,"title":"factory
        title234"},{"id":23161,"title":"factory title235"},{"id":23162,"title":"factory
        title236"},{"id":23163,"title":"factory title237"},{"id":23164,"title":"factory
        title238"},{"id":23165,"title":"factory title239"},{"id":23166,"title":"factory
        title240"},{"id":23167,"title":"factory title241"},{"id":23168,"title":"factory
        title242"},{"id":23169,"title":"factory title243"},{"id":23170,"title":"factory
        title244"},{"id":23171,"title":"factory title245"},{"id":23172,"title":"factory
        title246"},{"id":23173,"title":"factory title247"},{"id":23174,"title":"factory
        title248"},{"id":23175,"title":"factory title249"},{"id":23176,"title":"factory
        title250"},{"id":23177,"title":"factory title251"},{"id":23178,"title":"factory
        title252"},{"id":23179,"title":"factory title253"},{"id":23180,"title":"factory
        title254"},{"id":23181,"title":"factory title255"},{"id":23182,"title":"factory
        title256"},{"id":23183,"title":"factory title257"},{"id":23184,"title":"factory
        title258"},{"id":23185,"title":"factory title259"},{"id":23186,"title":"factory
        title260"},{"id":23187,"title":"factory title261"},{"id":23188,"title":"factory
        title262"},{"id":23189,"title":"factory title263"},{"id":23190,"title":"factory
        title264"},{"id":23191,"title":"factory title265"},{"id":23192,"title":"factory
        title266"},{"id":23193,"title":"factory title267"},{"id":23194,"title":"factory
        title268"},{"id":23195,"title":"factory title269"},{"id":23196,"title":"factory
        title270"},{"id":23197,"title":"factory title271"},{"id":23198,"title":"factory
        title272"},{"id":23199,"title":"factory title273"},{"id":23200,"title":"factory
        title274"},{"id":23201,"title":"factory title275"},{"id":23202,"title":"factory
        title276"},{"id":23203,"title":"factory title277"},{"id":23204,"title":"factory
        title278"},{"id":23205,"title":"factory title279"},{"id":23206,"title":"factory
        title280"},{"id":23207,"title":"factory title281"},{"id":23208,"title":"factory
        title282"},{"id":23209,"title":"factory title283"},{"id":23210,"title":"factory
        title284"},{"id":23211,"title":"factory title285"},{"id":23212,"title":"factory
        title286"},{"id":23213,"title":"factory title287"},{"id":23214,"title":"factory
        title288"},{"id":23215,"title":"factory title289"},{"id":23216,"title":"factory
        title290"},{"id":23217,"title":"factory title291"},{"id":23218,"title":"factory
        title292"},{"id":23219,"title":"factory title293"},{"id":23220,"title":"factory
        title294"},{"id":23221,"title":"factory title295"},{"id":23222,"title":"factory
        title296"},{"id":23223,"title":"factory title297"},{"id":23224,"title":"factory
        title298"},{"id":23225,"title":"factory title299"},{"id":23226,"title":"factory
        title300"},{"id":23227,"title":"factory title301"},{"id":23228,"title":"factory
        title302"},{"id":23229,"title":"factory title303"},{"id":23230,"title":"factory
        title304"},{"id":23231,"title":"factory title305"},{"id":23232,"title":"factory
        title306"},{"id":23233,"title":"factory title307"},{"id":23234,"title":"factory
        title308"},{"id":23235,"title":"factory title309"},{"id":23236,"title":"factory
        title310"},{"id":23237,"title":"factory title311"},{"id":23238,"title":"factory
        title312"},{"id":23239,"title":"factory title313"},{"id":23240,"title":"factory
        title314"},{"id":23241,"title":"factory title315"},{"id":23242,"title":"factory
        title316"},{"id":23243,"title":"factory title317"},{"id":23244,"title":"factory
        title318"},{"id":23245,"title":"factory title319"},{"id":23246,"title":"factory
        title320"},{"id":23247,"title":"factory title321"},{"id":23248,"title":"factory
        title322"},{"id":23249,"title":"factory title323"},{"id":23250,"title":"factory
        title324"},{"id":23251,"title":"factory title325"},{"id":23252,"title":"factory
        title326"},{"id":23253,"title":"factory title327"},{"id":23254,"title":"factory
        title328"},{"id":23255,"title":"factory title329"},{"id":23256,"title":"factory
        title330"},{"id":23257,"title":"factory title331"},{"id":23258,"title":"factory
        title332"},{"id":23259,"title":"factory title333"},{"id":23260,"title":"factory
        title334"},{"id":23261,"title":"factory title335"},{"id":23262,"title":"factory
        title336"},{"id":23263,"title":"factory title337"},{"id":23264,"title":"factory
        title338"},{"id":23265,"title":"factory title339"},{"id":23266,"title":"factory
        title340"},{"id":23267,"title":"factory title341"},{"id":23268,"title":"factory
        title342"},{"id":23269,"title":"factory title343"},{"id":23270,"title":"factory
        title344"},{"id":23271,"title":"factory title345"},{"id":23272,"title":"factory
        title346"},{"id":23273,"title":"factory title347"},{"id":23274,"title":"factory
        title348"},{"id":23275,"title":"factory title349"},{"id":23276,"title":"factory
        title350"},{"id":23277,"title":"factory title351"},{"id":23278,"title":"factory
        title352"},{"id":23279,"title":"factory title353"},{"id":23280,"title":"factory
        title354"},{"id":23281,"title":"factory title355"},{"id":23282,"title":"factory
        title356"},{"id":23283,"title":"factory title357"},{"id":23284,"title":"factory
        title358"},{"id":23285,"title":"factory title359"},{"id":23286,"title":"factory
        title360"},{"id":23287,"title":"factory title361"},{"id":23288,"title":"factory
        title362"},{"id":23289,"title":"factory title363"},{"id":23290,"title":"factory
        title364"},{"id":23291,"title":"factory title365"},{"id":23292,"title":"factory
        title366"},{"id":23293,"title":"factory title367"},{"id":23294,"title":"factory
        title368"},{"id":23295,"title":"factory title369"},{"id":23296,"title":"factory
        title370"},{"id":23297,"title":"factory title371"},{"id":23298,"title":"factory
        title372"},{"id":23299,"title":"factory title373"},{"id":23300,"title":"factory
        title374"},{"id":23301,"title":"factory title375"},{"id":23302,"title":"factory
        title376"},{"id":23303,"title":"factory title377"},{"id":23304,"title":"factory
        title378"},{"id":23305,"title":"factory title379"},{"id":23306,"title":"factory
        title380"},{"id":23307,"title":"factory title381"},{"id":23308,"title":"factory
        title382"},{"id":23309,"title":"factory title383"},{"id":23310,"title":"factory
        title384"},{"id":23311,"title":"factory title385"},{"id":23312,"title":"factory
        title386"},{"id":23313,"title":"factory title387"},{"id":23314,"title":"factory
        title388"},{"id":23315,"title":"factory title389"},{"id":23316,"title":"factory
        title390"},{"id":23317,"title":"factory title391"},{"id":23318,"title":"factory
        title392"},{"id":23319,"title":"factory title393"},{"id":23320,"title":"factory
        title394"},{"id":23321,"title":"factory title395"},{"id":23322,"title":"factory
        title396"},{"id":23323,"title":"factory title397"},{"id":23324,"title":"factory
        title398"},{"id":23325,"title":"factory title399"},{"id":23326,"title":"factory
        title400"},{"id":23327,"title":"factory title401"},{"id":23328,"title":"factory
        title402"},{"id":23329,"title":"factory title403"},{"id":23330,"title":"factory
        title404"},{"id":23331,"title":"factory title405"},{"id":23332,"title":"factory
        title406"},{"id":23333,"title":"factory title407"},{"id":23334,"title":"factory
        title408"},{"id":23335,"title":"factory title409"},{"id":23336,"title":"factory
        title410"},{"id":23337,"title":"factory title411"},{"id":23338,"title":"factory
        title412"},{"id":23339,"title":"factory title413"},{"id":23340,"title":"factory
        title414"},{"id":23341,"title":"factory title415"},{"id":23342,"title":"factory
        title416"},{"id":23343,"title":"factory title417"},{"id":23344,"title":"factory
        title418"},{"id":23345,"title":"factory title419"},{"id":23346,"title":"factory
        title420"},{"id":23347,"title":"factory title421"},{"id":23348,"title":"factory
        title422"},{"id":23349,"title":"factory title423"},{"id":23350,"title":"factory
        title424"},{"id":23351,"title":"factory title425"},{"id":23352,"title":"factory
        title426"},{"id":23353,"title":"factory title427"},{"id":23354,"title":"factory
        title428"},{"id":23355,"title":"factory title429"},{"id":23356,"title":"factory
        title430"},{"id":23357,"title":"factory title431"},{"id":23358,"title":"factory
        title432"},{"id":23359,"title":"factory title433"},{"id":23360,"title":"factory
        title434"},{"id":23361,"title":"factory title435"},{"id":23362,"title":"factory
        title436"},{"id":23363,"title":"factory title437"},{"id":23364,"title":"factory
        title438"},{"id":23365,"title":"factory title439"},{"id":23366,"title":"factory
        title440"},{"id":23367,"title":"factory title441"},{"id":23368,"title":"factory
        title442"},{"id":23369,"title":"factory title443"},{"id":23370,"title":"factory
        title444"},{"id":23371,"title":"factory title445"},{"id":23372,"title":"factory
        title446"},{"id":23373,"title":"factory title447"},{"id":23374,"title":"factory
        title448"},{"id":23375,"title":"factory title449"},{"id":23376,"title":"factory
        title450"},{"id":23377,"title":"factory title451"},{"id":23378,"title":"factory
        title452"},{"id":23379,"title":"factory title453"},{"id":23380,"title":"factory
        title454"},{"id":23381,"title":"factory title455"},{"id":23382,"title":"factory
        title456"},{"id":23383,"title":"factory title457"},{"id":23384,"title":"factory
        title458"},{"id":23385,"title":"factory title459"},{"id":23386,"title":"factory
        title460"},{"id":23387,"title":"factory title461"},{"id":23388,"title":"factory
        title462"},{"id":23389,"title":"factory title463"},{"id":23390,"title":"factory
        title464"},{"id":23391,"title":"factory title465"},{"id":23392,"title":"factory
        title466"},{"id":23393,"title":"factory title467"},{"id":23394,"title":"factory
        title468"},{"id":23395,"title":"factory title469"},{"id":23396,"title":"factory
        title470"},{"id":23397,"title":"factory title471"},{"id":23398,"title":"factory
        title472"},{"id":23399,"title":"factory title473"},{"id":23400,"title":"factory
        title474"},{"id":23401,"title":"factory title475"},{"id":23402,"title":"factory
        title476"},{"id":23403,"title":"factory title477"},{"id":23404,"title":"factory
        title478"},{"id":23405,"title":"factory title479"},{"id":23406,"title":"factory
        title480"},{"id":23407,"title":"factory title481"},{"id":23408,"title":"factory
        title482"},{"id":23409,"title":"factory title483"},{"id":23410,"title":"factory
        title484"},{"id":23411,"title":"factory title485"},{"id":23412,"title":"factory
        title486"},{"id":23413,"title":"factory title487"},{"id":23414,"title":"factory
        title488"},{"id":23415,"title":"factory title489"},{"id":23416,"title":"factory
        title490"},{"id":23417,"title":"factory title491"},{"id":23418,"title":"factory
        title492"},{"id":23419,"title":"factory title493"},{"id":23420,"title":"factory
        title494"},{"id":23421,"title":"factory title495"},{"id":23422,"title":"factory
        title496"},{"id":23423,"title":"factory title497"},{"id":23424,"title":"factory
        title498"},{"id":23425,"title":"factory title499"},{"id":23426,"title":"factory
        title500"},{"id":23427,"title":"factory title501"},{"id":23428,"title":"factory
        title502"},{"id":23429,"title":"factory title503"},{"id":23430,"title":"factory
        title504"},{"id":23431,"title":"factory title505"},{"id":23432,"title":"factory
        title506"},{"id":23433,"title":"factory title507"},{"id":23434,"title":"factory
        title508"},{"id":23435,"title":"factory title509"},{"id":23436,"title":"factory
        title510"},{"id":23437,"title":"factory title511"},{"id":23438,"title":"factory
        title512"},{"id":23439,"title":"factory title513"},{"id":23440,"title":"factory
        title514"},{"id":23441,"title":"factory title515"},{"id":23442,"title":"factory
        title516"},{"id":23443,"title":"factory title517"},{"id":23444,"title":"factory
        title518"},{"id":23445,"title":"factory title519"},{"id":23446,"title":"factory
        title520"},{"id":23447,"title":"factory title521"},{"id":23448,"title":"factory
        title522"},{"id":23449,"title":"factory title523"},{"id":23450,"title":"factory
        title524"},{"id":23451,"title":"factory title525"},{"id":23452,"title":"factory
        title526"},{"id":23453,"title":"factory title527"},{"id":23454,"title":"factory
        title528"},{"id":23455,"title":"factory title529"},{"id":23456,"title":"factory
        title530"},{"id":23457,"title":"factory title531"},{"id":23458,"title":"factory
        title532"},{"id":23459,"title":"factory title533"},{"id":23460,"title":"factory
        title534"},{"id":23461,"title":"factory title535"},{"id":23462,"title":"factory
        title536"},{"id":23463,"title":"factory title537"},{"id":23464,"title":"factory
        title538"},{"id":23465,"title":"factory title539"},{"id":23466,"title":"factory
        title540"},{"id":23467,"title":"factory title541"},{"id":23468,"title":"factory
        title542"},{"id":23469,"title":"factory title543"},{"id":23470,"title":"factory
        title544"},{"id":23471,"title":"factory title545"},{"id":23472,"title":"factory
        title546"},{"id":23473,"title":"factory title547"},{"id":23474,"title":"factory
        title548"},{"id":23475,"title":"factory title549"},{"id":23476,"title":"factory
        title550"},{"id":23477,"title":"factory title551"},{"id":23478,"title":"factory
        title552"},{"id":23479,"title":"factory title553"},{"id":23480,"title":"factory
        title554"},{"id":23481,"title":"factory title555"},{"id":23482,"title":"factory
        title556"},{"id":23483,"title":"factory title557"},{"id":23484,"title":"factory
        title558"},{"id":23485,"title":"factory title559"},{"id":23486,"title":"factory
        title560"},{"id":23487,"title":"factory title561"},{"id":23488,"title":"factory
        title562"},{"id":23489,"title":"factory title563"},{"id":23490,"title":"factory
        title564"},{"id":23491,"title":"factory title565"},{"id":23492,"title":"factory
        title566"},{"id":23493,"title":"factory title567"},{"id":23494,"title":"factory
        title568"},{"id":23495,"title":"factory title569"},{"id":23496,"title":"factory
        title570"},{"id":23497,"title":"factory title571"},{"id":23498,"title":"factory
        title572"},{"id":23499,"title":"factory title573"},{"id":23500,"title":"factory
        title574"},{"id":23501,"title":"factory title575"},{"id":23502,"title":"factory
        title576"},{"id":23503,"title":"factory title577"},{"id":23504,"title":"factory
        title578"},{"id":23505,"title":"factory title579"},{"id":23506,"title":"factory
        title580"},{"id":23507,"title":"factory title581"},{"id":23508,"title":"factory
        title582"},{"id":23509,"title":"factory title583"},{"id":23510,"title":"factory
        title584"},{"id":23511,"title":"factory title585"},{"id":23512,"title":"factory
        title586"},{"id":23513,"title":"factory title587"},{"id":23514,"title":"factory
        title588"},{"id":23515,"title":"factory title589"},{"id":23516,"title":"factory
        title590"},{"id":23517,"title":"factory title591"},{"id":23518,"title":"factory
        title592"},{"id":23519,"title":"factory title593"},{"id":23520,"title":"factory
        title594"},{"id":23521,"title":"factory title595"},{"id":23522,"title":"factory
        title596"},{"id":23523,"title":"factory title597"},{"id":23524,"title":"factory
        title598"},{"id":23525,"title":"factory title599"},{"id":23526,"title":"factory
        title600"},{"id":23527,"title":"factory title601"},{"id":23528,"title":"factory
        title602"},{"id":23529,"title":"factory title603"},{"id":23530,"title":"factory
        title604"},{"id":23531,"title":"factory title605"},{"id":23532,"title":"factory
        title606"},{"id":23533,"title":"factory title607"},{"id":23534,"title":"factory
        title608"},{"id":23535,"title":"factory title609"},{"id":23536,"title":"factory
        title610"},{"id":23537,"title":"factory title611"},{"id":23538,"title":"factory
        title612"},{"id":23539,"title":"factory title613"},{"id":23540,"title":"factory
        title614"},{"id":23541,"title":"factory title615"},{"id":23542,"title":"factory
        title616"},{"id":23543,"title":"factory title617"},{"id":23544,"title":"factory
        title618"},{"id":23545,"title":"factory title619"},{"id":23546,"title":"factory
        title620"},{"id":23547,"title":"factory title621"},{"id":23548,"title":"factory
        title622"},{"id":23549,"title":"factory title623"},{"id":23550,"title":"factory
        title624"},{"id":23551,"title":"factory title625"},{"id":23552,"title":"factory
        title626"},{"id":23553,"title":"factory title627"},{"id":23554,"title":"factory
        title628"},{"id":23555,"title":"factory title629"},{"id":23556,"title":"factory
        title630"},{"id":23557,"title":"factory title631"},{"id":23558,"title":"factory
        title632"},{"id":23559,"title":"factory title633"},{"id":23560,"title":"factory
        title634"},{"id":23561,"title":"factory title635"},{"id":23562,"title":"factory
        title636"},{"id":23563,"title":"factory title637"},{"id":23564,"title":"factory
        title638"},{"id":23565,"title":"factory title639"},{"id":23566,"title":"factory
        title640"},{"id":23567,"title":"factory title641"},{"id":23568,"title":"factory
        title642"},{"id":23569,"title":"factory title643"},{"id":23570,"title":"factory
        title644"},{"id":23571,"title":"factory title645"},{"id":23572,"title":"factory
        title646"},{"id":23573,"title":"factory title647"},{"id":23574,"title":"factory
        title648"},{"id":23575,"title":"factory title649"},{"id":23576,"title":"factory
        title650"},{"id":23577,"title":"factory title651"},{"id":23578,"title":"factory
        title652"},{"id":23579,"title":"factory title653"},{"id":23580,"title":"factory
        title654"},{"id":23581,"title":"factory title655"},{"id":23582,"title":"factory
        title656"},{"id":23583,"title":"factory title657"},{"id":23584,"title":"factory
        title658"},{"id":23585,"title":"factory title659"},{"id":23586,"title":"factory
        title660"},{"id":23587,"title":"factory title661"},{"id":23588,"title":"factory
        title662"},{"id":23589,"title":"factory title663"},{"id":23590,"title":"factory
        title664"},{"id":23591,"title":"factory title665"},{"id":23592,"title":"factory
        title666"},{"id":23593,"title":"factory title667"},{"id":23594,"title":"factory
        title668"},{"id":23595,"title":"factory title669"},{"id":23596,"title":"factory
        title670"},{"id":23597,"title":"factory title671"},{"id":23598,"title":"factory
        title672"},{"id":23599,"title":"factory title673"},{"id":23600,"title":"factory
        title674"},{"id":23601,"title":"factory title675"},{"id":23602,"title":"factory
        title676"},{"id":23603,"title":"factory title677"},{"id":23604,"title":"factory
        title678"},{"id":23605,"title":"factory title679"},{"id":23606,"title":"factory
        title680"},{"id":23607,"title":"factory title681"},{"id":23608,"title":"factory
        title682"},{"id":23609,"title":"factory title683"},{"id":23610,"title":"factory
        title684"},{"id":23611,"title":"factory title685"},{"id":23612,"title":"factory
        title686"},{"id":23613,"title":"factory title687"},{"id":23614,"title":"factory
        title688"},{"id":23615,"title":"factory title689"},{"id":23616,"title":"factory
        title690"},{"id":23617,"title":"factory title691"},{"id":23618,"title":"factory
        title692"},{"id":23619,"title":"factory title693"},{"id":23620,"title":"factory
        title694"},{"id":23621,"title":"factory title695"},{"id":23622,"title":"factory
        title696"},{"id":23623,"title":"factory title697"},{"id":23624,"title":"factory
        title698"},{"id":23625,"title":"factory title699"},{"id":23626,"title":"factory
        title700"},{"id":23627,"title":"factory title701"},{"id":23628,"title":"factory
        title702"},{"id":23629,"title":"factory title703"},{"id":23630,"title":"factory
        title704"},{"id":23631,"title":"factory title705"},{"id":23632,"title":"factory
        title706"},{"id":23633,"title":"factory title707"},{"id":23634,"title":"factory
        title708"},{"id":23635,"title":"factory title709"},{"id":23636,"title":"factory
        title710"},{"id":23637,"title":"factory title711"},{"id":23638,"title":"factory
        title712"},{"id":23639,"title":"factory title713"},{"id":23640,"title":"factory
        title714"},{"id":23641,"title":"factory title715"},{"id":23642,"title":"factory
        title716"},{"id":23643,"title":"factory title717"},{"id":23644,"title":"factory
        title718"},{"id":23645,"title":"factory title719"},{"id":23646,"title":"factory
        title720"},{"id":23647,"title":"factory title721"},{"id":23648,"title":"factory
        title722"},{"id":23649,"title":"factory title723"},{"id":23650,"title":"factory
        title724"},{"id":23651,"title":"factory title725"},{"id":23652,"title":"factory
        title726"},{"id":23653,"title":"factory title727"},{"id":23654,"title":"factory
        title728"},{"id":23655,"title":"factory title729"},{"id":23656,"title":"factory
        title730"},{"id":23657,"title":"factory title731"},{"id":23658,"title":"factory
        title732"},{"id":23659,"title":"factory title733"},{"id":23660,"title":"factory
        title734"},{"id":23661,"title":"Game of Thrones"}]}'
    http_version: 
  recorded_at: Wed, 16 Dec 2015 21:30:19 GMT
recorded_with: VCR 2.9.3
