---
http_interactions:
- request:
    method: post
    uri: http://localhost:9292/api/universes?access_token=90bc68f143f6b5fea3c0b6cedd5784e6ac61248ca39aa87372922d99eb4f8395
    body:
      encoding: US-ASCII
      string: universe%5Btitle%5D=Game+of+Thrones
    headers:
      Accept-Encoding:
      - gzip;q=1.0,deflate;q=0.6,identity;q=0.3
      Accept:
      - "*/*"
      User-Agent:
      - Ruby
      Host:
      - localhost:9292
  response:
    status:
      code: 200
      message: 'OK '
    headers:
      X-Frame-Options:
      - SAMEORIGIN
      X-Xss-Protection:
      - 1; mode=block
      X-Content-Type-Options:
      - nosniff
      Content-Type:
      - application/json; charset=utf-8
      Etag:
      - W/"e372f30ebf345b1631574e3b0c5f734b"
      Cache-Control:
      - max-age=0, private, must-revalidate
      X-Request-Id:
      - b7e9facc-9601-4794-a907-70f4fc923479
      X-Runtime:
      - '0.004424'
      Server:
      - WEBrick/1.3.1 (Ruby/2.2.1/2015-02-26)
      Date:
      - Tue, 29 Dec 2015 06:51:14 GMT
      Content-Length:
      - '50'
      Connection:
      - Keep-Alive
      Set-Cookie:
      - request_method=POST; path=/
    body:
      encoding: UTF-8
      string: '{"universe":{"id":3567,"title":"Game of Thrones"}}'
    http_version: 
  recorded_at: Tue, 29 Dec 2015 06:51:14 GMT
- request:
    method: get
    uri: http://localhost:9292/api/universes?access_token=90bc68f143f6b5fea3c0b6cedd5784e6ac61248ca39aa87372922d99eb4f8395
    body:
      encoding: US-ASCII
      string: ''
    headers:
      Accept-Encoding:
      - gzip;q=1.0,deflate;q=0.6,identity;q=0.3
      Accept:
      - "*/*"
      User-Agent:
      - Ruby
      Host:
      - localhost:9292
  response:
    status:
      code: 200
      message: 'OK '
    headers:
      X-Frame-Options:
      - SAMEORIGIN
      X-Xss-Protection:
      - 1; mode=block
      X-Content-Type-Options:
      - nosniff
      Content-Type:
      - application/json; charset=utf-8
      Etag:
      - W/"1e4513efe974ee3f24da9e6019810e51"
      Cache-Control:
      - max-age=0, private, must-revalidate
      X-Request-Id:
      - f91f5f93-cc6b-4d69-a47f-ffef262a0151
      X-Runtime:
      - '0.002485'
      Server:
      - WEBrick/1.3.1 (Ruby/2.2.1/2015-02-26)
      Date:
      - Tue, 29 Dec 2015 06:51:14 GMT
      Content-Length:
      - '53'
      Connection:
      - Keep-Alive
    body:
      encoding: UTF-8
      string: '{"universes":[{"id":3567,"title":"Game of Thrones"}]}'
    http_version: 
  recorded_at: Tue, 29 Dec 2015 06:51:14 GMT
- request:
    method: get
    uri: http://localhost:9292/api/universes/3567?access_token=90bc68f143f6b5fea3c0b6cedd5784e6ac61248ca39aa87372922d99eb4f8395
    body:
      encoding: US-ASCII
      string: ''
    headers:
      Accept-Encoding:
      - gzip;q=1.0,deflate;q=0.6,identity;q=0.3
      Accept:
      - "*/*"
      User-Agent:
      - Ruby
      Host:
      - localhost:9292
  response:
    status:
      code: 200
      message: 'OK '
    headers:
      X-Frame-Options:
      - SAMEORIGIN
      X-Xss-Protection:
      - 1; mode=block
      X-Content-Type-Options:
      - nosniff
      Content-Type:
      - application/json; charset=utf-8
      Etag:
      - W/"92c7dfd9e09a3373863de35c20f5724a"
      Cache-Control:
      - max-age=0, private, must-revalidate
      X-Request-Id:
      - b41fe77d-fe77-466d-8228-fcec2755e88b
      X-Runtime:
      - '0.008838'
      Server:
      - WEBrick/1.3.1 (Ruby/2.2.1/2015-02-26)
      Date:
      - Tue, 29 Dec 2015 06:51:14 GMT
      Content-Length:
      - '64'
      Connection:
      - Keep-Alive
    body:
      encoding: UTF-8
      string: '{"universe":{"id":3567,"title":"Game of Thrones","articles":[]}}'
    http_version: 
  recorded_at: Tue, 29 Dec 2015 06:51:14 GMT
- request:
    method: post
    uri: http://localhost:9292/api/events
    body:
      encoding: UTF-8
      string: '{"event":{"universe_id":3567,"title":"Green wedding"}}'
    headers:
      Content-Type:
      - application/json
      Accept-Encoding:
      - gzip;q=1.0,deflate;q=0.6,identity;q=0.3
      Accept:
      - application/vnd.example.t1
      User-Agent:
      - Ruby
  response:
    status:
      code: 200
      message: 'OK '
    headers:
      X-Frame-Options:
      - SAMEORIGIN
      X-Xss-Protection:
      - 1; mode=block
      X-Content-Type-Options:
      - nosniff
      Content-Type:
      - application/json; charset=utf-8
      Etag:
      - W/"09ebbe1969e47b5facc54ea1a6d9eb17"
      Cache-Control:
      - max-age=0, private, must-revalidate
      X-Request-Id:
      - 6e3f57f6-c3d2-4281-8f11-c3c580251e73
      X-Runtime:
      - '0.007461'
      Server:
      - WEBrick/1.3.1 (Ruby/2.2.1/2015-02-26)
      Date:
      - Tue, 29 Dec 2015 06:51:14 GMT
      Content-Length:
      - '94'
      Connection:
      - Keep-Alive
      Set-Cookie:
      - request_method=POST; path=/
    body:
      encoding: UTF-8
      string: '{"event":{"id":2079,"title":"Green wedding","universe":{"id":3567,"title":"Game
        of Thrones"}}}'
    http_version: 
  recorded_at: Tue, 29 Dec 2015 06:51:14 GMT
- request:
    method: post
    uri: http://localhost:9292/api/events
    body:
      encoding: UTF-8
      string: '{"event":{"universe_id":3567,"title":"Red wedding"}}'
    headers:
      Content-Type:
      - application/json
      Accept-Encoding:
      - gzip;q=1.0,deflate;q=0.6,identity;q=0.3
      Accept:
      - application/vnd.example.t1
      User-Agent:
      - Ruby
  response:
    status:
      code: 200
      message: 'OK '
    headers:
      X-Frame-Options:
      - SAMEORIGIN
      X-Xss-Protection:
      - 1; mode=block
      X-Content-Type-Options:
      - nosniff
      Content-Type:
      - application/json; charset=utf-8
      Etag:
      - W/"df2d9c4740ecf78b44da441b9bb490de"
      Cache-Control:
      - max-age=0, private, must-revalidate
      X-Request-Id:
      - 313ae34d-e393-4d3f-a391-2e3cd655257d
      X-Runtime:
      - '0.005783'
      Server:
      - WEBrick/1.3.1 (Ruby/2.2.1/2015-02-26)
      Date:
      - Tue, 29 Dec 2015 06:51:14 GMT
      Content-Length:
      - '92'
      Connection:
      - Keep-Alive
      Set-Cookie:
      - request_method=POST; path=/
    body:
      encoding: UTF-8
      string: '{"event":{"id":2080,"title":"Red wedding","universe":{"id":3567,"title":"Game
        of Thrones"}}}'
    http_version: 
  recorded_at: Tue, 29 Dec 2015 06:51:14 GMT
- request:
    method: post
    uri: http://localhost:9292/api/events
    body:
      encoding: UTF-8
      string: '{"event":{"universe_id":3567,"title":"Blue wedding"}}'
    headers:
      Content-Type:
      - application/json
      Accept-Encoding:
      - gzip;q=1.0,deflate;q=0.6,identity;q=0.3
      Accept:
      - application/vnd.example.t1
      User-Agent:
      - Ruby
  response:
    status:
      code: 200
      message: 'OK '
    headers:
      X-Frame-Options:
      - SAMEORIGIN
      X-Xss-Protection:
      - 1; mode=block
      X-Content-Type-Options:
      - nosniff
      Content-Type:
      - application/json; charset=utf-8
      Etag:
      - W/"b00c5af3f1aaea50492ad1c71c497db5"
      Cache-Control:
      - max-age=0, private, must-revalidate
      X-Request-Id:
      - 525f5aca-8bdc-4d34-9ea2-f2ed678c8ad5
      X-Runtime:
      - '0.006041'
      Server:
      - WEBrick/1.3.1 (Ruby/2.2.1/2015-02-26)
      Date:
      - Tue, 29 Dec 2015 06:51:14 GMT
      Content-Length:
      - '93'
      Connection:
      - Keep-Alive
      Set-Cookie:
      - request_method=POST; path=/
    body:
      encoding: UTF-8
      string: '{"event":{"id":2081,"title":"Blue wedding","universe":{"id":3567,"title":"Game
        of Thrones"}}}'
    http_version: 
  recorded_at: Tue, 29 Dec 2015 06:51:14 GMT
- request:
    method: post
    uri: http://localhost:9292/api/events
    body:
      encoding: UTF-8
      string: '{"event":{"universe_id":3567,"title":"Yellow wedding"}}'
    headers:
      Content-Type:
      - application/json
      Accept-Encoding:
      - gzip;q=1.0,deflate;q=0.6,identity;q=0.3
      Accept:
      - application/vnd.example.t1
      User-Agent:
      - Ruby
  response:
    status:
      code: 200
      message: 'OK '
    headers:
      X-Frame-Options:
      - SAMEORIGIN
      X-Xss-Protection:
      - 1; mode=block
      X-Content-Type-Options:
      - nosniff
      Content-Type:
      - application/json; charset=utf-8
      Etag:
      - W/"5c5d2d983547372c39d993d21741f13e"
      Cache-Control:
      - max-age=0, private, must-revalidate
      X-Request-Id:
      - 4bba4bd7-c2e4-41be-b656-f45f158dede0
      X-Runtime:
      - '0.006960'
      Server:
      - WEBrick/1.3.1 (Ruby/2.2.1/2015-02-26)
      Date:
      - Tue, 29 Dec 2015 06:51:14 GMT
      Content-Length:
      - '95'
      Connection:
      - Keep-Alive
      Set-Cookie:
      - request_method=POST; path=/
    body:
      encoding: UTF-8
      string: '{"event":{"id":2082,"title":"Yellow wedding","universe":{"id":3567,"title":"Game
        of Thrones"}}}'
    http_version: 
  recorded_at: Tue, 29 Dec 2015 06:51:14 GMT
- request:
    method: post
    uri: http://localhost:9292/api/notes
    body:
      encoding: UTF-8
      string: '{"note":{"text":"a note"}}'
    headers:
      Content-Type:
      - application/json
      Accept-Encoding:
      - gzip;q=1.0,deflate;q=0.6,identity;q=0.3
      Accept:
      - application/vnd.example.t1
      User-Agent:
      - Ruby
  response:
    status:
      code: 200
      message: 'OK '
    headers:
      X-Frame-Options:
      - SAMEORIGIN
      X-Xss-Protection:
      - 1; mode=block
      X-Content-Type-Options:
      - nosniff
      Content-Type:
      - application/json; charset=utf-8
      Etag:
      - W/"3c0eb45892fe31e6b18ac4f26d8f99f0"
      Cache-Control:
      - max-age=0, private, must-revalidate
      X-Request-Id:
      - eee37b80-f5ca-4c56-80e4-d82e6fc0b46a
      X-Runtime:
      - '0.004096'
      Server:
      - WEBrick/1.3.1 (Ruby/2.2.1/2015-02-26)
      Date:
      - Tue, 29 Dec 2015 06:51:14 GMT
      Content-Length:
      - '35'
      Connection:
      - Keep-Alive
      Set-Cookie:
      - request_method=POST; path=/
    body:
      encoding: UTF-8
      string: '{"note":{"id":786,"text":"a note"}}'
    http_version: 
  recorded_at: Tue, 29 Dec 2015 06:51:14 GMT
- request:
    method: post
    uri: http://localhost:9292/api/event_notes
    body:
      encoding: UTF-8
      string: '{"event_note":{"event_id":2080,"note_id":786}}'
    headers:
      Content-Type:
      - application/json
      Accept-Encoding:
      - gzip;q=1.0,deflate;q=0.6,identity;q=0.3
      Accept:
      - application/vnd.example.t1
      User-Agent:
      - Ruby
  response:
    status:
      code: 200
      message: 'OK '
    headers:
      X-Frame-Options:
      - SAMEORIGIN
      X-Xss-Protection:
      - 1; mode=block
      X-Content-Type-Options:
      - nosniff
      Content-Type:
      - application/json; charset=utf-8
      Etag:
      - W/"8f6e8e2ce0f69bc10871b266a1f78a28"
      Cache-Control:
      - max-age=0, private, must-revalidate
      X-Request-Id:
      - 53d54d3c-66ed-4a16-9a46-b69adaee1c1d
      X-Runtime:
      - '0.006195'
      Server:
      - WEBrick/1.3.1 (Ruby/2.2.1/2015-02-26)
      Date:
      - Tue, 29 Dec 2015 06:51:14 GMT
      Content-Length:
      - '55'
      Connection:
      - Keep-Alive
      Set-Cookie:
      - request_method=POST; path=/
    body:
      encoding: UTF-8
      string: '{"event_note":{"id":423,"event_id":2080,"note_id":786}}'
    http_version: 
  recorded_at: Tue, 29 Dec 2015 06:51:14 GMT
- request:
    method: post
    uri: http://localhost:9292/api/steps?access_token=90bc68f143f6b5fea3c0b6cedd5784e6ac61248ca39aa87372922d99eb4f8395
    body:
      encoding: US-ASCII
      string: step%5Bchild_id%5D=2080&step%5Bparent_id%5D=2079
    headers:
      Accept-Encoding:
      - gzip;q=1.0,deflate;q=0.6,identity;q=0.3
      Accept:
      - "*/*"
      User-Agent:
      - Ruby
      Host:
      - localhost:9292
  response:
    status:
      code: 200
      message: 'OK '
    headers:
      X-Frame-Options:
      - SAMEORIGIN
      X-Xss-Protection:
      - 1; mode=block
      X-Content-Type-Options:
      - nosniff
      Content-Type:
      - application/json; charset=utf-8
      Etag:
      - W/"f658347ee6c43e5a8b80844360db8299"
      Cache-Control:
      - max-age=0, private, must-revalidate
      X-Request-Id:
      - a1d217e1-16f5-4539-ab0b-7ef5585a6ebe
      X-Runtime:
      - '0.004724'
      Server:
      - WEBrick/1.3.1 (Ruby/2.2.1/2015-02-26)
      Date:
      - Tue, 29 Dec 2015 06:51:14 GMT
      Content-Length:
      - '52'
      Connection:
      - Keep-Alive
      Set-Cookie:
      - request_method=POST; path=/
    body:
      encoding: UTF-8
      string: '{"step":{"id":505,"parent_id":2079,"child_id":2080}}'
    http_version: 
  recorded_at: Tue, 29 Dec 2015 06:51:14 GMT
- request:
    method: post
    uri: http://localhost:9292/api/articles?access_token=90bc68f143f6b5fea3c0b6cedd5784e6ac61248ca39aa87372922d99eb4f8395
    body:
      encoding: US-ASCII
      string: article%5Bgender%5D=m&article%5Bname%5D=John+Snow&article%5Btype%5D=Character&article%5Buniverse_id%5D=3567
    headers:
      Accept-Encoding:
      - gzip;q=1.0,deflate;q=0.6,identity;q=0.3
      Accept:
      - "*/*"
      User-Agent:
      - Ruby
      Host:
      - localhost:9292
  response:
    status:
      code: 200
      message: 'OK '
    headers:
      X-Frame-Options:
      - SAMEORIGIN
      X-Xss-Protection:
      - 1; mode=block
      X-Content-Type-Options:
      - nosniff
      Content-Type:
      - application/json; charset=utf-8
      Etag:
      - W/"a94e0d660db3900caa28bcb89ecb8d15"
      Cache-Control:
      - max-age=0, private, must-revalidate
      X-Request-Id:
      - a9369e7f-505c-4473-ad4f-68ff73e17a80
      X-Runtime:
      - '0.011642'
      Server:
      - WEBrick/1.3.1 (Ruby/2.2.1/2015-02-26)
      Date:
      - Tue, 29 Dec 2015 06:51:14 GMT
      Content-Length:
      - '164'
      Connection:
      - Keep-Alive
      Set-Cookie:
      - request_method=POST; path=/
    body:
      encoding: UTF-8
      string: '{"article":{"id":2049,"name":"John Snow","universe_id":3567,"type":"Character","gender":"m","tags":[],"citations":[],"inverse_citations":[],"notes":[],"events":[]}}'
    http_version: 
  recorded_at: Tue, 29 Dec 2015 06:51:14 GMT
- request:
    method: post
    uri: http://localhost:9292/api/participations?access_token=90bc68f143f6b5fea3c0b6cedd5784e6ac61248ca39aa87372922d99eb4f8395
    body:
      encoding: US-ASCII
      string: participation%5Bevent_id%5D=2080&participation%5Bparticipant_id%5D=2049
    headers:
      Accept-Encoding:
      - gzip;q=1.0,deflate;q=0.6,identity;q=0.3
      Accept:
      - "*/*"
      User-Agent:
      - Ruby
      Host:
      - localhost:9292
  response:
    status:
      code: 200
      message: 'OK '
    headers:
      X-Frame-Options:
      - SAMEORIGIN
      X-Xss-Protection:
      - 1; mode=block
      X-Content-Type-Options:
      - nosniff
      Content-Type:
      - application/json; charset=utf-8
      Etag:
      - W/"cf0108c23794d735b9595075b2a7b9b5"
      Cache-Control:
      - max-age=0, private, must-revalidate
      X-Request-Id:
      - 324a3654-a96e-4e46-92d1-f6819fb3edaa
      X-Runtime:
      - '0.008367'
      Server:
      - WEBrick/1.3.1 (Ruby/2.2.1/2015-02-26)
      Date:
      - Tue, 29 Dec 2015 06:51:14 GMT
      Content-Length:
      - '115'
      Connection:
      - Keep-Alive
      Set-Cookie:
      - request_method=POST; path=/
    body:
      encoding: UTF-8
      string: '{"participation":{"id":434,"event":{"id":2080,"title":"Red wedding"},"participant":{"id":2049,"name":"John
        Snow"}}}'
    http_version: 
  recorded_at: Tue, 29 Dec 2015 06:51:14 GMT
- request:
    method: post
    uri: http://localhost:9292/api/mentions
    body:
      encoding: UTF-8
      string: '{"mention":{"origin_id":2080,"target_id":2081}}'
    headers:
      Content-Type:
      - application/json
      Accept-Encoding:
      - gzip;q=1.0,deflate;q=0.6,identity;q=0.3
      Accept:
      - application/vnd.example.t1
      User-Agent:
      - Ruby
  response:
    status:
      code: 200
      message: 'OK '
    headers:
      X-Frame-Options:
      - SAMEORIGIN
      X-Xss-Protection:
      - 1; mode=block
      X-Content-Type-Options:
      - nosniff
      Content-Type:
      - application/json; charset=utf-8
      Etag:
      - W/"c8d0cc0028391f69213f07772d66c9ce"
      Cache-Control:
      - max-age=0, private, must-revalidate
      X-Request-Id:
      - f304b943-6400-4416-8ffd-1d88426e664d
      X-Runtime:
      - '0.007962'
      Server:
      - WEBrick/1.3.1 (Ruby/2.2.1/2015-02-26)
      Date:
      - Tue, 29 Dec 2015 06:51:14 GMT
      Content-Length:
      - '109'
      Connection:
      - Keep-Alive
      Set-Cookie:
      - request_method=POST; path=/
    body:
      encoding: UTF-8
      string: '{"mention":{"id":636,"origin":{"id":2080,"title":"Red wedding"},"target":{"id":2081,"title":"Blue
        wedding"}}}'
    http_version: 
  recorded_at: Tue, 29 Dec 2015 06:51:14 GMT
- request:
    method: post
    uri: http://localhost:9292/api/mentions
    body:
      encoding: UTF-8
      string: '{"mention":{"origin_id":2082,"target_id":2080}}'
    headers:
      Content-Type:
      - application/json
      Accept-Encoding:
      - gzip;q=1.0,deflate;q=0.6,identity;q=0.3
      Accept:
      - application/vnd.example.t1
      User-Agent:
      - Ruby
  response:
    status:
      code: 200
      message: 'OK '
    headers:
      X-Frame-Options:
      - SAMEORIGIN
      X-Xss-Protection:
      - 1; mode=block
      X-Content-Type-Options:
      - nosniff
      Content-Type:
      - application/json; charset=utf-8
      Etag:
      - W/"aef43f6c0c199c2c7d9b9aae1011cf58"
      Cache-Control:
      - max-age=0, private, must-revalidate
      X-Request-Id:
      - 52a13805-e328-4ed5-a97f-3ae04050898e
      X-Runtime:
      - '0.006001'
      Server:
      - WEBrick/1.3.1 (Ruby/2.2.1/2015-02-26)
      Date:
      - Tue, 29 Dec 2015 06:51:14 GMT
      Content-Length:
      - '111'
      Connection:
      - Keep-Alive
      Set-Cookie:
      - request_method=POST; path=/
    body:
      encoding: UTF-8
      string: '{"mention":{"id":637,"origin":{"id":2082,"title":"Yellow wedding"},"target":{"id":2080,"title":"Red
        wedding"}}}'
    http_version: 
  recorded_at: Tue, 29 Dec 2015 06:51:14 GMT
- request:
    method: post
    uri: http://localhost:9292/api/articles?access_token=90bc68f143f6b5fea3c0b6cedd5784e6ac61248ca39aa87372922d99eb4f8395
    body:
      encoding: US-ASCII
      string: article%5Bgender%5D=f&article%5Bname%5D=Blue+wife&article%5Btype%5D=Character&article%5Buniverse_id%5D=3567
    headers:
      Accept-Encoding:
      - gzip;q=1.0,deflate;q=0.6,identity;q=0.3
      Accept:
      - "*/*"
      User-Agent:
      - Ruby
      Host:
      - localhost:9292
  response:
    status:
      code: 200
      message: 'OK '
    headers:
      X-Frame-Options:
      - SAMEORIGIN
      X-Xss-Protection:
      - 1; mode=block
      X-Content-Type-Options:
      - nosniff
      Content-Type:
      - application/json; charset=utf-8
      Etag:
      - W/"908ec0ea035658983b01c2ca90b15901"
      Cache-Control:
      - max-age=0, private, must-revalidate
      X-Request-Id:
      - 8d9bbe6b-807d-4600-ad37-2b98bc0e60a5
      X-Runtime:
      - '0.011796'
      Server:
      - WEBrick/1.3.1 (Ruby/2.2.1/2015-02-26)
      Date:
      - Tue, 29 Dec 2015 06:51:14 GMT
      Content-Length:
      - '164'
      Connection:
      - Keep-Alive
      Set-Cookie:
      - request_method=POST; path=/
    body:
      encoding: UTF-8
      string: '{"article":{"id":2050,"name":"Blue wife","universe_id":3567,"type":"Character","gender":"f","tags":[],"citations":[],"inverse_citations":[],"notes":[],"events":[]}}'
    http_version: 
  recorded_at: Tue, 29 Dec 2015 06:51:14 GMT
- request:
    method: post
    uri: http://localhost:9292/api/article_mentions
    body:
      encoding: UTF-8
      string: '{"article_mention":{"origin_id":2080,"target_id":2050,"content":"all
        blue"}}'
    headers:
      Content-Type:
      - application/json
      Accept-Encoding:
      - gzip;q=1.0,deflate;q=0.6,identity;q=0.3
      Accept:
      - application/vnd.example.t1
      User-Agent:
      - Ruby
  response:
    status:
      code: 200
      message: 'OK '
    headers:
      X-Frame-Options:
      - SAMEORIGIN
      X-Xss-Protection:
      - 1; mode=block
      X-Content-Type-Options:
      - nosniff
      Content-Type:
      - application/json; charset=utf-8
      Etag:
      - W/"4ec8e026cdfe7a1a163763362a0a66cc"
      Cache-Control:
      - max-age=0, private, must-revalidate
      X-Request-Id:
      - 1fddbdc6-b721-44ee-a075-542a4be54a4a
      X-Runtime:
      - '0.006903'
      Server:
      - WEBrick/1.3.1 (Ruby/2.2.1/2015-02-26)
      Date:
      - Tue, 29 Dec 2015 06:51:14 GMT
      Content-Length:
      - '134'
      Connection:
      - Keep-Alive
      Set-Cookie:
      - request_method=POST; path=/
    body:
      encoding: UTF-8
      string: '{"article_mention":{"id":340,"content":"all blue","origin":{"id":2080,"title":"Red
        wedding"},"target":{"id":2050,"name":"Blue wife"}}}'
    http_version: 
  recorded_at: Tue, 29 Dec 2015 06:51:14 GMT
- request:
    method: get
    uri: http://localhost:9292/api/events/2080?access_token=90bc68f143f6b5fea3c0b6cedd5784e6ac61248ca39aa87372922d99eb4f8395
    body:
      encoding: US-ASCII
      string: ''
    headers:
      Accept-Encoding:
      - gzip;q=1.0,deflate;q=0.6,identity;q=0.3
      Accept:
      - "*/*"
      User-Agent:
      - Ruby
      Host:
      - localhost:9292
  response:
    status:
      code: 200
      message: 'OK '
    headers:
      X-Frame-Options:
      - SAMEORIGIN
      X-Xss-Protection:
      - 1; mode=block
      X-Content-Type-Options:
      - nosniff
      Content-Type:
      - application/json; charset=utf-8
      Etag:
      - W/"f39974620253224b6ba5e32c56951b6d"
      Cache-Control:
      - max-age=0, private, must-revalidate
      X-Request-Id:
      - 01ac3b13-7df8-4f87-9a9b-2b6f3179ffb2
      X-Runtime:
      - '0.018825'
      Server:
      - WEBrick/1.3.1 (Ruby/2.2.1/2015-02-26)
      Date:
      - Tue, 29 Dec 2015 06:51:14 GMT
      Content-Length:
      - '479'
      Connection:
      - Keep-Alive
    body:
      encoding: UTF-8
      string: '{"event":{"id":2080,"title":"Red wedding","parents":[{"id":2079,"title":"Green
        wedding"}],"children":[],"participations":[{"id":434,"participant":{"id":2049,"name":"John
        Snow","gender":"m"}}],"mentions":[{"id":636,"target":{"id":2081,"title":"Blue
        wedding"}}],"inverse_mentions":[{"id":637,"origin":{"id":2082,"title":"Yellow
        wedding"}}],"article_mentions":[{"id":340,"content":"all blue","target":{"id":2050,"name":"Blue
        wife"}}],"notes":[{"id":786,"text":"a note","tags":[]}]}}'
    http_version: 
  recorded_at: Tue, 29 Dec 2015 06:51:14 GMT
- request:
    method: get
    uri: http://localhost:9292/api/events?access_token=90bc68f143f6b5fea3c0b6cedd5784e6ac61248ca39aa87372922d99eb4f8395&universe_id=3567
    body:
      encoding: US-ASCII
      string: ''
    headers:
      Accept-Encoding:
      - gzip;q=1.0,deflate;q=0.6,identity;q=0.3
      Accept:
      - "*/*"
      User-Agent:
      - Ruby
      Host:
      - localhost:9292
  response:
    status:
      code: 200
      message: 'OK '
    headers:
      X-Frame-Options:
      - SAMEORIGIN
      X-Xss-Protection:
      - 1; mode=block
      X-Content-Type-Options:
      - nosniff
      Content-Type:
      - application/json; charset=utf-8
      Etag:
      - W/"7c0a9cd9b39f4100290ce543cf13bb91"
      Cache-Control:
      - max-age=0, private, must-revalidate
      X-Request-Id:
      - 4a17fb5e-c2c0-404d-9584-9bda2d893b11
      X-Runtime:
      - '0.005750'
      Server:
      - WEBrick/1.3.1 (Ruby/2.2.1/2015-02-26)
      Date:
      - Tue, 29 Dec 2015 06:51:14 GMT
      Content-Length:
      - '154'
      Connection:
      - Keep-Alive
    body:
      encoding: UTF-8
      string: '{"events":[{"id":2079,"title":"Green wedding"},{"id":2080,"title":"Red
        wedding"},{"id":2081,"title":"Blue wedding"},{"id":2082,"title":"Yellow wedding"}]}'
    http_version: 
  recorded_at: Tue, 29 Dec 2015 06:51:14 GMT
- request:
    method: get
    uri: http://localhost:9292/api/articles?access_token=90bc68f143f6b5fea3c0b6cedd5784e6ac61248ca39aa87372922d99eb4f8395&universe_id=3567
    body:
      encoding: US-ASCII
      string: ''
    headers:
      Accept-Encoding:
      - gzip;q=1.0,deflate;q=0.6,identity;q=0.3
      Accept:
      - "*/*"
      User-Agent:
      - Ruby
      Host:
      - localhost:9292
  response:
    status:
      code: 200
      message: 'OK '
    headers:
      X-Frame-Options:
      - SAMEORIGIN
      X-Xss-Protection:
      - 1; mode=block
      X-Content-Type-Options:
      - nosniff
      Content-Type:
      - application/json; charset=utf-8
      Etag:
      - W/"99d58306b956e4370f49e49afe8cb54d"
      Cache-Control:
      - max-age=0, private, must-revalidate
      X-Request-Id:
      - 90e2db22-20d7-455d-9bdc-73fe97c798b2
      X-Runtime:
      - '0.003051'
      Server:
      - WEBrick/1.3.1 (Ruby/2.2.1/2015-02-26)
      Date:
      - Tue, 29 Dec 2015 06:51:14 GMT
      Content-Length:
      - '140'
      Connection:
      - Keep-Alive
    body:
      encoding: UTF-8
      string: '{"articles":[{"id":2049,"name":"John Snow","type":"Character","gender":"m"},{"id":2050,"name":"Blue
        wife","type":"Character","gender":"f"}]}'
    http_version: 
  recorded_at: Tue, 29 Dec 2015 06:51:14 GMT
- request:
    method: delete
    uri: http://localhost:9292/api/article_mentions
    body:
      encoding: US-ASCII
      string: ''
    headers:
      Content-Type:
      - application/json
      Accept-Encoding:
      - gzip;q=1.0,deflate;q=0.6,identity;q=0.3
      Accept:
      - application/vnd.example.t1
      User-Agent:
      - Ruby
  response:
    status:
      code: 200
      message: 'OK '
    headers:
      X-Frame-Options:
      - SAMEORIGIN
      X-Xss-Protection:
      - 1; mode=block
      X-Content-Type-Options:
      - nosniff
      Content-Type:
      - application/json; charset=utf-8
      Etag:
      - W/"8cb61c5c4376f0e700e498568e13ed42"
      Cache-Control:
      - max-age=0, private, must-revalidate
      X-Request-Id:
      - 22030c59-165a-4f3c-bc62-52d4685ef6b6
      X-Runtime:
      - '0.006702'
      Server:
      - WEBrick/1.3.1 (Ruby/2.2.1/2015-02-26)
      Date:
      - Tue, 29 Dec 2015 06:51:14 GMT
      Content-Length:
      - '137'
      Connection:
      - Keep-Alive
      Set-Cookie:
      - request_method=DELETE; path=/
    body:
      encoding: UTF-8
      string: '{"article_mentions":[{"id":340,"content":"all blue","origin":{"id":2080,"title":"Red
        wedding"},"target":{"id":2050,"name":"Blue wife"}}]}'
    http_version: 
  recorded_at: Tue, 29 Dec 2015 06:51:14 GMT
- request:
    method: delete
    uri: http://localhost:9292/api/mentions
    body:
      encoding: US-ASCII
      string: ''
    headers:
      Content-Type:
      - application/json
      Accept-Encoding:
      - gzip;q=1.0,deflate;q=0.6,identity;q=0.3
      Accept:
      - application/vnd.example.t1
      User-Agent:
      - Ruby
  response:
    status:
      code: 200
      message: 'OK '
    headers:
      X-Frame-Options:
      - SAMEORIGIN
      X-Xss-Protection:
      - 1; mode=block
      X-Content-Type-Options:
      - nosniff
      Content-Type:
      - application/json; charset=utf-8
      Etag:
      - W/"1d1d9824acce7221f28d469798169126"
      Cache-Control:
      - max-age=0, private, must-revalidate
      X-Request-Id:
      - 95ebb9ab-cf68-4f08-a063-7f1354a94ab2
      X-Runtime:
      - '0.011126'
      Server:
      - WEBrick/1.3.1 (Ruby/2.2.1/2015-02-26)
      Date:
      - Tue, 29 Dec 2015 06:51:14 GMT
      Content-Length:
      - '212'
      Connection:
      - Keep-Alive
      Set-Cookie:
      - request_method=DELETE; path=/
    body:
      encoding: UTF-8
      string: '{"mentions":[{"id":636,"origin":{"id":2080,"title":"Red wedding"},"target":{"id":2081,"title":"Blue
        wedding"}},{"id":637,"origin":{"id":2082,"title":"Yellow wedding"},"target":{"id":2080,"title":"Red
        wedding"}}]}'
    http_version: 
  recorded_at: Tue, 29 Dec 2015 06:51:14 GMT
- request:
    method: delete
    uri: http://localhost:9292/api/event_notes
    body:
      encoding: US-ASCII
      string: ''
    headers:
      Content-Type:
      - application/json
      Accept-Encoding:
      - gzip;q=1.0,deflate;q=0.6,identity;q=0.3
      Accept:
      - application/vnd.example.t1
      User-Agent:
      - Ruby
  response:
    status:
      code: 200
      message: 'OK '
    headers:
      X-Frame-Options:
      - SAMEORIGIN
      X-Xss-Protection:
      - 1; mode=block
      X-Content-Type-Options:
      - nosniff
      Content-Type:
      - application/json; charset=utf-8
      Etag:
      - W/"1d0aaedf9f9d345e3904454ccdb48de4"
      Cache-Control:
      - max-age=0, private, must-revalidate
      X-Request-Id:
      - c2bab9f8-de4a-4ac1-9cdc-674af3490fb1
      X-Runtime:
      - '0.004730'
      Server:
      - WEBrick/1.3.1 (Ruby/2.2.1/2015-02-26)
      Date:
      - Tue, 29 Dec 2015 06:51:14 GMT
      Content-Length:
      - '58'
      Connection:
      - Keep-Alive
      Set-Cookie:
      - request_method=DELETE; path=/
    body:
      encoding: UTF-8
      string: '{"event_notes":[{"id":423,"event_id":2080,"note_id":786}]}'
    http_version: 
  recorded_at: Tue, 29 Dec 2015 06:51:14 GMT
- request:
    method: delete
    uri: http://localhost:9292/api/notes?access_token=90bc68f143f6b5fea3c0b6cedd5784e6ac61248ca39aa87372922d99eb4f8395
    body:
      encoding: US-ASCII
      string: ''
    headers:
      Depth:
      - Infinity
      Accept-Encoding:
      - gzip;q=1.0,deflate;q=0.6,identity;q=0.3
      Accept:
      - "*/*"
      User-Agent:
      - Ruby
      Host:
      - localhost:9292
  response:
    status:
      code: 200
      message: 'OK '
    headers:
      X-Frame-Options:
      - SAMEORIGIN
      X-Xss-Protection:
      - 1; mode=block
      X-Content-Type-Options:
      - nosniff
      Content-Type:
      - application/json; charset=utf-8
      Etag:
      - W/"78d9b05980ede433553ab643411f24dd"
      Cache-Control:
      - max-age=0, private, must-revalidate
      X-Request-Id:
      - c3b29e9a-8da1-4904-96b7-a8b65e2e0e53
      X-Runtime:
      - '0.004077'
      Server:
      - WEBrick/1.3.1 (Ruby/2.2.1/2015-02-26)
      Date:
      - Tue, 29 Dec 2015 06:51:14 GMT
      Content-Length:
      - '38'
      Connection:
      - Keep-Alive
      Set-Cookie:
      - request_method=DELETE; path=/
    body:
      encoding: UTF-8
      string: '{"notes":[{"id":786,"text":"a note"}]}'
    http_version: 
  recorded_at: Tue, 29 Dec 2015 06:51:14 GMT
- request:
    method: delete
    uri: http://localhost:9292/api/steps?access_token=90bc68f143f6b5fea3c0b6cedd5784e6ac61248ca39aa87372922d99eb4f8395
    body:
      encoding: US-ASCII
      string: ''
    headers:
      Depth:
      - Infinity
      Accept-Encoding:
      - gzip;q=1.0,deflate;q=0.6,identity;q=0.3
      Accept:
      - "*/*"
      User-Agent:
      - Ruby
      Host:
      - localhost:9292
  response:
    status:
      code: 200
      message: 'OK '
    headers:
      X-Frame-Options:
      - SAMEORIGIN
      X-Xss-Protection:
      - 1; mode=block
      X-Content-Type-Options:
      - nosniff
      Content-Type:
      - application/json; charset=utf-8
      Etag:
      - W/"26b641405df9f7cf794a87a6c0c563e7"
      Cache-Control:
      - max-age=0, private, must-revalidate
      X-Request-Id:
      - 760954fa-8655-48bc-a8e5-3efdb39a4e12
      X-Runtime:
      - '0.004421'
      Server:
      - WEBrick/1.3.1 (Ruby/2.2.1/2015-02-26)
      Date:
      - Tue, 29 Dec 2015 06:51:14 GMT
      Content-Length:
      - '55'
      Connection:
      - Keep-Alive
      Set-Cookie:
      - request_method=DELETE; path=/
    body:
      encoding: UTF-8
      string: '{"steps":[{"id":505,"parent_id":2079,"child_id":2080}]}'
    http_version: 
  recorded_at: Tue, 29 Dec 2015 06:51:14 GMT
- request:
    method: delete
    uri: http://localhost:9292/api/participations
    body:
      encoding: US-ASCII
      string: ''
    headers:
      Content-Type:
      - application/json
      Accept-Encoding:
      - gzip;q=1.0,deflate;q=0.6,identity;q=0.3
      Accept:
      - application/vnd.example.t1
      User-Agent:
      - Ruby
  response:
    status:
      code: 200
      message: 'OK '
    headers:
      X-Frame-Options:
      - SAMEORIGIN
      X-Xss-Protection:
      - 1; mode=block
      X-Content-Type-Options:
      - nosniff
      Content-Type:
      - application/json; charset=utf-8
      Etag:
      - W/"cce0ea9e89bcc10c0834441a2e6d6255"
      Cache-Control:
      - max-age=0, private, must-revalidate
      X-Request-Id:
      - 519ce188-28b3-4283-934b-bff31c681192
      X-Runtime:
      - '0.007734'
      Server:
      - WEBrick/1.3.1 (Ruby/2.2.1/2015-02-26)
      Date:
      - Tue, 29 Dec 2015 06:51:14 GMT
      Content-Length:
      - '118'
      Connection:
      - Keep-Alive
      Set-Cookie:
      - request_method=DELETE; path=/
    body:
      encoding: UTF-8
      string: '{"participations":[{"id":434,"event":{"id":2080,"title":"Red wedding"},"participant":{"id":2049,"name":"John
        Snow"}}]}'
    http_version: 
  recorded_at: Tue, 29 Dec 2015 06:51:14 GMT
- request:
    method: delete
    uri: http://localhost:9292/api/articles?access_token=90bc68f143f6b5fea3c0b6cedd5784e6ac61248ca39aa87372922d99eb4f8395
    body:
      encoding: US-ASCII
      string: ''
    headers:
      Depth:
      - Infinity
      Accept-Encoding:
      - gzip;q=1.0,deflate;q=0.6,identity;q=0.3
      Accept:
      - "*/*"
      User-Agent:
      - Ruby
      Host:
      - localhost:9292
  response:
    status:
      code: 200
      message: 'OK '
    headers:
      X-Frame-Options:
      - SAMEORIGIN
      X-Xss-Protection:
      - 1; mode=block
      X-Content-Type-Options:
      - nosniff
      Content-Type:
      - application/json; charset=utf-8
      Etag:
      - W/"7712c863f00300c3144327a59bb75473"
      Cache-Control:
      - max-age=0, private, must-revalidate
      X-Request-Id:
      - 1cdce69b-271b-4912-80aa-93ec4f69b0e6
      X-Runtime:
      - '0.006270'
      Server:
      - WEBrick/1.3.1 (Ruby/2.2.1/2015-02-26)
      Date:
      - Tue, 29 Dec 2015 06:51:14 GMT
      Content-Length:
      - '152'
      Connection:
      - Keep-Alive
      Set-Cookie:
      - request_method=DELETE; path=/
    body:
      encoding: UTF-8
      string: '{"articles":[{"id":2049,"name":"John Snow","universe_id":3567,"type":"Character"},{"id":2050,"name":"Blue
        wife","universe_id":3567,"type":"Character"}]}'
    http_version: 
  recorded_at: Tue, 29 Dec 2015 06:51:14 GMT
- request:
    method: delete
    uri: http://localhost:9292/api/events
    body:
      encoding: US-ASCII
      string: ''
    headers:
      Content-Type:
      - application/json
      Accept-Encoding:
      - gzip;q=1.0,deflate;q=0.6,identity;q=0.3
      Accept:
      - application/vnd.example.t1
      User-Agent:
      - Ruby
  response:
    status:
      code: 200
      message: 'OK '
    headers:
      X-Frame-Options:
      - SAMEORIGIN
      X-Xss-Protection:
      - 1; mode=block
      X-Content-Type-Options:
      - nosniff
      Content-Type:
      - application/json; charset=utf-8
      Etag:
      - W/"9ce921d7657e231b3879892467eaef0e"
      Cache-Control:
      - max-age=0, private, must-revalidate
      X-Request-Id:
      - a4ac68fb-362a-40dd-b9b0-67698502d38b
      X-Runtime:
      - '0.003631'
      Server:
      - WEBrick/1.3.1 (Ruby/2.2.1/2015-02-26)
      Date:
      - Tue, 29 Dec 2015 06:51:14 GMT
      Content-Length:
      - '12'
      Connection:
      - Keep-Alive
      Set-Cookie:
      - request_method=DELETE; path=/
    body:
      encoding: UTF-8
      string: '{"events":4}'
    http_version: 
  recorded_at: Tue, 29 Dec 2015 06:51:14 GMT
- request:
    method: delete
    uri: http://localhost:9292/api/universes
    body:
      encoding: US-ASCII
      string: ''
    headers:
      Content-Type:
      - application/json
      Accept-Encoding:
      - gzip;q=1.0,deflate;q=0.6,identity;q=0.3
      Accept:
      - application/vnd.example.t1
      User-Agent:
      - Ruby
  response:
    status:
      code: 200
      message: 'OK '
    headers:
      X-Frame-Options:
      - SAMEORIGIN
      X-Xss-Protection:
      - 1; mode=block
      X-Content-Type-Options:
      - nosniff
      Content-Type:
      - application/json; charset=utf-8
      Etag:
      - W/"1e4513efe974ee3f24da9e6019810e51"
      Cache-Control:
      - max-age=0, private, must-revalidate
      X-Request-Id:
      - 879bbf0d-1a1a-4df8-968d-2ea8d9b28d43
      X-Runtime:
      - '0.004366'
      Server:
      - WEBrick/1.3.1 (Ruby/2.2.1/2015-02-26)
      Date:
      - Tue, 29 Dec 2015 06:51:14 GMT
      Content-Length:
      - '53'
      Connection:
      - Keep-Alive
      Set-Cookie:
      - request_method=DELETE; path=/
    body:
      encoding: UTF-8
      string: '{"universes":[{"id":3567,"title":"Game of Thrones"}]}'
    http_version: 
  recorded_at: Tue, 29 Dec 2015 06:51:14 GMT
recorded_with: VCR 2.9.3
