---
http_interactions:
- request:
    method: post
    uri: http://localhost:9292/api/universes?access_token=90bc68f143f6b5fea3c0b6cedd5784e6ac61248ca39aa87372922d99eb4f8395
    body:
      encoding: US-ASCII
      string: universe%5Btitle%5D=The+Final+Empire
    headers:
      Accept-Encoding:
      - gzip;q=1.0,deflate;q=0.6,identity;q=0.3
      Accept:
      - "*/*"
      User-Agent:
      - Ruby
      Host:
      - localhost:9292
  response:
    status:
      code: 200
      message: 'OK '
    headers:
      X-Frame-Options:
      - SAMEORIGIN
      X-Xss-Protection:
      - 1; mode=block
      X-Content-Type-Options:
      - nosniff
      Content-Type:
      - application/json; charset=utf-8
      Etag:
      - W/"a9ab2458d35964ccab75e3769d171b74"
      Cache-Control:
      - max-age=0, private, must-revalidate
      X-Request-Id:
      - 573fbb6a-a148-49ab-987b-557733a7cfdc
      X-Runtime:
      - '0.079769'
      Server:
      - WEBrick/1.3.1 (Ruby/2.2.1/2015-02-26)
      Date:
      - Sat, 02 Jan 2016 10:50:02 GMT
      Content-Length:
      - '52'
      Connection:
      - Keep-Alive
      Set-Cookie:
      - request_method=POST; path=/
    body:
      encoding: UTF-8
      string: '{"universe":{"id":13385,"title":"The Final Empire"}}'
    http_version: 
  recorded_at: Sat, 02 Jan 2016 10:50:02 GMT
- request:
    method: get
    uri: http://localhost:9292/api/universes?access_token=90bc68f143f6b5fea3c0b6cedd5784e6ac61248ca39aa87372922d99eb4f8395
    body:
      encoding: US-ASCII
      string: ''
    headers:
      Accept-Encoding:
      - gzip;q=1.0,deflate;q=0.6,identity;q=0.3
      Accept:
      - "*/*"
      User-Agent:
      - Ruby
      Host:
      - localhost:9292
  response:
    status:
      code: 200
      message: 'OK '
    headers:
      X-Frame-Options:
      - SAMEORIGIN
      X-Xss-Protection:
      - 1; mode=block
      X-Content-Type-Options:
      - nosniff
      Content-Type:
      - application/json; charset=utf-8
      Etag:
      - W/"8bc2fbc22ee02b9b6b028409c32c3241"
      Cache-Control:
      - max-age=0, private, must-revalidate
      X-Request-Id:
      - 18dafa5f-cbed-41e8-9c40-4a1c6ff41735
      X-Runtime:
      - '0.003212'
      Server:
      - WEBrick/1.3.1 (Ruby/2.2.1/2015-02-26)
      Date:
      - Sat, 02 Jan 2016 10:50:02 GMT
      Content-Length:
      - '55'
      Connection:
      - Keep-Alive
    body:
      encoding: UTF-8
      string: '{"universes":[{"id":13385,"title":"The Final Empire"}]}'
    http_version: 
  recorded_at: Sat, 02 Jan 2016 10:50:02 GMT
- request:
    method: get
    uri: http://localhost:9292/api/universes/13385?access_token=90bc68f143f6b5fea3c0b6cedd5784e6ac61248ca39aa87372922d99eb4f8395
    body:
      encoding: US-ASCII
      string: ''
    headers:
      Accept-Encoding:
      - gzip;q=1.0,deflate;q=0.6,identity;q=0.3
      Accept:
      - "*/*"
      User-Agent:
      - Ruby
      Host:
      - localhost:9292
  response:
    status:
      code: 200
      message: 'OK '
    headers:
      X-Frame-Options:
      - SAMEORIGIN
      X-Xss-Protection:
      - 1; mode=block
      X-Content-Type-Options:
      - nosniff
      Content-Type:
      - application/json; charset=utf-8
      Etag:
      - W/"198212c091a4eec7ac03bdf769848dd7"
      Cache-Control:
      - max-age=0, private, must-revalidate
      X-Request-Id:
      - 687d995a-e2f6-4c12-a588-47426f0546ce
      X-Runtime:
      - '0.003651'
      Server:
      - WEBrick/1.3.1 (Ruby/2.2.1/2015-02-26)
      Date:
      - Sat, 02 Jan 2016 10:50:02 GMT
      Content-Length:
      - '66'
      Connection:
      - Keep-Alive
    body:
      encoding: UTF-8
      string: '{"universe":{"id":13385,"title":"The Final Empire","articles":[]}}'
    http_version: 
  recorded_at: Sat, 02 Jan 2016 10:50:02 GMT
- request:
    method: post
    uri: http://localhost:9292/api/articles?access_token=90bc68f143f6b5fea3c0b6cedd5784e6ac61248ca39aa87372922d99eb4f8395
    body:
      encoding: US-ASCII
      string: article%5Bgender%5D=n&article%5Bname%5D=Pistol&article%5Btype%5D=Character&article%5Buniverse_id%5D=13385
    headers:
      Accept-Encoding:
      - gzip;q=1.0,deflate;q=0.6,identity;q=0.3
      Accept:
      - "*/*"
      User-Agent:
      - Ruby
      Host:
      - localhost:9292
  response:
    status:
      code: 200
      message: 'OK '
    headers:
      X-Frame-Options:
      - SAMEORIGIN
      X-Xss-Protection:
      - 1; mode=block
      X-Content-Type-Options:
      - nosniff
      Content-Type:
      - application/json; charset=utf-8
      Etag:
      - W/"b711df865572e40807c0e8490557feba"
      Cache-Control:
      - max-age=0, private, must-revalidate
      X-Request-Id:
      - d9631822-99ca-4e21-b8ed-c6d69a4d4ab5
      X-Runtime:
      - '0.028523'
      Server:
      - WEBrick/1.3.1 (Ruby/2.2.1/2015-02-26)
      Date:
      - Sat, 02 Jan 2016 10:50:02 GMT
      Content-Length:
      - '176'
      Connection:
      - Keep-Alive
      Set-Cookie:
      - request_method=POST; path=/
    body:
      encoding: UTF-8
      string: '{"article":{"id":7768,"name":"Pistol","universe_id":13385,"type":"Character","gender":"n","tags":[],"citations":[],"inverse_citations":[],"mentions":[],"notes":[],"events":[]}}'
    http_version: 
  recorded_at: Sat, 02 Jan 2016 10:50:02 GMT
- request:
    method: post
    uri: http://localhost:9292/api/articles?access_token=90bc68f143f6b5fea3c0b6cedd5784e6ac61248ca39aa87372922d99eb4f8395
    body:
      encoding: US-ASCII
      string: article%5Bgender%5D=n&article%5Bname%5D=Sword&article%5Btype%5D=Character&article%5Buniverse_id%5D=13385
    headers:
      Accept-Encoding:
      - gzip;q=1.0,deflate;q=0.6,identity;q=0.3
      Accept:
      - "*/*"
      User-Agent:
      - Ruby
      Host:
      - localhost:9292
  response:
    status:
      code: 200
      message: 'OK '
    headers:
      X-Frame-Options:
      - SAMEORIGIN
      X-Xss-Protection:
      - 1; mode=block
      X-Content-Type-Options:
      - nosniff
      Content-Type:
      - application/json; charset=utf-8
      Etag:
      - W/"781c8192510ab0650c53e597eed0b068"
      Cache-Control:
      - max-age=0, private, must-revalidate
      X-Request-Id:
      - cbef16a9-3456-4eb5-ada2-2ebfd96636df
      X-Runtime:
      - '0.011923'
      Server:
      - WEBrick/1.3.1 (Ruby/2.2.1/2015-02-26)
      Date:
      - Sat, 02 Jan 2016 10:50:02 GMT
      Content-Length:
      - '175'
      Connection:
      - Keep-Alive
      Set-Cookie:
      - request_method=POST; path=/
    body:
      encoding: UTF-8
      string: '{"article":{"id":7769,"name":"Sword","universe_id":13385,"type":"Character","gender":"n","tags":[],"citations":[],"inverse_citations":[],"mentions":[],"notes":[],"events":[]}}'
    http_version: 
  recorded_at: Sat, 02 Jan 2016 10:50:02 GMT
- request:
    method: post
    uri: http://localhost:9292/api/articles?access_token=90bc68f143f6b5fea3c0b6cedd5784e6ac61248ca39aa87372922d99eb4f8395
    body:
      encoding: US-ASCII
      string: article%5Bgender%5D=n&article%5Bname%5D=Kelsier&article%5Btype%5D=Character&article%5Buniverse_id%5D=13385
    headers:
      Accept-Encoding:
      - gzip;q=1.0,deflate;q=0.6,identity;q=0.3
      Accept:
      - "*/*"
      User-Agent:
      - Ruby
      Host:
      - localhost:9292
  response:
    status:
      code: 200
      message: 'OK '
    headers:
      X-Frame-Options:
      - SAMEORIGIN
      X-Xss-Protection:
      - 1; mode=block
      X-Content-Type-Options:
      - nosniff
      Content-Type:
      - application/json; charset=utf-8
      Etag:
      - W/"c7bdd4dfd5cf5e2cd9302279cfe2660c"
      Cache-Control:
      - max-age=0, private, must-revalidate
      X-Request-Id:
      - 8095e6be-1f07-43ea-b7d0-c57d244abc53
      X-Runtime:
      - '0.011821'
      Server:
      - WEBrick/1.3.1 (Ruby/2.2.1/2015-02-26)
      Date:
      - Sat, 02 Jan 2016 10:50:02 GMT
      Content-Length:
      - '177'
      Connection:
      - Keep-Alive
      Set-Cookie:
      - request_method=POST; path=/
    body:
      encoding: UTF-8
      string: '{"article":{"id":7770,"name":"Kelsier","universe_id":13385,"type":"Character","gender":"n","tags":[],"citations":[],"inverse_citations":[],"mentions":[],"notes":[],"events":[]}}'
    http_version: 
  recorded_at: Sat, 02 Jan 2016 10:50:02 GMT
- request:
    method: post
    uri: http://localhost:9292/api/relations?access_token=90bc68f143f6b5fea3c0b6cedd5784e6ac61248ca39aa87372922d99eb4f8395
    body:
      encoding: US-ASCII
      string: relation%5Borigin_id%5D=7769&relation%5Btarget_id%5D=7770&relation%5Btype%5D=Owner
    headers:
      Accept-Encoding:
      - gzip;q=1.0,deflate;q=0.6,identity;q=0.3
      Accept:
      - "*/*"
      User-Agent:
      - Ruby
      Host:
      - localhost:9292
  response:
    status:
      code: 200
      message: 'OK '
    headers:
      X-Frame-Options:
      - SAMEORIGIN
      X-Xss-Protection:
      - 1; mode=block
      X-Content-Type-Options:
      - nosniff
      Content-Type:
      - application/json; charset=utf-8
      Etag:
      - W/"afb221648690e850eae97e23b28d7ba3"
      Cache-Control:
      - max-age=0, private, must-revalidate
      X-Request-Id:
      - 0546595d-f200-43f7-a9e7-295fa1af0a04
      X-Runtime:
      - '0.008527'
      Server:
      - WEBrick/1.3.1 (Ruby/2.2.1/2015-02-26)
      Date:
      - Sat, 02 Jan 2016 10:50:02 GMT
      Content-Length:
      - '155'
      Connection:
      - Keep-Alive
      Set-Cookie:
      - request_method=POST; path=/
    body:
      encoding: UTF-8
      string: '{"relation":{"id":1101,"type":"Owner","references":[],"origin":{"id":7769,"name":"Sword","gender":"n"},"target":{"id":7770,"name":"Kelsier","gender":"n"}}}'
    http_version: 
  recorded_at: Sat, 02 Jan 2016 10:50:02 GMT
- request:
    method: post
    uri: http://localhost:9292/api/relations?access_token=90bc68f143f6b5fea3c0b6cedd5784e6ac61248ca39aa87372922d99eb4f8395
    body:
      encoding: US-ASCII
      string: relation%5Borigin_id%5D=7768&relation%5Btarget_id%5D=7770&relation%5Btype%5D=Owner
    headers:
      Accept-Encoding:
      - gzip;q=1.0,deflate;q=0.6,identity;q=0.3
      Accept:
      - "*/*"
      User-Agent:
      - Ruby
      Host:
      - localhost:9292
  response:
    status:
      code: 200
      message: 'OK '
    headers:
      X-Frame-Options:
      - SAMEORIGIN
      X-Xss-Protection:
      - 1; mode=block
      X-Content-Type-Options:
      - nosniff
      Content-Type:
      - application/json; charset=utf-8
      Etag:
      - W/"b8514ea6edde1c2a1dfead598f5b8941"
      Cache-Control:
      - max-age=0, private, must-revalidate
      X-Request-Id:
      - 849d5691-c88b-43ae-849c-48561a329bc0
      X-Runtime:
      - '0.008269'
      Server:
      - WEBrick/1.3.1 (Ruby/2.2.1/2015-02-26)
      Date:
      - Sat, 02 Jan 2016 10:50:02 GMT
      Content-Length:
      - '156'
      Connection:
      - Keep-Alive
      Set-Cookie:
      - request_method=POST; path=/
    body:
      encoding: UTF-8
      string: '{"relation":{"id":1102,"type":"Owner","references":[],"origin":{"id":7768,"name":"Pistol","gender":"n"},"target":{"id":7770,"name":"Kelsier","gender":"n"}}}'
    http_version: 
  recorded_at: Sat, 02 Jan 2016 10:50:02 GMT
- request:
    method: post
    uri: http://localhost:9292/api/references?access_token=90bc68f143f6b5fea3c0b6cedd5784e6ac61248ca39aa87372922d99eb4f8395
    body:
      encoding: US-ASCII
      string: reference%5Bcomment%5D=very+sharp&reference%5Breferenceable_id%5D=1101&reference%5Breferenceable_type%5D=Relation
    headers:
      Accept-Encoding:
      - gzip;q=1.0,deflate;q=0.6,identity;q=0.3
      Accept:
      - "*/*"
      User-Agent:
      - Ruby
      Host:
      - localhost:9292
  response:
    status:
      code: 200
      message: 'OK '
    headers:
      X-Frame-Options:
      - SAMEORIGIN
      X-Xss-Protection:
      - 1; mode=block
      X-Content-Type-Options:
      - nosniff
      Content-Type:
      - application/json; charset=utf-8
      Etag:
      - W/"da410ee7dbad1ae20a13ed5d7f72c3f9"
      Cache-Control:
      - max-age=0, private, must-revalidate
      X-Request-Id:
      - 405a0062-e4dc-4015-a685-6bdbbd629f3d
      X-Runtime:
      - '0.004546'
      Server:
      - WEBrick/1.3.1 (Ruby/2.2.1/2015-02-26)
      Date:
      - Sat, 02 Jan 2016 10:50:02 GMT
      Content-Length:
      - '114'
      Connection:
      - Keep-Alive
      Set-Cookie:
      - request_method=POST; path=/
    body:
      encoding: UTF-8
      string: '{"reference":{"id":514,"referenceable_id":1101,"url":null,"comment":"very
        sharp","referenceable_type":"Relation"}}'
    http_version: 
  recorded_at: Sat, 02 Jan 2016 10:50:02 GMT
- request:
    method: post
    uri: http://localhost:9292/api/notes
    body:
      encoding: UTF-8
      string: '{"note":{"text":"a note"}}'
    headers:
      Content-Type:
      - application/json
      Accept-Encoding:
      - gzip;q=1.0,deflate;q=0.6,identity;q=0.3
      Accept:
      - application/vnd.example.t1
      User-Agent:
      - Ruby
  response:
    status:
      code: 200
      message: 'OK '
    headers:
      X-Frame-Options:
      - SAMEORIGIN
      X-Xss-Protection:
      - 1; mode=block
      X-Content-Type-Options:
      - nosniff
      Content-Type:
      - application/json; charset=utf-8
      Etag:
      - W/"fcdb3da987c32e773a9dc1afd135f3ce"
      Cache-Control:
      - max-age=0, private, must-revalidate
      X-Request-Id:
      - 680fd216-1280-4fe3-b715-dbe8aa672eb7
      X-Runtime:
      - '0.004366'
      Server:
      - WEBrick/1.3.1 (Ruby/2.2.1/2015-02-26)
      Date:
      - Sat, 02 Jan 2016 10:50:02 GMT
      Content-Length:
      - '36'
      Connection:
      - Keep-Alive
      Set-Cookie:
      - request_method=POST; path=/
    body:
      encoding: UTF-8
      string: '{"note":{"id":2355,"text":"a note"}}'
    http_version: 
  recorded_at: Sat, 02 Jan 2016 10:50:02 GMT
- request:
    method: post
    uri: http://localhost:9292/api/article_notes
    body:
      encoding: UTF-8
      string: '{"article_note":{"article_id":7770,"note_id":2355}}'
    headers:
      Content-Type:
      - application/json
      Accept-Encoding:
      - gzip;q=1.0,deflate;q=0.6,identity;q=0.3
      Accept:
      - application/vnd.example.t1
      User-Agent:
      - Ruby
  response:
    status:
      code: 200
      message: 'OK '
    headers:
      X-Frame-Options:
      - SAMEORIGIN
      X-Xss-Protection:
      - 1; mode=block
      X-Content-Type-Options:
      - nosniff
      Content-Type:
      - application/json; charset=utf-8
      Etag:
      - W/"bb678de6c3f9c4adee15f082ef941257"
      Cache-Control:
      - max-age=0, private, must-revalidate
      X-Request-Id:
      - 6b874eea-34fb-4665-ade0-305e5d27f129
      X-Runtime:
      - '0.005013'
      Server:
      - WEBrick/1.3.1 (Ruby/2.2.1/2015-02-26)
      Date:
      - Sat, 02 Jan 2016 10:50:02 GMT
      Content-Length:
      - '60'
      Connection:
      - Keep-Alive
      Set-Cookie:
      - request_method=POST; path=/
    body:
      encoding: UTF-8
      string: '{"article_note":{"id":871,"article_id":7770,"note_id":2355}}'
    http_version: 
  recorded_at: Sat, 02 Jan 2016 10:50:02 GMT
- request:
    method: post
    uri: http://localhost:9292/api/events?access_token=90bc68f143f6b5fea3c0b6cedd5784e6ac61248ca39aa87372922d99eb4f8395
    body:
      encoding: US-ASCII
      string: event%5Btitle%5D=The+Standoff&event%5Buniverse_id%5D=13385
    headers:
      Accept-Encoding:
      - gzip;q=1.0,deflate;q=0.6,identity;q=0.3
      Accept:
      - "*/*"
      User-Agent:
      - Ruby
      Host:
      - localhost:9292
  response:
    status:
      code: 200
      message: 'OK '
    headers:
      X-Frame-Options:
      - SAMEORIGIN
      X-Xss-Protection:
      - 1; mode=block
      X-Content-Type-Options:
      - nosniff
      Content-Type:
      - application/json; charset=utf-8
      Etag:
      - W/"c399332feed69c5fe185ed724facad52"
      Cache-Control:
      - max-age=0, private, must-revalidate
      X-Request-Id:
      - 668604ed-4dc6-4071-b77f-4205929edecd
      X-Runtime:
      - '0.007019'
      Server:
      - WEBrick/1.3.1 (Ruby/2.2.1/2015-02-26)
      Date:
      - Sat, 02 Jan 2016 10:50:02 GMT
      Content-Length:
      - '44'
      Connection:
      - Keep-Alive
      Set-Cookie:
      - request_method=POST; path=/
    body:
      encoding: UTF-8
      string: '{"event":{"id":6859,"title":"The Standoff"}}'
    http_version: 
  recorded_at: Sat, 02 Jan 2016 10:50:02 GMT
- request:
    method: post
    uri: http://localhost:9292/api/participations?access_token=90bc68f143f6b5fea3c0b6cedd5784e6ac61248ca39aa87372922d99eb4f8395
    body:
      encoding: US-ASCII
      string: participation%5Bevent_id%5D=6859&participation%5Bparticipant_id%5D=7770
    headers:
      Accept-Encoding:
      - gzip;q=1.0,deflate;q=0.6,identity;q=0.3
      Accept:
      - "*/*"
      User-Agent:
      - Ruby
      Host:
      - localhost:9292
  response:
    status:
      code: 200
      message: 'OK '
    headers:
      X-Frame-Options:
      - SAMEORIGIN
      X-Xss-Protection:
      - 1; mode=block
      X-Content-Type-Options:
      - nosniff
      Content-Type:
      - application/json; charset=utf-8
      Etag:
      - W/"27cfd47d302964033980186a1e1c5d24"
      Cache-Control:
      - max-age=0, private, must-revalidate
      X-Request-Id:
      - 685aa1d3-4b09-476e-9ef1-201b069c899c
      X-Runtime:
      - '0.007020'
      Server:
      - WEBrick/1.3.1 (Ruby/2.2.1/2015-02-26)
      Date:
      - Sat, 02 Jan 2016 10:50:02 GMT
      Content-Length:
      - '130'
      Connection:
      - Keep-Alive
      Set-Cookie:
      - request_method=POST; path=/
    body:
      encoding: UTF-8
      string: '{"participation":{"id":1630,"content":null,"event":{"id":6859,"title":"The
        Standoff"},"participant":{"id":7770,"name":"Kelsier"}}}'
    http_version: 
  recorded_at: Sat, 02 Jan 2016 10:50:02 GMT
- request:
    method: post
    uri: http://localhost:9292/api/tags
    body:
      encoding: UTF-8
      string: '{"tag":{"title":"hero","tagable_id":2355,"tagable_type":"Note"}}'
    headers:
      Content-Type:
      - application/json
      Accept-Encoding:
      - gzip;q=1.0,deflate;q=0.6,identity;q=0.3
      Accept:
      - application/vnd.example.t1
      User-Agent:
      - Ruby
  response:
    status:
      code: 200
      message: 'OK '
    headers:
      X-Frame-Options:
      - SAMEORIGIN
      X-Xss-Protection:
      - 1; mode=block
      X-Content-Type-Options:
      - nosniff
      Content-Type:
      - application/json; charset=utf-8
      Etag:
      - W/"8d071c255b223d43b8e7ba6f68c6696f"
      Cache-Control:
      - max-age=0, private, must-revalidate
      X-Request-Id:
      - bac6829b-b0fd-48a9-9b48-33671f0ab124
      X-Runtime:
      - '0.007688'
      Server:
      - WEBrick/1.3.1 (Ruby/2.2.1/2015-02-26)
      Date:
      - Sat, 02 Jan 2016 10:50:02 GMT
      Content-Length:
      - '34'
      Connection:
      - Keep-Alive
      Set-Cookie:
      - request_method=POST; path=/
    body:
      encoding: UTF-8
      string: '{"tag":{"id":1508,"title":"hero"}}'
    http_version: 
  recorded_at: Sat, 02 Jan 2016 10:50:02 GMT
- request:
    method: post
    uri: http://localhost:9292/api/tags
    body:
      encoding: UTF-8
      string: '{"tag":{"title":"Allomancy","tagable_id":7770,"tagable_type":"Article"}}'
    headers:
      Content-Type:
      - application/json
      Accept-Encoding:
      - gzip;q=1.0,deflate;q=0.6,identity;q=0.3
      Accept:
      - application/vnd.example.t1
      User-Agent:
      - Ruby
  response:
    status:
      code: 200
      message: 'OK '
    headers:
      X-Frame-Options:
      - SAMEORIGIN
      X-Xss-Protection:
      - 1; mode=block
      X-Content-Type-Options:
      - nosniff
      Content-Type:
      - application/json; charset=utf-8
      Etag:
      - W/"efa7d7756bb79c105e31cc75750d2cfa"
      Cache-Control:
      - max-age=0, private, must-revalidate
      X-Request-Id:
      - aaaeccf3-904e-4f81-8820-7c8e014e02f3
      X-Runtime:
      - '0.007611'
      Server:
      - WEBrick/1.3.1 (Ruby/2.2.1/2015-02-26)
      Date:
      - Sat, 02 Jan 2016 10:50:02 GMT
      Content-Length:
      - '39'
      Connection:
      - Keep-Alive
      Set-Cookie:
      - request_method=POST; path=/
    body:
      encoding: UTF-8
      string: '{"tag":{"id":1509,"title":"Allomancy"}}'
    http_version: 
  recorded_at: Sat, 02 Jan 2016 10:50:02 GMT
- request:
    method: post
    uri: http://localhost:9292/api/articles?access_token=90bc68f143f6b5fea3c0b6cedd5784e6ac61248ca39aa87372922d99eb4f8395
    body:
      encoding: US-ASCII
      string: article%5Bgender%5D=n&article%5Bname%5D=a+citation+target&article%5Btype%5D=Character&article%5Buniverse_id%5D=13385
    headers:
      Accept-Encoding:
      - gzip;q=1.0,deflate;q=0.6,identity;q=0.3
      Accept:
      - "*/*"
      User-Agent:
      - Ruby
      Host:
      - localhost:9292
  response:
    status:
      code: 200
      message: 'OK '
    headers:
      X-Frame-Options:
      - SAMEORIGIN
      X-Xss-Protection:
      - 1; mode=block
      X-Content-Type-Options:
      - nosniff
      Content-Type:
      - application/json; charset=utf-8
      Etag:
      - W/"d1acb83ef24dabc6816312229c055a11"
      Cache-Control:
      - max-age=0, private, must-revalidate
      X-Request-Id:
      - dd1e8076-6864-47e9-a105-93008683a95f
      X-Runtime:
      - '0.013291'
      Server:
      - WEBrick/1.3.1 (Ruby/2.2.1/2015-02-26)
      Date:
      - Sat, 02 Jan 2016 10:50:02 GMT
      Content-Length:
      - '187'
      Connection:
      - Keep-Alive
      Set-Cookie:
      - request_method=POST; path=/
    body:
      encoding: UTF-8
      string: '{"article":{"id":7771,"name":"a citation target","universe_id":13385,"type":"Character","gender":"n","tags":[],"citations":[],"inverse_citations":[],"mentions":[],"notes":[],"events":[]}}'
    http_version: 
  recorded_at: Sat, 02 Jan 2016 10:50:02 GMT
- request:
    method: post
    uri: http://localhost:9292/api/citations
    body:
      encoding: UTF-8
      string: '{"citation":{"origin_id":7770,"content":"some citation","target_id":7771}}'
    headers:
      Content-Type:
      - application/json
      Accept-Encoding:
      - gzip;q=1.0,deflate;q=0.6,identity;q=0.3
      Accept:
      - application/vnd.example.t1
      User-Agent:
      - Ruby
  response:
    status:
      code: 200
      message: 'OK '
    headers:
      X-Frame-Options:
      - SAMEORIGIN
      X-Xss-Protection:
      - 1; mode=block
      X-Content-Type-Options:
      - nosniff
      Content-Type:
      - application/json; charset=utf-8
      Etag:
      - W/"346e8c0308e2e17070a6fd729f449769"
      Cache-Control:
      - max-age=0, private, must-revalidate
      X-Request-Id:
      - d81d38f7-0135-4c9e-8c8d-b0f5ed9f796f
      X-Runtime:
      - '0.005474'
      Server:
      - WEBrick/1.3.1 (Ruby/2.2.1/2015-02-26)
      Date:
      - Sat, 02 Jan 2016 10:50:02 GMT
      Content-Length:
      - '49'
      Connection:
      - Keep-Alive
      Set-Cookie:
      - request_method=POST; path=/
    body:
      encoding: UTF-8
      string: '{"citation":{"id":815,"content":"some citation"}}'
    http_version: 
  recorded_at: Sat, 02 Jan 2016 10:50:02 GMT
- request:
    method: post
    uri: http://localhost:9292/api/articles?access_token=90bc68f143f6b5fea3c0b6cedd5784e6ac61248ca39aa87372922d99eb4f8395
    body:
      encoding: US-ASCII
      string: article%5Bgender%5D=n&article%5Bname%5D=a+citation+origin&article%5Btype%5D=Character&article%5Buniverse_id%5D=13385
    headers:
      Accept-Encoding:
      - gzip;q=1.0,deflate;q=0.6,identity;q=0.3
      Accept:
      - "*/*"
      User-Agent:
      - Ruby
      Host:
      - localhost:9292
  response:
    status:
      code: 200
      message: 'OK '
    headers:
      X-Frame-Options:
      - SAMEORIGIN
      X-Xss-Protection:
      - 1; mode=block
      X-Content-Type-Options:
      - nosniff
      Content-Type:
      - application/json; charset=utf-8
      Etag:
      - W/"56e3cda17e71c23aeabf43d73e505d01"
      Cache-Control:
      - max-age=0, private, must-revalidate
      X-Request-Id:
      - 6591b6e5-d264-47b4-9cf1-5b268db03d62
      X-Runtime:
      - '0.013811'
      Server:
      - WEBrick/1.3.1 (Ruby/2.2.1/2015-02-26)
      Date:
      - Sat, 02 Jan 2016 10:50:02 GMT
      Content-Length:
      - '187'
      Connection:
      - Keep-Alive
      Set-Cookie:
      - request_method=POST; path=/
    body:
      encoding: UTF-8
      string: '{"article":{"id":7772,"name":"a citation origin","universe_id":13385,"type":"Character","gender":"n","tags":[],"citations":[],"inverse_citations":[],"mentions":[],"notes":[],"events":[]}}'
    http_version: 
  recorded_at: Sat, 02 Jan 2016 10:50:02 GMT
- request:
    method: post
    uri: http://localhost:9292/api/citations
    body:
      encoding: UTF-8
      string: '{"citation":{"target_id":7770,"content":"citerad","origin_id":7772}}'
    headers:
      Content-Type:
      - application/json
      Accept-Encoding:
      - gzip;q=1.0,deflate;q=0.6,identity;q=0.3
      Accept:
      - application/vnd.example.t1
      User-Agent:
      - Ruby
  response:
    status:
      code: 200
      message: 'OK '
    headers:
      X-Frame-Options:
      - SAMEORIGIN
      X-Xss-Protection:
      - 1; mode=block
      X-Content-Type-Options:
      - nosniff
      Content-Type:
      - application/json; charset=utf-8
      Etag:
      - W/"29334396df1fa552dc8714adbc870176"
      Cache-Control:
      - max-age=0, private, must-revalidate
      X-Request-Id:
      - b6b74219-8bf3-498e-9ed1-a697e904e835
      X-Runtime:
      - '0.004978'
      Server:
      - WEBrick/1.3.1 (Ruby/2.2.1/2015-02-26)
      Date:
      - Sat, 02 Jan 2016 10:50:02 GMT
      Content-Length:
      - '43'
      Connection:
      - Keep-Alive
      Set-Cookie:
      - request_method=POST; path=/
    body:
      encoding: UTF-8
      string: '{"citation":{"id":816,"content":"citerad"}}'
    http_version: 
  recorded_at: Sat, 02 Jan 2016 10:50:02 GMT
- request:
    method: post
    uri: http://localhost:9292/api/events
    body:
      encoding: UTF-8
      string: '{"event":{"title":"Blue wedding"}}'
    headers:
      Content-Type:
      - application/json
      Accept-Encoding:
      - gzip;q=1.0,deflate;q=0.6,identity;q=0.3
      Accept:
      - application/vnd.example.t1
      User-Agent:
      - Ruby
  response:
    status:
      code: 200
      message: 'OK '
    headers:
      X-Frame-Options:
      - SAMEORIGIN
      X-Xss-Protection:
      - 1; mode=block
      X-Content-Type-Options:
      - nosniff
      Content-Type:
      - application/json; charset=utf-8
      Etag:
      - W/"4880db50bb2b012656f4cca0579bb19e"
      Cache-Control:
      - max-age=0, private, must-revalidate
      X-Request-Id:
      - 2a9971e3-6495-43e9-a9ac-52d24e22701e
      X-Runtime:
      - '0.007629'
      Server:
      - WEBrick/1.3.1 (Ruby/2.2.1/2015-02-26)
      Date:
      - Sat, 02 Jan 2016 10:50:02 GMT
      Content-Length:
      - '95'
      Connection:
      - Keep-Alive
      Set-Cookie:
      - request_method=POST; path=/
    body:
      encoding: UTF-8
      string: '{"event":{"id":6860,"title":"Blue wedding","universe":{"id":13386,"title":"factory
        title133"}}}'
    http_version: 
  recorded_at: Sat, 02 Jan 2016 10:50:02 GMT
- request:
    method: post
    uri: http://localhost:9292/api/article_mentions
    body:
      encoding: UTF-8
      string: '{"article_mention":{"origin_id":6860,"target_id":7770,"content":"all
        blue"}}'
    headers:
      Content-Type:
      - application/json
      Accept-Encoding:
      - gzip;q=1.0,deflate;q=0.6,identity;q=0.3
      Accept:
      - application/vnd.example.t1
      User-Agent:
      - Ruby
  response:
    status:
      code: 200
      message: 'OK '
    headers:
      X-Frame-Options:
      - SAMEORIGIN
      X-Xss-Protection:
      - 1; mode=block
      X-Content-Type-Options:
      - nosniff
      Content-Type:
      - application/json; charset=utf-8
      Etag:
      - W/"8162e85860b23008706ef836b1c07655"
      Cache-Control:
      - max-age=0, private, must-revalidate
      X-Request-Id:
      - 21e52547-3a90-426f-ba68-c659a8045104
      X-Runtime:
      - '0.006640'
      Server:
      - WEBrick/1.3.1 (Ruby/2.2.1/2015-02-26)
      Date:
      - Sat, 02 Jan 2016 10:50:02 GMT
      Content-Length:
      - '134'
      Connection:
      - Keep-Alive
      Set-Cookie:
      - request_method=POST; path=/
    body:
      encoding: UTF-8
      string: '{"article_mention":{"id":1980,"content":"all blue","origin":{"id":6860,"title":"Blue
        wedding"},"target":{"id":7770,"name":"Kelsier"}}}'
    http_version: 
  recorded_at: Sat, 02 Jan 2016 10:50:02 GMT
- request:
    method: get
    uri: http://localhost:9292/api/articles/7770?access_token=90bc68f143f6b5fea3c0b6cedd5784e6ac61248ca39aa87372922d99eb4f8395
    body:
      encoding: US-ASCII
      string: ''
    headers:
      Accept-Encoding:
      - gzip;q=1.0,deflate;q=0.6,identity;q=0.3
      Accept:
      - "*/*"
      User-Agent:
      - Ruby
      Host:
      - localhost:9292
  response:
    status:
      code: 200
      message: 'OK '
    headers:
      X-Frame-Options:
      - SAMEORIGIN
      X-Xss-Protection:
      - 1; mode=block
      X-Content-Type-Options:
      - nosniff
      Content-Type:
      - application/json; charset=utf-8
      Etag:
      - W/"15693599cd594d9fd955090a5f640222"
      Cache-Control:
      - max-age=0, private, must-revalidate
      X-Request-Id:
      - 1400946a-1767-463f-ad71-24b991e38f08
      X-Runtime:
      - '0.021716'
      Server:
      - WEBrick/1.3.1 (Ruby/2.2.1/2015-02-26)
      Date:
      - Sat, 02 Jan 2016 10:50:02 GMT
      Content-Length:
      - '817'
      Connection:
      - Keep-Alive
    body:
      encoding: UTF-8
      string: '{"article":{"id":7770,"name":"Kelsier","universe_id":13385,"type":"Character","gender":"n","tags":[{"id":1509,"title":"Allomancy","article_id":null}],"citations":[{"id":815,"content":"some
        citation","target":{"id":7771,"name":"a citation target","gender":"n"}}],"inverse_citations":[{"id":816,"content":"citerad","origin":{"id":7772,"name":"a
        citation origin","gender":"n"}}],"mentions":[{"id":1980,"content":"all blue","origin":{"id":6860,"title":"Blue
        wedding"}}],"notes":[{"id":2355,"text":"a note","tags":[{"id":1508,"title":"hero"}]}],"events":[{"id":6859,"title":"The
        Standoff"}],"relatives":[{"id":1101,"type":"Owns","references":[{"id":514,"comment":"very
        sharp"}],"target":{"id":7769,"name":"Sword","gender":"n"}},{"id":1102,"type":"Owns","references":[],"target":{"id":7768,"name":"Pistol","gender":"n"}}]}}'
    http_version: 
  recorded_at: Sat, 02 Jan 2016 10:50:02 GMT
- request:
    method: get
    uri: http://localhost:9292/api/articles?access_token=90bc68f143f6b5fea3c0b6cedd5784e6ac61248ca39aa87372922d99eb4f8395&universe_id=13385
    body:
      encoding: US-ASCII
      string: ''
    headers:
      Accept-Encoding:
      - gzip;q=1.0,deflate;q=0.6,identity;q=0.3
      Accept:
      - "*/*"
      User-Agent:
      - Ruby
      Host:
      - localhost:9292
  response:
    status:
      code: 200
      message: 'OK '
    headers:
      X-Frame-Options:
      - SAMEORIGIN
      X-Xss-Protection:
      - 1; mode=block
      X-Content-Type-Options:
      - nosniff
      Content-Type:
      - application/json; charset=utf-8
      Etag:
      - W/"aa7c4293d403dcd1719a8b2f53f8ea46"
      Cache-Control:
      - max-age=0, private, must-revalidate
      X-Request-Id:
      - a5cd4cdd-6f29-4f2d-9182-4840c56d4ad1
      X-Runtime:
      - '0.003151'
      Server:
      - WEBrick/1.3.1 (Ruby/2.2.1/2015-02-26)
      Date:
      - Sat, 02 Jan 2016 10:50:02 GMT
      Content-Length:
      - '336'
      Connection:
      - Keep-Alive
    body:
      encoding: UTF-8
      string: '{"articles":[{"id":7768,"name":"Pistol","type":"Character","gender":"n"},{"id":7769,"name":"Sword","type":"Character","gender":"n"},{"id":7770,"name":"Kelsier","type":"Character","gender":"n"},{"id":7771,"name":"a
        citation target","type":"Character","gender":"n"},{"id":7772,"name":"a citation
        origin","type":"Character","gender":"n"}]}'
    http_version: 
  recorded_at: Sat, 02 Jan 2016 10:50:02 GMT
- request:
    method: get
    uri: http://localhost:9292/api/relation_types?access_token=90bc68f143f6b5fea3c0b6cedd5784e6ac61248ca39aa87372922d99eb4f8395
    body:
      encoding: US-ASCII
      string: ''
    headers:
      Accept-Encoding:
      - gzip;q=1.0,deflate;q=0.6,identity;q=0.3
      Accept:
      - "*/*"
      User-Agent:
      - Ruby
      Host:
      - localhost:9292
  response:
    status:
      code: 200
      message: 'OK '
    headers:
      X-Frame-Options:
      - SAMEORIGIN
      X-Xss-Protection:
      - 1; mode=block
      X-Content-Type-Options:
      - nosniff
      Content-Type:
      - application/json; charset=utf-8
      Etag:
      - W/"2a85820db5e1cd51a1ac7fec76d16b87"
      Cache-Control:
      - max-age=0, private, must-revalidate
      X-Request-Id:
      - 6d9ce535-0ebb-4ec7-9394-85f779f4704e
      X-Runtime:
      - '0.018426'
      Server:
      - WEBrick/1.3.1 (Ruby/2.2.1/2015-02-26)
      Date:
      - Sat, 02 Jan 2016 10:50:02 GMT
      Content-Length:
      - '366'
      Connection:
      - Keep-Alive
    body:
      encoding: UTF-8
      string: '{"relation_types":["Acquaintance","Advisor","Aunt","Betrothed","Brother","Co_worker","Counselor","Courter","Employee","Father","Follower","Friend","Guide","Home","Husband","King","Located_in","Maid","Member","Mother","Near_sister","Owner","Player","Practitioner","Queen","Resident","Right_hand","Sister","Student","Swordbearer","Uncle","Variant","Warder","Wielder"]}'
    http_version: 
  recorded_at: Sat, 02 Jan 2016 10:50:02 GMT
- request:
    method: get
    uri: http://localhost:9292/api/tags?access_token=90bc68f143f6b5fea3c0b6cedd5784e6ac61248ca39aa87372922d99eb4f8395
    body:
      encoding: US-ASCII
      string: ''
    headers:
      Accept-Encoding:
      - gzip;q=1.0,deflate;q=0.6,identity;q=0.3
      Accept:
      - "*/*"
      User-Agent:
      - Ruby
      Host:
      - localhost:9292
  response:
    status:
      code: 200
      message: 'OK '
    headers:
      X-Frame-Options:
      - SAMEORIGIN
      X-Xss-Protection:
      - 1; mode=block
      X-Content-Type-Options:
      - nosniff
      Content-Type:
      - application/json; charset=utf-8
      Etag:
      - W/"8f05deebdc4d5cca66c2a41d6e183d2b"
      Cache-Control:
      - max-age=0, private, must-revalidate
      X-Request-Id:
      - 328831b0-8887-4828-8394-3681703cb2ee
      X-Runtime:
      - '0.002953'
      Server:
      - WEBrick/1.3.1 (Ruby/2.2.1/2015-02-26)
      Date:
      - Sat, 02 Jan 2016 10:50:02 GMT
      Content-Length:
      - '69'
      Connection:
      - Keep-Alive
    body:
      encoding: UTF-8
      string: '{"tags":[{"id":1508,"title":"hero"},{"id":1509,"title":"Allomancy"}]}'
    http_version: 
  recorded_at: Sat, 02 Jan 2016 10:50:02 GMT
- request:
    method: delete
    uri: http://localhost:9292/api/article_mentions
    body:
      encoding: US-ASCII
      string: ''
    headers:
      Content-Type:
      - application/json
      Accept-Encoding:
      - gzip;q=1.0,deflate;q=0.6,identity;q=0.3
      Accept:
      - application/vnd.example.t1
      User-Agent:
      - Ruby
  response:
    status:
      code: 200
      message: 'OK '
    headers:
      X-Frame-Options:
      - SAMEORIGIN
      X-Xss-Protection:
      - 1; mode=block
      X-Content-Type-Options:
      - nosniff
      Content-Type:
      - application/json; charset=utf-8
      Etag:
      - W/"6e70fb326cc716fd1aa30b4fdbd2b495"
      Cache-Control:
      - max-age=0, private, must-revalidate
      X-Request-Id:
      - 838f2f88-1ec5-4cdc-9916-7f8b3b3db3a0
      X-Runtime:
      - '0.005564'
      Server:
      - WEBrick/1.3.1 (Ruby/2.2.1/2015-02-26)
      Date:
      - Sat, 02 Jan 2016 10:50:03 GMT
      Content-Length:
      - '137'
      Connection:
      - Keep-Alive
      Set-Cookie:
      - request_method=DELETE; path=/
    body:
      encoding: UTF-8
      string: '{"article_mentions":[{"id":1980,"content":"all blue","origin":{"id":6860,"title":"Blue
        wedding"},"target":{"id":7770,"name":"Kelsier"}}]}'
    http_version: 
  recorded_at: Sat, 02 Jan 2016 10:50:03 GMT
- request:
    method: delete
    uri: http://localhost:9292/api/citations
    body:
      encoding: US-ASCII
      string: ''
    headers:
      Content-Type:
      - application/json
      Accept-Encoding:
      - gzip;q=1.0,deflate;q=0.6,identity;q=0.3
      Accept:
      - application/vnd.example.t1
      User-Agent:
      - Ruby
  response:
    status:
      code: 200
      message: 'OK '
    headers:
      X-Frame-Options:
      - SAMEORIGIN
      X-Xss-Protection:
      - 1; mode=block
      X-Content-Type-Options:
      - nosniff
      Content-Type:
      - application/json; charset=utf-8
      Etag:
      - W/"213e323ea82a34b51e0c6d9ac32b81f5"
      Cache-Control:
      - max-age=0, private, must-revalidate
      X-Request-Id:
      - 4119b64b-f0c2-46ee-b2cc-bab8c1708b70
      X-Runtime:
      - '0.005104'
      Server:
      - WEBrick/1.3.1 (Ruby/2.2.1/2015-02-26)
      Date:
      - Sat, 02 Jan 2016 10:50:03 GMT
      Content-Length:
      - '83'
      Connection:
      - Keep-Alive
      Set-Cookie:
      - request_method=DELETE; path=/
    body:
      encoding: UTF-8
      string: '{"citations":[{"id":815,"content":"some citation"},{"id":816,"content":"citerad"}]}'
    http_version: 
  recorded_at: Sat, 02 Jan 2016 10:50:03 GMT
- request:
    method: delete
    uri: http://localhost:9292/api/article_notes
    body:
      encoding: US-ASCII
      string: ''
    headers:
      Content-Type:
      - application/json
      Accept-Encoding:
      - gzip;q=1.0,deflate;q=0.6,identity;q=0.3
      Accept:
      - application/vnd.example.t1
      User-Agent:
      - Ruby
  response:
    status:
      code: 200
      message: 'OK '
    headers:
      X-Frame-Options:
      - SAMEORIGIN
      X-Xss-Protection:
      - 1; mode=block
      X-Content-Type-Options:
      - nosniff
      Content-Type:
      - application/json; charset=utf-8
      Etag:
      - W/"6c064fbb20af7681f1059efb07ac6594"
      Cache-Control:
      - max-age=0, private, must-revalidate
      X-Request-Id:
      - b8d9cc2f-d956-4033-9c83-c6ef3ef14874
      X-Runtime:
      - '0.004362'
      Server:
      - WEBrick/1.3.1 (Ruby/2.2.1/2015-02-26)
      Date:
      - Sat, 02 Jan 2016 10:50:03 GMT
      Content-Length:
      - '63'
      Connection:
      - Keep-Alive
      Set-Cookie:
      - request_method=DELETE; path=/
    body:
      encoding: UTF-8
      string: '{"article_notes":[{"id":871,"article_id":7770,"note_id":2355}]}'
    http_version: 
  recorded_at: Sat, 02 Jan 2016 10:50:03 GMT
- request:
    method: delete
    uri: http://localhost:9292/api/participations
    body:
      encoding: US-ASCII
      string: ''
    headers:
      Content-Type:
      - application/json
      Accept-Encoding:
      - gzip;q=1.0,deflate;q=0.6,identity;q=0.3
      Accept:
      - application/vnd.example.t1
      User-Agent:
      - Ruby
  response:
    status:
      code: 200
      message: 'OK '
    headers:
      X-Frame-Options:
      - SAMEORIGIN
      X-Xss-Protection:
      - 1; mode=block
      X-Content-Type-Options:
      - nosniff
      Content-Type:
      - application/json; charset=utf-8
      Etag:
      - W/"495801e20536173de11620af5c1c3a80"
      Cache-Control:
      - max-age=0, private, must-revalidate
      X-Request-Id:
      - abe93ad8-31d9-43ac-8136-a5a252c533d8
      X-Runtime:
      - '0.005552'
      Server:
      - WEBrick/1.3.1 (Ruby/2.2.1/2015-02-26)
      Date:
      - Sat, 02 Jan 2016 10:50:03 GMT
      Content-Length:
      - '118'
      Connection:
      - Keep-Alive
      Set-Cookie:
      - request_method=DELETE; path=/
    body:
      encoding: UTF-8
      string: '{"participations":[{"id":1630,"event":{"id":6859,"title":"The Standoff"},"participant":{"id":7770,"name":"Kelsier"}}]}'
    http_version: 
  recorded_at: Sat, 02 Jan 2016 10:50:03 GMT
- request:
    method: delete
    uri: http://localhost:9292/api/relations?access_token=90bc68f143f6b5fea3c0b6cedd5784e6ac61248ca39aa87372922d99eb4f8395
    body:
      encoding: US-ASCII
      string: ''
    headers:
      Depth:
      - Infinity
      Accept-Encoding:
      - gzip;q=1.0,deflate;q=0.6,identity;q=0.3
      Accept:
      - "*/*"
      User-Agent:
      - Ruby
      Host:
      - localhost:9292
  response:
    status:
      code: 200
      message: 'OK '
    headers:
      X-Frame-Options:
      - SAMEORIGIN
      X-Xss-Protection:
      - 1; mode=block
      X-Content-Type-Options:
      - nosniff
      Content-Type:
      - application/json; charset=utf-8
      Etag:
      - W/"85d46fde747533644984ff2c3628c937"
      Cache-Control:
      - max-age=0, private, must-revalidate
      X-Request-Id:
      - d83402a4-3ee4-40d9-b1ba-daa00024ecca
      X-Runtime:
      - '0.009483'
      Server:
      - WEBrick/1.3.1 (Ruby/2.2.1/2015-02-26)
      Date:
      - Sat, 02 Jan 2016 10:50:03 GMT
      Content-Length:
      - '335'
      Connection:
      - Keep-Alive
      Set-Cookie:
      - request_method=DELETE; path=/
    body:
      encoding: UTF-8
      string: '{"relations":[{"id":1101,"type":"Owner","references":[{"id":514,"comment":"very
        sharp"}],"origin":{"id":7769,"name":"Sword","gender":"n"},"target":{"id":7770,"name":"Kelsier","gender":"n"}},{"id":1102,"type":"Owner","references":[],"origin":{"id":7768,"name":"Pistol","gender":"n"},"target":{"id":7770,"name":"Kelsier","gender":"n"}}]}'
    http_version: 
  recorded_at: Sat, 02 Jan 2016 10:50:03 GMT
- request:
    method: delete
    uri: http://localhost:9292/api/tags
    body:
      encoding: US-ASCII
      string: ''
    headers:
      Content-Type:
      - application/json
      Accept-Encoding:
      - gzip;q=1.0,deflate;q=0.6,identity;q=0.3
      Accept:
      - application/vnd.example.t1
      User-Agent:
      - Ruby
  response:
    status:
      code: 200
      message: 'OK '
    headers:
      X-Frame-Options:
      - SAMEORIGIN
      X-Xss-Protection:
      - 1; mode=block
      X-Content-Type-Options:
      - nosniff
      Content-Type:
      - application/json; charset=utf-8
      Etag:
      - W/"8f05deebdc4d5cca66c2a41d6e183d2b"
      Cache-Control:
      - max-age=0, private, must-revalidate
      X-Request-Id:
      - ee164145-2434-49bb-95c8-37c400294bc6
      X-Runtime:
      - '0.008736'
      Server:
      - WEBrick/1.3.1 (Ruby/2.2.1/2015-02-26)
      Date:
      - Sat, 02 Jan 2016 10:50:03 GMT
      Content-Length:
      - '69'
      Connection:
      - Keep-Alive
      Set-Cookie:
      - request_method=DELETE; path=/
    body:
      encoding: UTF-8
      string: '{"tags":[{"id":1508,"title":"hero"},{"id":1509,"title":"Allomancy"}]}'
    http_version: 
  recorded_at: Sat, 02 Jan 2016 10:50:03 GMT
- request:
    method: delete
    uri: http://localhost:9292/api/notes?access_token=90bc68f143f6b5fea3c0b6cedd5784e6ac61248ca39aa87372922d99eb4f8395
    body:
      encoding: US-ASCII
      string: ''
    headers:
      Depth:
      - Infinity
      Accept-Encoding:
      - gzip;q=1.0,deflate;q=0.6,identity;q=0.3
      Accept:
      - "*/*"
      User-Agent:
      - Ruby
      Host:
      - localhost:9292
  response:
    status:
      code: 200
      message: 'OK '
    headers:
      X-Frame-Options:
      - SAMEORIGIN
      X-Xss-Protection:
      - 1; mode=block
      X-Content-Type-Options:
      - nosniff
      Content-Type:
      - application/json; charset=utf-8
      Etag:
      - W/"d0cba934e513b1739cb0e37003313a1e"
      Cache-Control:
      - max-age=0, private, must-revalidate
      X-Request-Id:
      - f72e6132-f0e1-4db0-a27a-0c2f92189e5a
      X-Runtime:
      - '0.004423'
      Server:
      - WEBrick/1.3.1 (Ruby/2.2.1/2015-02-26)
      Date:
      - Sat, 02 Jan 2016 10:50:03 GMT
      Content-Length:
      - '39'
      Connection:
      - Keep-Alive
      Set-Cookie:
      - request_method=DELETE; path=/
    body:
      encoding: UTF-8
      string: '{"notes":[{"id":2355,"text":"a note"}]}'
    http_version: 
  recorded_at: Sat, 02 Jan 2016 10:50:03 GMT
- request:
    method: delete
    uri: http://localhost:9292/api/events
    body:
      encoding: US-ASCII
      string: ''
    headers:
      Content-Type:
      - application/json
      Accept-Encoding:
      - gzip;q=1.0,deflate;q=0.6,identity;q=0.3
      Accept:
      - application/vnd.example.t1
      User-Agent:
      - Ruby
  response:
    status:
      code: 200
      message: 'OK '
    headers:
      X-Frame-Options:
      - SAMEORIGIN
      X-Xss-Protection:
      - 1; mode=block
      X-Content-Type-Options:
      - nosniff
      Content-Type:
      - application/json; charset=utf-8
      Etag:
      - W/"f3e70a9b68b912a399a8a52154fe8a8a"
      Cache-Control:
      - max-age=0, private, must-revalidate
      X-Request-Id:
      - faab6cb1-6353-4613-818f-80bc7612d132
      X-Runtime:
      - '0.003061'
      Server:
      - WEBrick/1.3.1 (Ruby/2.2.1/2015-02-26)
      Date:
      - Sat, 02 Jan 2016 10:50:03 GMT
      Content-Length:
      - '12'
      Connection:
      - Keep-Alive
      Set-Cookie:
      - request_method=DELETE; path=/
    body:
      encoding: UTF-8
      string: '{"events":2}'
    http_version: 
  recorded_at: Sat, 02 Jan 2016 10:50:03 GMT
- request:
    method: delete
    uri: http://localhost:9292/api/articles?access_token=90bc68f143f6b5fea3c0b6cedd5784e6ac61248ca39aa87372922d99eb4f8395
    body:
      encoding: US-ASCII
      string: ''
    headers:
      Depth:
      - Infinity
      Accept-Encoding:
      - gzip;q=1.0,deflate;q=0.6,identity;q=0.3
      Accept:
      - "*/*"
      User-Agent:
      - Ruby
      Host:
      - localhost:9292
  response:
    status:
      code: 200
      message: 'OK '
    headers:
      X-Frame-Options:
      - SAMEORIGIN
      X-Xss-Protection:
      - 1; mode=block
      X-Content-Type-Options:
      - nosniff
      Content-Type:
      - application/json; charset=utf-8
      Etag:
      - W/"5174a5d85b30e8494c5f83462c0b3610"
      Cache-Control:
      - max-age=0, private, must-revalidate
      X-Request-Id:
      - 952764fe-53cf-4987-a106-bfd693951279
      X-Runtime:
      - '0.013495'
      Server:
      - WEBrick/1.3.1 (Ruby/2.2.1/2015-02-26)
      Date:
      - Sat, 02 Jan 2016 10:50:03 GMT
      Content-Length:
      - '371'
      Connection:
      - Keep-Alive
      Set-Cookie:
      - request_method=DELETE; path=/
    body:
      encoding: UTF-8
      string: '{"articles":[{"id":7768,"name":"Pistol","universe_id":13385,"type":"Character"},{"id":7769,"name":"Sword","universe_id":13385,"type":"Character"},{"id":7770,"name":"Kelsier","universe_id":13385,"type":"Character"},{"id":7771,"name":"a
        citation target","universe_id":13385,"type":"Character"},{"id":7772,"name":"a
        citation origin","universe_id":13385,"type":"Character"}]}'
    http_version: 
  recorded_at: Sat, 02 Jan 2016 10:50:03 GMT
- request:
    method: delete
    uri: http://localhost:9292/api/universes
    body:
      encoding: US-ASCII
      string: ''
    headers:
      Content-Type:
      - application/json
      Accept-Encoding:
      - gzip;q=1.0,deflate;q=0.6,identity;q=0.3
      Accept:
      - application/vnd.example.t1
      User-Agent:
      - Ruby
  response:
    status:
      code: 200
      message: 'OK '
    headers:
      X-Frame-Options:
      - SAMEORIGIN
      X-Xss-Protection:
      - 1; mode=block
      X-Content-Type-Options:
      - nosniff
      Content-Type:
      - application/json; charset=utf-8
      Etag:
      - W/"0ec02b38f5002d7f97991dc5f3b86d25"
      Cache-Control:
      - max-age=0, private, must-revalidate
      X-Request-Id:
      - 594af89c-058f-4131-8b1a-0acbc76e7bbb
      X-Runtime:
      - '0.005468'
      Server:
      - WEBrick/1.3.1 (Ruby/2.2.1/2015-02-26)
      Date:
      - Sat, 02 Jan 2016 10:50:03 GMT
      Content-Length:
      - '95'
      Connection:
      - Keep-Alive
      Set-Cookie:
      - request_method=DELETE; path=/
    body:
      encoding: UTF-8
      string: '{"universes":[{"id":13385,"title":"The Final Empire"},{"id":13386,"title":"factory
        title133"}]}'
    http_version: 
  recorded_at: Sat, 02 Jan 2016 10:50:03 GMT
recorded_with: VCR 2.9.3
