---
http_interactions:
- request:
    method: post
    uri: http://localhost:9292/api/universes?access_token=90bc68f143f6b5fea3c0b6cedd5784e6ac61248ca39aa87372922d99eb4f8395
    body:
      encoding: US-ASCII
      string: universe%5Btitle%5D=factory+title
    headers:
      Accept-Encoding:
      - gzip;q=1.0,deflate;q=0.6,identity;q=0.3
      Accept:
      - "*/*"
      User-Agent:
      - Ruby
      Host:
      - localhost:9292
  response:
    status:
      code: 200
      message: 'OK '
    headers:
      X-Frame-Options:
      - SAMEORIGIN
      X-Xss-Protection:
      - 1; mode=block
      X-Content-Type-Options:
      - nosniff
      Content-Type:
      - application/json; charset=utf-8
      Etag:
      - W/"0a1b134262ebe4811828f11aa0a6b53d"
      Cache-Control:
      - max-age=0, private, must-revalidate
      X-Request-Id:
      - 6f8f0678-3a78-48ac-b033-f5230b026e46
      X-Runtime:
      - '0.003869'
      Server:
      - WEBrick/1.3.1 (Ruby/2.2.1/2015-02-26)
      Date:
      - Fri, 04 Dec 2015 05:43:38 GMT
      Content-Length:
      - '48'
      Connection:
      - Keep-Alive
      Set-Cookie:
      - request_method=POST; path=/
    body:
      encoding: UTF-8
      string: '{"universe":{"id":3465,"title":"factory title"}}'
    http_version: 
  recorded_at: Fri, 04 Dec 2015 05:43:38 GMT
- request:
    method: get
    uri: http://localhost:9292/api/universes/3465?access_token=90bc68f143f6b5fea3c0b6cedd5784e6ac61248ca39aa87372922d99eb4f8395
    body:
      encoding: US-ASCII
      string: ''
    headers:
      Accept-Encoding:
      - gzip;q=1.0,deflate;q=0.6,identity;q=0.3
      Accept:
      - "*/*"
      User-Agent:
      - Ruby
      Host:
      - localhost:9292
  response:
    status:
      code: 200
      message: 'OK '
    headers:
      X-Frame-Options:
      - SAMEORIGIN
      X-Xss-Protection:
      - 1; mode=block
      X-Content-Type-Options:
      - nosniff
      Content-Type:
      - application/json; charset=utf-8
      Etag:
      - W/"77d624910669415b32c9ece6ebeed60e"
      Cache-Control:
      - max-age=0, private, must-revalidate
      X-Request-Id:
      - 86f5da11-01bd-43be-aea4-e3dc078429ac
      X-Runtime:
      - '0.002723'
      Server:
      - WEBrick/1.3.1 (Ruby/2.2.1/2015-02-26)
      Date:
      - Fri, 04 Dec 2015 05:43:38 GMT
      Content-Length:
      - '62'
      Connection:
      - Keep-Alive
    body:
      encoding: UTF-8
      string: '{"universe":{"id":3465,"title":"factory title","articles":[]}}'
    http_version: 
  recorded_at: Fri, 04 Dec 2015 05:43:38 GMT
- request:
    method: get
    uri: http://localhost:9292/api/article_types?access_token=90bc68f143f6b5fea3c0b6cedd5784e6ac61248ca39aa87372922d99eb4f8395
    body:
      encoding: US-ASCII
      string: ''
    headers:
      Accept-Encoding:
      - gzip;q=1.0,deflate;q=0.6,identity;q=0.3
      Accept:
      - "*/*"
      User-Agent:
      - Ruby
      Host:
      - localhost:9292
  response:
    status:
      code: 200
      message: 'OK '
    headers:
      X-Frame-Options:
      - SAMEORIGIN
      X-Xss-Protection:
      - 1; mode=block
      X-Content-Type-Options:
      - nosniff
      Content-Type:
      - application/json; charset=utf-8
      Etag:
      - W/"71a2d52f1527e99219cb61efce8a07d1"
      Cache-Control:
      - max-age=0, private, must-revalidate
      X-Request-Id:
      - aa281d3c-29ea-4d77-b912-97258f7a0489
      X-Runtime:
      - '0.007450'
      Server:
      - WEBrick/1.3.1 (Ruby/2.2.1/2015-02-26)
      Date:
      - Fri, 04 Dec 2015 05:43:38 GMT
      Content-Length:
      - '46'
      Connection:
      - Keep-Alive
    body:
      encoding: UTF-8
      string: '{"article_types":["Character","Item","Place"]}'
    http_version: 
  recorded_at: Fri, 04 Dec 2015 05:43:38 GMT
- request:
    method: delete
    uri: http://localhost:9292/api/universes?access_token=90bc68f143f6b5fea3c0b6cedd5784e6ac61248ca39aa87372922d99eb4f8395
    body:
      encoding: US-ASCII
      string: ''
    headers:
      Depth:
      - Infinity
      Accept-Encoding:
      - gzip;q=1.0,deflate;q=0.6,identity;q=0.3
      Accept:
      - "*/*"
      User-Agent:
      - Ruby
      Host:
      - localhost:9292
  response:
    status:
      code: 200
      message: 'OK '
    headers:
      X-Frame-Options:
      - SAMEORIGIN
      X-Xss-Protection:
      - 1; mode=block
      X-Content-Type-Options:
      - nosniff
      Content-Type:
      - application/json; charset=utf-8
      Etag:
      - W/"e39511f089b97960639a14663c268a84"
      Cache-Control:
      - max-age=0, private, must-revalidate
      X-Request-Id:
      - 79625710-bb50-492c-8b01-34375e89d456
      X-Runtime:
      - '0.004259'
      Server:
      - WEBrick/1.3.1 (Ruby/2.2.1/2015-02-26)
      Date:
      - Fri, 04 Dec 2015 05:43:38 GMT
      Content-Length:
      - '51'
      Connection:
      - Keep-Alive
      Set-Cookie:
      - request_method=DELETE; path=/
    body:
      encoding: UTF-8
      string: '{"universes":[{"id":3465,"title":"factory title"}]}'
    http_version: 
  recorded_at: Fri, 04 Dec 2015 05:43:38 GMT
recorded_with: VCR 2.9.3
