---
http_interactions:
- request:
    method: post
    uri: http://localhost:9292/api/universes?access_token=90bc68f143f6b5fea3c0b6cedd5784e6ac61248ca39aa87372922d99eb4f8395
    body:
      encoding: US-ASCII
      string: universe%5Btitle%5D=The+Malazan+Empire
    headers:
      Accept-Encoding:
      - gzip;q=1.0,deflate;q=0.6,identity;q=0.3
      Accept:
      - "*/*"
      User-Agent:
      - Ruby
      Host:
      - localhost:9292
  response:
    status:
      code: 200
      message: 'OK '
    headers:
      X-Frame-Options:
      - SAMEORIGIN
      X-Xss-Protection:
      - 1; mode=block
      X-Content-Type-Options:
      - nosniff
      Content-Type:
      - application/json; charset=utf-8
      Etag:
      - W/"e24bf56925131eee20b0d8b0faf9db75"
      Cache-Control:
      - max-age=0, private, must-revalidate
      X-Request-Id:
      - 434be802-3dc7-45b2-9566-ecbc22ada3e8
      X-Runtime:
      - '0.006103'
      Server:
      - WEBrick/1.3.1 (Ruby/2.2.1/2015-02-26)
      Date:
      - Fri, 22 May 2015 13:27:44 GMT
      Content-Length:
      - '51'
      Connection:
      - Keep-Alive
    body:
      encoding: UTF-8
      string: '{"universe":{"id":94,"title":"The Malazan Empire"}}'
    http_version: 
  recorded_at: Fri, 22 May 2015 13:27:44 GMT
- request:
    method: get
    uri: http://localhost:9292/api/universes?access_token=90bc68f143f6b5fea3c0b6cedd5784e6ac61248ca39aa87372922d99eb4f8395
    body:
      encoding: US-ASCII
      string: ''
    headers:
      Accept-Encoding:
      - gzip;q=1.0,deflate;q=0.6,identity;q=0.3
      Accept:
      - "*/*"
      User-Agent:
      - Ruby
      Host:
      - localhost:9292
  response:
    status:
      code: 200
      message: 'OK '
    headers:
      X-Frame-Options:
      - SAMEORIGIN
      X-Xss-Protection:
      - 1; mode=block
      X-Content-Type-Options:
      - nosniff
      Content-Type:
      - application/json; charset=utf-8
      Etag:
      - W/"6c9dd4789d489f3b43e38d4d18f6ae4f"
      Cache-Control:
      - max-age=0, private, must-revalidate
      X-Request-Id:
      - 621bdc83-78dd-4004-9aec-7074130322ce
      X-Runtime:
      - '0.003824'
      Server:
      - WEBrick/1.3.1 (Ruby/2.2.1/2015-02-26)
      Date:
      - Fri, 22 May 2015 13:27:44 GMT
      Content-Length:
      - '54'
      Connection:
      - Keep-Alive
    body:
      encoding: UTF-8
      string: '{"universes":[{"id":94,"title":"The Malazan Empire"}]}'
    http_version: 
  recorded_at: Fri, 22 May 2015 13:27:44 GMT
- request:
    method: get
    uri: http://localhost:9292/api/universes?access_token=90bc68f143f6b5fea3c0b6cedd5784e6ac61248ca39aa87372922d99eb4f8395
    body:
      encoding: US-ASCII
      string: ''
    headers:
      Accept-Encoding:
      - gzip;q=1.0,deflate;q=0.6,identity;q=0.3
      Accept:
      - "*/*"
      User-Agent:
      - Ruby
      Host:
      - localhost:9292
  response:
    status:
      code: 200
      message: 'OK '
    headers:
      X-Frame-Options:
      - SAMEORIGIN
      X-Xss-Protection:
      - 1; mode=block
      X-Content-Type-Options:
      - nosniff
      Content-Type:
      - application/json; charset=utf-8
      Etag:
      - W/"6c9dd4789d489f3b43e38d4d18f6ae4f"
      Cache-Control:
      - max-age=0, private, must-revalidate
      X-Request-Id:
      - 36fb224b-def4-4161-955f-bbb6c6a4dd60
      X-Runtime:
      - '0.007005'
      Server:
      - WEBrick/1.3.1 (Ruby/2.2.1/2015-02-26)
      Date:
      - Fri, 22 May 2015 13:27:44 GMT
      Content-Length:
      - '54'
      Connection:
      - Keep-Alive
    body:
      encoding: UTF-8
      string: '{"universes":[{"id":94,"title":"The Malazan Empire"}]}'
    http_version: 
  recorded_at: Fri, 22 May 2015 13:27:44 GMT
- request:
    method: get
    uri: http://localhost:9292/api/articles?access_token=90bc68f143f6b5fea3c0b6cedd5784e6ac61248ca39aa87372922d99eb4f8395
    body:
      encoding: US-ASCII
      string: ''
    headers:
      Accept-Encoding:
      - gzip;q=1.0,deflate;q=0.6,identity;q=0.3
      Accept:
      - "*/*"
      User-Agent:
      - Ruby
      Host:
      - localhost:9292
  response:
    status:
      code: 200
      message: 'OK '
    headers:
      X-Frame-Options:
      - SAMEORIGIN
      X-Xss-Protection:
      - 1; mode=block
      X-Content-Type-Options:
      - nosniff
      Content-Type:
      - application/json; charset=utf-8
      Etag:
      - W/"73c795a6aa401e4c89232bf973a98514"
      Cache-Control:
      - max-age=0, private, must-revalidate
      X-Request-Id:
      - 0a42823d-03ee-41c7-8367-397e76cdae4c
      X-Runtime:
      - '0.003367'
      Server:
      - WEBrick/1.3.1 (Ruby/2.2.1/2015-02-26)
      Date:
      - Fri, 22 May 2015 13:27:44 GMT
      Content-Length:
      - '15'
      Connection:
      - Keep-Alive
    body:
      encoding: UTF-8
      string: '{"articles":[]}'
    http_version: 
  recorded_at: Fri, 22 May 2015 13:27:44 GMT
- request:
    method: delete
    uri: http://localhost:9292/api/universes?access_token=90bc68f143f6b5fea3c0b6cedd5784e6ac61248ca39aa87372922d99eb4f8395
    body:
      encoding: US-ASCII
      string: ''
    headers:
      Depth:
      - Infinity
      Accept-Encoding:
      - gzip;q=1.0,deflate;q=0.6,identity;q=0.3
      Accept:
      - "*/*"
      User-Agent:
      - Ruby
      Host:
      - localhost:9292
  response:
    status:
      code: 200
      message: 'OK '
    headers:
      X-Frame-Options:
      - SAMEORIGIN
      X-Xss-Protection:
      - 1; mode=block
      X-Content-Type-Options:
      - nosniff
      Content-Type:
      - application/json; charset=utf-8
      Etag:
      - W/"6c9dd4789d489f3b43e38d4d18f6ae4f"
      Cache-Control:
      - max-age=0, private, must-revalidate
      X-Request-Id:
      - 05ce0ec2-ef79-4a34-aa87-51c401700050
      X-Runtime:
      - '0.006156'
      Server:
      - WEBrick/1.3.1 (Ruby/2.2.1/2015-02-26)
      Date:
      - Fri, 22 May 2015 13:27:44 GMT
      Content-Length:
      - '54'
      Connection:
      - Keep-Alive
    body:
      encoding: UTF-8
      string: '{"universes":[{"id":94,"title":"The Malazan Empire"}]}'
    http_version: 
  recorded_at: Fri, 22 May 2015 13:27:44 GMT
recorded_with: VCR 2.9.3
