---
http_interactions:
- request:
    method: post
    uri: http://localhost:9292/api/universes?access_token=90bc68f143f6b5fea3c0b6cedd5784e6ac61248ca39aa87372922d99eb4f8395
    body:
      encoding: US-ASCII
      string: universe%5Btitle%5D=The+Malazan+Empire
    headers:
      Accept-Encoding:
      - gzip;q=1.0,deflate;q=0.6,identity;q=0.3
      Accept:
      - "*/*"
      User-Agent:
      - Ruby
      Host:
      - localhost:9292
  response:
    status:
      code: 200
      message: 'OK '
    headers:
      X-Frame-Options:
      - SAMEORIGIN
      X-Xss-Protection:
      - 1; mode=block
      X-Content-Type-Options:
      - nosniff
      Content-Type:
      - application/json; charset=utf-8
      Etag:
      - W/"3d69c2579723175cd37737c019641bff"
      Cache-Control:
      - max-age=0, private, must-revalidate
      X-Request-Id:
      - 892044d4-89f6-4984-9c66-49d773e339e1
      X-Runtime:
      - '0.025819'
      Server:
      - WEBrick/1.3.1 (Ruby/2.2.1/2015-02-26)
      Date:
      - Thu, 17 Dec 2015 06:19:19 GMT
      Content-Length:
      - '53'
      Connection:
      - Keep-Alive
      Set-Cookie:
      - request_method=POST; path=/
    body:
      encoding: UTF-8
      string: '{"universe":{"id":2241,"title":"The Malazan Empire"}}'
    http_version: 
  recorded_at: Thu, 17 Dec 2015 06:19:19 GMT
- request:
    method: get
    uri: http://localhost:9292/api/universes?access_token=90bc68f143f6b5fea3c0b6cedd5784e6ac61248ca39aa87372922d99eb4f8395
    body:
      encoding: US-ASCII
      string: ''
    headers:
      Accept-Encoding:
      - gzip;q=1.0,deflate;q=0.6,identity;q=0.3
      Accept:
      - "*/*"
      User-Agent:
      - Ruby
      Host:
      - localhost:9292
  response:
    status:
      code: 200
      message: 'OK '
    headers:
      X-Frame-Options:
      - SAMEORIGIN
      X-Xss-Protection:
      - 1; mode=block
      X-Content-Type-Options:
      - nosniff
      Content-Type:
      - application/json; charset=utf-8
      Etag:
      - W/"268f6ccedfdce87001e7a6ea75fb1c54"
      Cache-Control:
      - max-age=0, private, must-revalidate
      X-Request-Id:
      - 53fedc3d-da3f-4f7d-b81f-8c458df1f9cc
      X-Runtime:
      - '0.003112'
      Server:
      - WEBrick/1.3.1 (Ruby/2.2.1/2015-02-26)
      Date:
      - Thu, 17 Dec 2015 06:19:19 GMT
      Content-Length:
      - '56'
      Connection:
      - Keep-Alive
    body:
      encoding: UTF-8
      string: '{"universes":[{"id":2241,"title":"The Malazan Empire"}]}'
    http_version: 
  recorded_at: Thu, 17 Dec 2015 06:19:19 GMT
- request:
    method: get
    uri: http://localhost:9292/api/universes/2241?access_token=90bc68f143f6b5fea3c0b6cedd5784e6ac61248ca39aa87372922d99eb4f8395
    body:
      encoding: US-ASCII
      string: ''
    headers:
      Accept-Encoding:
      - gzip;q=1.0,deflate;q=0.6,identity;q=0.3
      Accept:
      - "*/*"
      User-Agent:
      - Ruby
      Host:
      - localhost:9292
  response:
    status:
      code: 200
      message: 'OK '
    headers:
      X-Frame-Options:
      - SAMEORIGIN
      X-Xss-Protection:
      - 1; mode=block
      X-Content-Type-Options:
      - nosniff
      Content-Type:
      - application/json; charset=utf-8
      Etag:
      - W/"7bf591eb5a1a71019686585af4d97633"
      Cache-Control:
      - max-age=0, private, must-revalidate
      X-Request-Id:
      - cc0952f3-1056-4bbf-a856-93bdc01e99dc
      X-Runtime:
      - '0.003475'
      Server:
      - WEBrick/1.3.1 (Ruby/2.2.1/2015-02-26)
      Date:
      - Thu, 17 Dec 2015 06:19:19 GMT
      Content-Length:
      - '67'
      Connection:
      - Keep-Alive
    body:
      encoding: UTF-8
      string: '{"universe":{"id":2241,"title":"The Malazan Empire","articles":[]}}'
    http_version: 
  recorded_at: Thu, 17 Dec 2015 06:19:19 GMT
- request:
    method: post
    uri: http://localhost:9292/api/events?access_token=90bc68f143f6b5fea3c0b6cedd5784e6ac61248ca39aa87372922d99eb4f8395
    body:
      encoding: US-ASCII
      string: event%5Btitle%5D=The+Mage+War&event%5Buniverse_id%5D=2241
    headers:
      Accept-Encoding:
      - gzip;q=1.0,deflate;q=0.6,identity;q=0.3
      Accept:
      - "*/*"
      User-Agent:
      - Ruby
      Host:
      - localhost:9292
  response:
    status:
      code: 200
      message: 'OK '
    headers:
      X-Frame-Options:
      - SAMEORIGIN
      X-Xss-Protection:
      - 1; mode=block
      X-Content-Type-Options:
      - nosniff
      Content-Type:
      - application/json; charset=utf-8
      Etag:
      - W/"496f184788705f14bb99a969d88f1443"
      Cache-Control:
      - max-age=0, private, must-revalidate
      X-Request-Id:
      - 14fa1569-e52e-4c8d-9516-8acb26bcc031
      X-Runtime:
      - '0.006356'
      Server:
      - WEBrick/1.3.1 (Ruby/2.2.1/2015-02-26)
      Date:
      - Thu, 17 Dec 2015 06:19:19 GMT
      Content-Length:
      - '44'
      Connection:
      - Keep-Alive
      Set-Cookie:
      - request_method=POST; path=/
    body:
      encoding: UTF-8
      string: '{"event":{"id":1423,"title":"The Mage War"}}'
    http_version: 
  recorded_at: Thu, 17 Dec 2015 06:19:19 GMT
- request:
    method: get
    uri: http://localhost:9292/api/events?access_token=90bc68f143f6b5fea3c0b6cedd5784e6ac61248ca39aa87372922d99eb4f8395&universe_id=2241
    body:
      encoding: US-ASCII
      string: ''
    headers:
      Accept-Encoding:
      - gzip;q=1.0,deflate;q=0.6,identity;q=0.3
      Accept:
      - "*/*"
      User-Agent:
      - Ruby
      Host:
      - localhost:9292
  response:
    status:
      code: 200
      message: 'OK '
    headers:
      X-Frame-Options:
      - SAMEORIGIN
      X-Xss-Protection:
      - 1; mode=block
      X-Content-Type-Options:
      - nosniff
      Content-Type:
      - application/json; charset=utf-8
      Etag:
      - W/"41b6b5b090f28ea37469fb3f99c62691"
      Cache-Control:
      - max-age=0, private, must-revalidate
      X-Request-Id:
      - 4f6f894d-7a55-4a31-8241-f1cbf44d97a3
      X-Runtime:
      - '0.003199'
      Server:
      - WEBrick/1.3.1 (Ruby/2.2.1/2015-02-26)
      Date:
      - Thu, 17 Dec 2015 06:19:19 GMT
      Content-Length:
      - '47'
      Connection:
      - Keep-Alive
    body:
      encoding: UTF-8
      string: '{"events":[{"id":1423,"title":"The Mage War"}]}'
    http_version: 
  recorded_at: Thu, 17 Dec 2015 06:19:19 GMT
- request:
    method: get
    uri: http://localhost:9292/api/events/1423?access_token=90bc68f143f6b5fea3c0b6cedd5784e6ac61248ca39aa87372922d99eb4f8395
    body:
      encoding: US-ASCII
      string: ''
    headers:
      Accept-Encoding:
      - gzip;q=1.0,deflate;q=0.6,identity;q=0.3
      Accept:
      - "*/*"
      User-Agent:
      - Ruby
      Host:
      - localhost:9292
  response:
    status:
      code: 200
      message: 'OK '
    headers:
      X-Frame-Options:
      - SAMEORIGIN
      X-Xss-Protection:
      - 1; mode=block
      X-Content-Type-Options:
      - nosniff
      Content-Type:
      - application/json; charset=utf-8
      Etag:
      - W/"7ed94c3c52a73687c8901957dbc907d2"
      Cache-Control:
      - max-age=0, private, must-revalidate
      X-Request-Id:
      - 0ac5a527-a193-4821-9142-f6ba3989a19a
      X-Runtime:
      - '0.006800'
      Server:
      - WEBrick/1.3.1 (Ruby/2.2.1/2015-02-26)
      Date:
      - Thu, 17 Dec 2015 06:19:19 GMT
      Content-Length:
      - '116'
      Connection:
      - Keep-Alive
    body:
      encoding: UTF-8
      string: '{"event":{"id":1423,"title":"The Mage War","parents":[],"children":[],"participations":[],"mentions":[],"notes":[]}}'
    http_version: 
  recorded_at: Thu, 17 Dec 2015 06:19:19 GMT
- request:
    method: get
    uri: http://localhost:9292/api/articles?access_token=90bc68f143f6b5fea3c0b6cedd5784e6ac61248ca39aa87372922d99eb4f8395&universe_id=2241
    body:
      encoding: US-ASCII
      string: ''
    headers:
      Accept-Encoding:
      - gzip;q=1.0,deflate;q=0.6,identity;q=0.3
      Accept:
      - "*/*"
      User-Agent:
      - Ruby
      Host:
      - localhost:9292
  response:
    status:
      code: 200
      message: 'OK '
    headers:
      X-Frame-Options:
      - SAMEORIGIN
      X-Xss-Protection:
      - 1; mode=block
      X-Content-Type-Options:
      - nosniff
      Content-Type:
      - application/json; charset=utf-8
      Etag:
      - W/"73c795a6aa401e4c89232bf973a98514"
      Cache-Control:
      - max-age=0, private, must-revalidate
      X-Request-Id:
      - 3c15c0db-60b3-45bb-8747-fefdbb1ab703
      X-Runtime:
      - '0.003037'
      Server:
      - WEBrick/1.3.1 (Ruby/2.2.1/2015-02-26)
      Date:
      - Thu, 17 Dec 2015 06:19:19 GMT
      Content-Length:
      - '15'
      Connection:
      - Keep-Alive
    body:
      encoding: UTF-8
      string: '{"articles":[]}'
    http_version: 
  recorded_at: Thu, 17 Dec 2015 06:19:19 GMT
- request:
    method: get
    uri: http://localhost:9292/api/events?access_token=90bc68f143f6b5fea3c0b6cedd5784e6ac61248ca39aa87372922d99eb4f8395&universe_id=2241
    body:
      encoding: US-ASCII
      string: ''
    headers:
      Accept-Encoding:
      - gzip;q=1.0,deflate;q=0.6,identity;q=0.3
      Accept:
      - "*/*"
      User-Agent:
      - Ruby
      Host:
      - localhost:9292
  response:
    status:
      code: 200
      message: 'OK '
    headers:
      X-Frame-Options:
      - SAMEORIGIN
      X-Xss-Protection:
      - 1; mode=block
      X-Content-Type-Options:
      - nosniff
      Content-Type:
      - application/json; charset=utf-8
      Etag:
      - W/"41b6b5b090f28ea37469fb3f99c62691"
      Cache-Control:
      - max-age=0, private, must-revalidate
      X-Request-Id:
      - e8b23ca6-dc3f-4f40-96df-1eebc4144b57
      X-Runtime:
      - '0.003552'
      Server:
      - WEBrick/1.3.1 (Ruby/2.2.1/2015-02-26)
      Date:
      - Thu, 17 Dec 2015 06:19:19 GMT
      Content-Length:
      - '47'
      Connection:
      - Keep-Alive
    body:
      encoding: UTF-8
      string: '{"events":[{"id":1423,"title":"The Mage War"}]}'
    http_version: 
  recorded_at: Thu, 17 Dec 2015 06:19:19 GMT
- request:
    method: delete
    uri: http://localhost:9292/api/events
    body:
      encoding: US-ASCII
      string: ''
    headers:
      Content-Type:
      - application/json
      Accept-Encoding:
      - gzip;q=1.0,deflate;q=0.6,identity;q=0.3
      Accept:
      - application/vnd.example.t1
      User-Agent:
      - Ruby
  response:
    status:
      code: 200
      message: 'OK '
    headers:
      X-Frame-Options:
      - SAMEORIGIN
      X-Xss-Protection:
      - 1; mode=block
      X-Content-Type-Options:
      - nosniff
      Content-Type:
      - application/json; charset=utf-8
      Etag:
      - W/"0817ca08bc90194da603ec48be6d3dbf"
      Cache-Control:
      - max-age=0, private, must-revalidate
      X-Request-Id:
      - 809ca7c2-317f-4dc1-be4d-dd64941607fa
      X-Runtime:
      - '0.003540'
      Server:
      - WEBrick/1.3.1 (Ruby/2.2.1/2015-02-26)
      Date:
      - Thu, 17 Dec 2015 06:19:19 GMT
      Content-Length:
      - '12'
      Connection:
      - Keep-Alive
      Set-Cookie:
      - request_method=DELETE; path=/
    body:
      encoding: UTF-8
      string: '{"events":1}'
    http_version: 
  recorded_at: Thu, 17 Dec 2015 06:19:19 GMT
- request:
    method: delete
    uri: http://localhost:9292/api/universes
    body:
      encoding: US-ASCII
      string: ''
    headers:
      Content-Type:
      - application/json
      Accept-Encoding:
      - gzip;q=1.0,deflate;q=0.6,identity;q=0.3
      Accept:
      - application/vnd.example.t1
      User-Agent:
      - Ruby
  response:
    status:
      code: 200
      message: 'OK '
    headers:
      X-Frame-Options:
      - SAMEORIGIN
      X-Xss-Protection:
      - 1; mode=block
      X-Content-Type-Options:
      - nosniff
      Content-Type:
      - application/json; charset=utf-8
      Etag:
      - W/"268f6ccedfdce87001e7a6ea75fb1c54"
      Cache-Control:
      - max-age=0, private, must-revalidate
      X-Request-Id:
      - 452adcd1-6f9d-4822-b1b3-186b6ac2ee75
      X-Runtime:
      - '0.004039'
      Server:
      - WEBrick/1.3.1 (Ruby/2.2.1/2015-02-26)
      Date:
      - Thu, 17 Dec 2015 06:19:19 GMT
      Content-Length:
      - '56'
      Connection:
      - Keep-Alive
      Set-Cookie:
      - request_method=DELETE; path=/
    body:
      encoding: UTF-8
      string: '{"universes":[{"id":2241,"title":"The Malazan Empire"}]}'
    http_version: 
  recorded_at: Thu, 17 Dec 2015 06:19:19 GMT
recorded_with: VCR 2.9.3
