---
http_interactions:
- request:
    method: post
    uri: http://localhost:9292/api/universes?access_token=90bc68f143f6b5fea3c0b6cedd5784e6ac61248ca39aa87372922d99eb4f8395
    body:
      encoding: US-ASCII
      string: universe%5Btitle%5D=factory+title
    headers:
      Accept-Encoding:
      - gzip;q=1.0,deflate;q=0.6,identity;q=0.3
      Accept:
      - "*/*"
      User-Agent:
      - Ruby
      Host:
      - localhost:9292
  response:
    status:
      code: 200
      message: 'OK '
    headers:
      X-Frame-Options:
      - SAMEORIGIN
      X-Xss-Protection:
      - 1; mode=block
      X-Content-Type-Options:
      - nosniff
      Content-Type:
      - application/json; charset=utf-8
      Etag:
      - W/"3d66af2803a9232c7fcb0f966cdcf6af"
      Cache-Control:
      - max-age=0, private, must-revalidate
      X-Request-Id:
      - b2135882-1865-4bcd-8848-6de088b0d4d5
      X-Runtime:
      - '1.515841'
      Server:
      - WEBrick/1.3.1 (Ruby/2.2.1/2015-02-26)
      Date:
      - Wed, 19 Aug 2015 11:43:28 GMT
      Content-Length:
      - '48'
      Connection:
      - Keep-Alive
      Set-Cookie:
      - request_method=POST; path=/
    body:
      encoding: UTF-8
      string: '{"universe":{"id":9317,"title":"factory title"}}'
    http_version: 
  recorded_at: Wed, 19 Aug 2015 11:43:28 GMT
- request:
    method: post
    uri: http://localhost:9292/api/articles?access_token=90bc68f143f6b5fea3c0b6cedd5784e6ac61248ca39aa87372922d99eb4f8395
    body:
      encoding: US-ASCII
      string: article%5Bname%5D=Kelsier&article%5Btype%5D=Character&article%5Buniverse_id%5D=9317
    headers:
      Accept-Encoding:
      - gzip;q=1.0,deflate;q=0.6,identity;q=0.3
      Accept:
      - "*/*"
      User-Agent:
      - Ruby
      Host:
      - localhost:9292
  response:
    status:
      code: 200
      message: 'OK '
    headers:
      X-Frame-Options:
      - SAMEORIGIN
      X-Xss-Protection:
      - 1; mode=block
      X-Content-Type-Options:
      - nosniff
      Content-Type:
      - application/json; charset=utf-8
      Etag:
      - W/"6308e510f28215257ee591a1ca508a90"
      Cache-Control:
      - max-age=0, private, must-revalidate
      X-Request-Id:
      - 66897af9-6be3-4fef-96ac-e931b6e6f7c4
      X-Runtime:
      - '0.339523'
      Server:
      - WEBrick/1.3.1 (Ruby/2.2.1/2015-02-26)
      Date:
      - Wed, 19 Aug 2015 11:43:28 GMT
      Content-Length:
      - '78'
      Connection:
      - Keep-Alive
      Set-Cookie:
      - request_method=POST; path=/
    body:
      encoding: UTF-8
      string: '{"article":{"id":4667,"name":"Kelsier","universe_id":9317,"type":"Character"}}'
    http_version: 
  recorded_at: Wed, 19 Aug 2015 11:43:28 GMT
- request:
    method: post
    uri: http://localhost:9292/api/notes?access_token=90bc68f143f6b5fea3c0b6cedd5784e6ac61248ca39aa87372922d99eb4f8395
    body:
      encoding: US-ASCII
      string: note%5Barticle_id%5D=4667&note%5Btext%5D=a+note
    headers:
      Accept-Encoding:
      - gzip;q=1.0,deflate;q=0.6,identity;q=0.3
      Accept:
      - "*/*"
      User-Agent:
      - Ruby
      Host:
      - localhost:9292
  response:
    status:
      code: 200
      message: 'OK '
    headers:
      X-Frame-Options:
      - SAMEORIGIN
      X-Xss-Protection:
      - 1; mode=block
      X-Content-Type-Options:
      - nosniff
      Content-Type:
      - application/json; charset=utf-8
      Etag:
      - W/"b71f5935d9ff303935afe5719727f541"
      Cache-Control:
      - max-age=0, private, must-revalidate
      X-Request-Id:
      - cb69e2a6-0222-49a8-90d4-b12515f96185
      X-Runtime:
      - '0.205584'
      Server:
      - WEBrick/1.3.1 (Ruby/2.2.1/2015-02-26)
      Date:
      - Wed, 19 Aug 2015 11:43:28 GMT
      Content-Length:
      - '53'
      Connection:
      - Keep-Alive
      Set-Cookie:
      - request_method=POST; path=/
    body:
      encoding: UTF-8
      string: '{"note":{"id":443,"article_id":4667,"text":"a note"}}'
    http_version: 
  recorded_at: Wed, 19 Aug 2015 11:43:28 GMT
- request:
    method: get
    uri: http://localhost:9292/api/articles/4667?access_token=90bc68f143f6b5fea3c0b6cedd5784e6ac61248ca39aa87372922d99eb4f8395
    body:
      encoding: US-ASCII
      string: ''
    headers:
      Accept-Encoding:
      - gzip;q=1.0,deflate;q=0.6,identity;q=0.3
      Accept:
      - "*/*"
      User-Agent:
      - Ruby
      Host:
      - localhost:9292
  response:
    status:
      code: 200
      message: 'OK '
    headers:
      X-Frame-Options:
      - SAMEORIGIN
      X-Xss-Protection:
      - 1; mode=block
      X-Content-Type-Options:
      - nosniff
      Content-Type:
      - application/json; charset=utf-8
      Etag:
      - W/"a345f528bb8f658ba785108d86e3bffc"
      Cache-Control:
      - max-age=0, private, must-revalidate
      X-Request-Id:
      - 48aa91ef-54a3-4a61-81af-4648053187c6
      X-Runtime:
      - '0.006140'
      Server:
      - WEBrick/1.3.1 (Ruby/2.2.1/2015-02-26)
      Date:
      - Wed, 19 Aug 2015 11:43:28 GMT
      Content-Length:
      - '115'
      Connection:
      - Keep-Alive
    body:
      encoding: UTF-8
      string: '{"article":{"id":4667,"name":"Kelsier","universe_id":9317,"type":"Character","notes":[{"id":443,"text":"a
        note"}]}}'
    http_version: 
  recorded_at: Wed, 19 Aug 2015 11:43:28 GMT
- request:
    method: get
    uri: http://localhost:9292/api/notes/443?access_token=90bc68f143f6b5fea3c0b6cedd5784e6ac61248ca39aa87372922d99eb4f8395
    body:
      encoding: US-ASCII
      string: ''
    headers:
      Accept-Encoding:
      - gzip;q=1.0,deflate;q=0.6,identity;q=0.3
      Accept:
      - "*/*"
      User-Agent:
      - Ruby
      Host:
      - localhost:9292
  response:
    status:
      code: 200
      message: 'OK '
    headers:
      X-Frame-Options:
      - SAMEORIGIN
      X-Xss-Protection:
      - 1; mode=block
      X-Content-Type-Options:
      - nosniff
      Content-Type:
      - application/json; charset=utf-8
      Etag:
      - W/"4d22cb5b012f6e2ae434569a92009129"
      Cache-Control:
      - max-age=0, private, must-revalidate
      X-Request-Id:
      - 35a1e15f-bc62-4a60-a5e2-3326053e6a40
      X-Runtime:
      - '0.088020'
      Server:
      - WEBrick/1.3.1 (Ruby/2.2.1/2015-02-26)
      Date:
      - Wed, 19 Aug 2015 11:43:28 GMT
      Content-Length:
      - '69'
      Connection:
      - Keep-Alive
    body:
      encoding: UTF-8
      string: '{"note":{"id":443,"article_id":4667,"text":"a note","references":[]}}'
    http_version: 
  recorded_at: Wed, 19 Aug 2015 11:43:28 GMT
- request:
    method: delete
    uri: http://localhost:9292/api/notes?access_token=90bc68f143f6b5fea3c0b6cedd5784e6ac61248ca39aa87372922d99eb4f8395
    body:
      encoding: US-ASCII
      string: ''
    headers:
      Depth:
      - Infinity
      Accept-Encoding:
      - gzip;q=1.0,deflate;q=0.6,identity;q=0.3
      Accept:
      - "*/*"
      User-Agent:
      - Ruby
      Host:
      - localhost:9292
  response:
    status:
      code: 200
      message: 'OK '
    headers:
      X-Frame-Options:
      - SAMEORIGIN
      X-Xss-Protection:
      - 1; mode=block
      X-Content-Type-Options:
      - nosniff
      Content-Type:
      - application/json; charset=utf-8
      Etag:
      - W/"174401d04fa803c9fb9d3ee933789725"
      Cache-Control:
      - max-age=0, private, must-revalidate
      X-Request-Id:
      - f85586fd-8ad3-4104-8751-67eb1d877381
      X-Runtime:
      - '0.006018'
      Server:
      - WEBrick/1.3.1 (Ruby/2.2.1/2015-02-26)
      Date:
      - Wed, 19 Aug 2015 11:43:28 GMT
      Content-Length:
      - '56'
      Connection:
      - Keep-Alive
      Set-Cookie:
      - request_method=DELETE; path=/
    body:
      encoding: UTF-8
      string: '{"notes":[{"id":443,"article_id":4667,"text":"a note"}]}'
    http_version: 
  recorded_at: Wed, 19 Aug 2015 11:43:28 GMT
- request:
    method: delete
    uri: http://localhost:9292/api/articles?access_token=90bc68f143f6b5fea3c0b6cedd5784e6ac61248ca39aa87372922d99eb4f8395
    body:
      encoding: US-ASCII
      string: ''
    headers:
      Depth:
      - Infinity
      Accept-Encoding:
      - gzip;q=1.0,deflate;q=0.6,identity;q=0.3
      Accept:
      - "*/*"
      User-Agent:
      - Ruby
      Host:
      - localhost:9292
  response:
    status:
      code: 200
      message: 'OK '
    headers:
      X-Frame-Options:
      - SAMEORIGIN
      X-Xss-Protection:
      - 1; mode=block
      X-Content-Type-Options:
      - nosniff
      Content-Type:
      - application/json; charset=utf-8
      Etag:
      - W/"de4897d324af2c53c166d1fe06f73117"
      Cache-Control:
      - max-age=0, private, must-revalidate
      X-Request-Id:
      - 51eb7192-6cc8-4286-b8cd-39521f434e52
      X-Runtime:
      - '0.032245'
      Server:
      - WEBrick/1.3.1 (Ruby/2.2.1/2015-02-26)
      Date:
      - Wed, 19 Aug 2015 11:43:28 GMT
      Content-Length:
      - '81'
      Connection:
      - Keep-Alive
      Set-Cookie:
      - request_method=DELETE; path=/
    body:
      encoding: UTF-8
      string: '{"articles":[{"id":4667,"name":"Kelsier","universe_id":9317,"type":"Character"}]}'
    http_version: 
  recorded_at: Wed, 19 Aug 2015 11:43:28 GMT
- request:
    method: delete
    uri: http://localhost:9292/api/universes?access_token=90bc68f143f6b5fea3c0b6cedd5784e6ac61248ca39aa87372922d99eb4f8395
    body:
      encoding: US-ASCII
      string: ''
    headers:
      Depth:
      - Infinity
      Accept-Encoding:
      - gzip;q=1.0,deflate;q=0.6,identity;q=0.3
      Accept:
      - "*/*"
      User-Agent:
      - Ruby
      Host:
      - localhost:9292
  response:
    status:
      code: 200
      message: 'OK '
    headers:
      X-Frame-Options:
      - SAMEORIGIN
      X-Xss-Protection:
      - 1; mode=block
      X-Content-Type-Options:
      - nosniff
      Content-Type:
      - application/json; charset=utf-8
      Etag:
      - W/"872b820ead768942f2c658e8805ffe33"
      Cache-Control:
      - max-age=0, private, must-revalidate
      X-Request-Id:
      - ed1bad30-9e01-4340-ae71-c829cd055238
      X-Runtime:
      - '0.054107'
      Server:
      - WEBrick/1.3.1 (Ruby/2.2.1/2015-02-26)
      Date:
      - Wed, 19 Aug 2015 11:43:28 GMT
      Content-Length:
      - '51'
      Connection:
      - Keep-Alive
      Set-Cookie:
      - request_method=DELETE; path=/
    body:
      encoding: UTF-8
      string: '{"universes":[{"id":9317,"title":"factory title"}]}'
    http_version: 
  recorded_at: Wed, 19 Aug 2015 11:43:28 GMT
recorded_with: VCR 2.9.3
