---
http_interactions:
- request:
    method: post
    uri: http://localhost:9292/api/universes?access_token=90bc68f143f6b5fea3c0b6cedd5784e6ac61248ca39aa87372922d99eb4f8395
    body:
      encoding: US-ASCII
      string: universe%5Btitle%5D=The+Malazan+Empire
    headers:
      Accept-Encoding:
      - gzip;q=1.0,deflate;q=0.6,identity;q=0.3
      Accept:
      - "*/*"
      User-Agent:
      - Ruby
      Host:
      - localhost:9292
  response:
    status:
      code: 200
      message: 'OK '
    headers:
      X-Frame-Options:
      - SAMEORIGIN
      X-Xss-Protection:
      - 1; mode=block
      X-Content-Type-Options:
      - nosniff
      Content-Type:
      - application/json; charset=utf-8
      Etag:
      - W/"28d81301f9de92a16b6de8d16d4bba92"
      Cache-Control:
      - max-age=0, private, must-revalidate
      X-Request-Id:
      - 9582da70-4177-4003-9b0b-369ff94a0c0c
      X-Runtime:
      - '0.004740'
      Server:
      - WEBrick/1.3.1 (Ruby/2.2.1/2015-02-26)
      Date:
      - Tue, 08 Dec 2015 03:41:44 GMT
      Content-Length:
      - '54'
      Connection:
      - Keep-Alive
      Set-Cookie:
      - request_method=POST; path=/
    body:
      encoding: UTF-8
      string: '{"universe":{"id":10201,"title":"The Malazan Empire"}}'
    http_version: 
  recorded_at: Tue, 08 Dec 2015 03:41:44 GMT
- request:
    method: get
    uri: http://localhost:9292/api/universes?access_token=90bc68f143f6b5fea3c0b6cedd5784e6ac61248ca39aa87372922d99eb4f8395
    body:
      encoding: US-ASCII
      string: ''
    headers:
      Accept-Encoding:
      - gzip;q=1.0,deflate;q=0.6,identity;q=0.3
      Accept:
      - "*/*"
      User-Agent:
      - Ruby
      Host:
      - localhost:9292
  response:
    status:
      code: 200
      message: 'OK '
    headers:
      X-Frame-Options:
      - SAMEORIGIN
      X-Xss-Protection:
      - 1; mode=block
      X-Content-Type-Options:
      - nosniff
      Content-Type:
      - application/json; charset=utf-8
      Etag:
      - W/"43813b262a993163bce006e9a380c4a7"
      Cache-Control:
      - max-age=0, private, must-revalidate
      X-Request-Id:
      - 7297fcae-bd21-423e-8164-a18ffcd9499c
      X-Runtime:
      - '0.002338'
      Server:
      - WEBrick/1.3.1 (Ruby/2.2.1/2015-02-26)
      Date:
      - Tue, 08 Dec 2015 03:41:44 GMT
      Content-Length:
      - '57'
      Connection:
      - Keep-Alive
    body:
      encoding: UTF-8
      string: '{"universes":[{"id":10201,"title":"The Malazan Empire"}]}'
    http_version: 
  recorded_at: Tue, 08 Dec 2015 03:41:44 GMT
- request:
    method: get
    uri: http://localhost:9292/api/universes/10201?access_token=90bc68f143f6b5fea3c0b6cedd5784e6ac61248ca39aa87372922d99eb4f8395
    body:
      encoding: US-ASCII
      string: ''
    headers:
      Accept-Encoding:
      - gzip;q=1.0,deflate;q=0.6,identity;q=0.3
      Accept:
      - "*/*"
      User-Agent:
      - Ruby
      Host:
      - localhost:9292
  response:
    status:
      code: 200
      message: 'OK '
    headers:
      X-Frame-Options:
      - SAMEORIGIN
      X-Xss-Protection:
      - 1; mode=block
      X-Content-Type-Options:
      - nosniff
      Content-Type:
      - application/json; charset=utf-8
      Etag:
      - W/"c90d424804c7479fea5ac62a541efbce"
      Cache-Control:
      - max-age=0, private, must-revalidate
      X-Request-Id:
      - 3f8e7750-19ca-472a-a062-62a43e46127d
      X-Runtime:
      - '0.003317'
      Server:
      - WEBrick/1.3.1 (Ruby/2.2.1/2015-02-26)
      Date:
      - Tue, 08 Dec 2015 03:41:44 GMT
      Content-Length:
      - '68'
      Connection:
      - Keep-Alive
    body:
      encoding: UTF-8
      string: '{"universe":{"id":10201,"title":"The Malazan Empire","articles":[]}}'
    http_version: 
  recorded_at: Tue, 08 Dec 2015 03:41:44 GMT
- request:
    method: get
    uri: http://localhost:9292/api/universes?access_token=90bc68f143f6b5fea3c0b6cedd5784e6ac61248ca39aa87372922d99eb4f8395
    body:
      encoding: US-ASCII
      string: ''
    headers:
      Accept-Encoding:
      - gzip;q=1.0,deflate;q=0.6,identity;q=0.3
      Accept:
      - "*/*"
      User-Agent:
      - Ruby
      Host:
      - localhost:9292
  response:
    status:
      code: 200
      message: 'OK '
    headers:
      X-Frame-Options:
      - SAMEORIGIN
      X-Xss-Protection:
      - 1; mode=block
      X-Content-Type-Options:
      - nosniff
      Content-Type:
      - application/json; charset=utf-8
      Etag:
      - W/"43813b262a993163bce006e9a380c4a7"
      Cache-Control:
      - max-age=0, private, must-revalidate
      X-Request-Id:
      - 7394e15e-1206-48f1-9104-1787dd884ee3
      X-Runtime:
      - '0.003389'
      Server:
      - WEBrick/1.3.1 (Ruby/2.2.1/2015-02-26)
      Date:
      - Tue, 08 Dec 2015 03:41:44 GMT
      Content-Length:
      - '57'
      Connection:
      - Keep-Alive
    body:
      encoding: UTF-8
      string: '{"universes":[{"id":10201,"title":"The Malazan Empire"}]}'
    http_version: 
  recorded_at: Tue, 08 Dec 2015 03:41:44 GMT
- request:
    method: delete
    uri: http://localhost:9292/api/universes
    body:
      encoding: US-ASCII
      string: ''
    headers:
      Content-Type:
      - application/json
      Accept-Encoding:
      - gzip;q=1.0,deflate;q=0.6,identity;q=0.3
      Accept:
      - application/vnd.example.t1
      User-Agent:
      - Ruby
  response:
    status:
      code: 200
      message: 'OK '
    headers:
      X-Frame-Options:
      - SAMEORIGIN
      X-Xss-Protection:
      - 1; mode=block
      X-Content-Type-Options:
      - nosniff
      Content-Type:
      - application/json; charset=utf-8
      Etag:
      - W/"43813b262a993163bce006e9a380c4a7"
      Cache-Control:
      - max-age=0, private, must-revalidate
      X-Request-Id:
      - c6d9b3af-8a21-4d8a-9edc-e138a1ac6f36
      X-Runtime:
      - '0.003783'
      Server:
      - WEBrick/1.3.1 (Ruby/2.2.1/2015-02-26)
      Date:
      - Tue, 08 Dec 2015 03:41:44 GMT
      Content-Length:
      - '57'
      Connection:
      - Keep-Alive
      Set-Cookie:
      - request_method=DELETE; path=/
    body:
      encoding: UTF-8
      string: '{"universes":[{"id":10201,"title":"The Malazan Empire"}]}'
    http_version: 
  recorded_at: Tue, 08 Dec 2015 03:41:44 GMT
recorded_with: VCR 2.9.3
