---
http_interactions:
- request:
    method: post
    uri: http://localhost:9292/api/universes?access_token=90bc68f143f6b5fea3c0b6cedd5784e6ac61248ca39aa87372922d99eb4f8395
    body:
      encoding: US-ASCII
      string: universe%5Btitle%5D=The+Wheel+of+Time
    headers:
      Accept-Encoding:
      - gzip;q=1.0,deflate;q=0.6,identity;q=0.3
      Accept:
      - "*/*"
      User-Agent:
      - Ruby
      Host:
      - localhost:9292
  response:
    status:
      code: 200
      message: 'OK '
    headers:
      X-Frame-Options:
      - SAMEORIGIN
      X-Xss-Protection:
      - 1; mode=block
      X-Content-Type-Options:
      - nosniff
      Content-Type:
      - application/json; charset=utf-8
      Etag:
      - W/"43b1bcb5d376f3e768f7e87c4521a7c9"
      Cache-Control:
      - max-age=0, private, must-revalidate
      X-Request-Id:
      - acbd5a51-b9fe-412f-a76c-4ad5314b4184
      X-Runtime:
      - '0.004477'
      Server:
      - WEBrick/1.3.1 (Ruby/2.2.1/2015-02-26)
      Date:
      - Mon, 05 Sep 2016 09:48:55 GMT
      Content-Length:
      - '52'
      Connection:
      - Keep-Alive
      Set-Cookie:
      - request_method=POST; path=/
    body:
      encoding: UTF-8
      string: '{"universe":{"id":6708,"title":"The Wheel of Time"}}'
    http_version: 
  recorded_at: Mon, 05 Sep 2016 09:48:55 GMT
- request:
    method: get
    uri: http://localhost:9292/api/universes?access_token=90bc68f143f6b5fea3c0b6cedd5784e6ac61248ca39aa87372922d99eb4f8395
    body:
      encoding: US-ASCII
      string: ''
    headers:
      Accept-Encoding:
      - gzip;q=1.0,deflate;q=0.6,identity;q=0.3
      Accept:
      - "*/*"
      User-Agent:
      - Ruby
      Host:
      - localhost:9292
  response:
    status:
      code: 200
      message: 'OK '
    headers:
      X-Frame-Options:
      - SAMEORIGIN
      X-Xss-Protection:
      - 1; mode=block
      X-Content-Type-Options:
      - nosniff
      Content-Type:
      - application/json; charset=utf-8
      Etag:
      - W/"20b78128b7ef09878c4c3b81ef53e82d"
      Cache-Control:
      - max-age=0, private, must-revalidate
      X-Request-Id:
      - f09ca0ba-363c-4974-86ec-8457a1663b36
      X-Runtime:
      - '0.001947'
      Server:
      - WEBrick/1.3.1 (Ruby/2.2.1/2015-02-26)
      Date:
      - Mon, 05 Sep 2016 09:48:55 GMT
      Content-Length:
      - '55'
      Connection:
      - Keep-Alive
    body:
      encoding: UTF-8
      string: '{"universes":[{"id":6708,"title":"The Wheel of Time"}]}'
    http_version: 
  recorded_at: Mon, 05 Sep 2016 09:48:55 GMT
- request:
    method: get
    uri: http://localhost:9292/api/universes/6708?access_token=90bc68f143f6b5fea3c0b6cedd5784e6ac61248ca39aa87372922d99eb4f8395
    body:
      encoding: US-ASCII
      string: ''
    headers:
      Accept-Encoding:
      - gzip;q=1.0,deflate;q=0.6,identity;q=0.3
      Accept:
      - "*/*"
      User-Agent:
      - Ruby
      Host:
      - localhost:9292
  response:
    status:
      code: 200
      message: 'OK '
    headers:
      X-Frame-Options:
      - SAMEORIGIN
      X-Xss-Protection:
      - 1; mode=block
      X-Content-Type-Options:
      - nosniff
      Content-Type:
      - application/json; charset=utf-8
      Etag:
      - W/"78559a1bdcdca75b0fed65cc0f17052f"
      Cache-Control:
      - max-age=0, private, must-revalidate
      X-Request-Id:
      - 34069520-41f7-4f67-9499-22e1fc2c66bc
      X-Runtime:
      - '0.002491'
      Server:
      - WEBrick/1.3.1 (Ruby/2.2.1/2015-02-26)
      Date:
      - Mon, 05 Sep 2016 09:48:55 GMT
      Content-Length:
      - '66'
      Connection:
      - Keep-Alive
    body:
      encoding: UTF-8
      string: '{"universe":{"id":6708,"title":"The Wheel of Time","articles":[]}}'
    http_version: 
  recorded_at: Mon, 05 Sep 2016 09:48:55 GMT
- request:
    method: post
    uri: http://localhost:9292/api/articles?access_token=90bc68f143f6b5fea3c0b6cedd5784e6ac61248ca39aa87372922d99eb4f8395
    body:
      encoding: US-ASCII
      string: article%5Bgender%5D=n&article%5Bname%5D=an+old+name&article%5Btype%5D=Character&article%5Buniverse_id%5D=6708
    headers:
      Accept-Encoding:
      - gzip;q=1.0,deflate;q=0.6,identity;q=0.3
      Accept:
      - "*/*"
      User-Agent:
      - Ruby
      Host:
      - localhost:9292
  response:
    status:
      code: 200
      message: 'OK '
    headers:
      X-Frame-Options:
      - SAMEORIGIN
      X-Xss-Protection:
      - 1; mode=block
      X-Content-Type-Options:
      - nosniff
      Content-Type:
      - application/json; charset=utf-8
      Etag:
      - W/"b54be10eb90cc53e72d944b0e542aeaa"
      Cache-Control:
      - max-age=0, private, must-revalidate
      X-Request-Id:
      - 0081e2d5-0dcd-4d0c-b41c-26fb541a9b48
      X-Runtime:
      - '0.009857'
      Server:
      - WEBrick/1.3.1 (Ruby/2.2.1/2015-02-26)
      Date:
      - Mon, 05 Sep 2016 09:48:55 GMT
      Content-Length:
      - '166'
      Connection:
      - Keep-Alive
      Set-Cookie:
      - request_method=POST; path=/
    body:
      encoding: UTF-8
      string: '{"article":{"id":3341,"name":"an old name","universe_id":6708,"type":"Character","gender":"n","tags":[],"citations":[],"inverse_citations":[],"notes":[],"events":[]}}'
    http_version: 
  recorded_at: Mon, 05 Sep 2016 09:48:55 GMT
- request:
    method: get
    uri: http://localhost:9292/api/articles/3341?access_token=90bc68f143f6b5fea3c0b6cedd5784e6ac61248ca39aa87372922d99eb4f8395
    body:
      encoding: US-ASCII
      string: ''
    headers:
      Accept-Encoding:
      - gzip;q=1.0,deflate;q=0.6,identity;q=0.3
      Accept:
      - "*/*"
      User-Agent:
      - Ruby
      Host:
      - localhost:9292
  response:
    status:
      code: 200
      message: 'OK '
    headers:
      X-Frame-Options:
      - SAMEORIGIN
      X-Xss-Protection:
      - 1; mode=block
      X-Content-Type-Options:
      - nosniff
      Content-Type:
      - application/json; charset=utf-8
      Etag:
      - W/"b54be10eb90cc53e72d944b0e542aeaa"
      Cache-Control:
      - max-age=0, private, must-revalidate
      X-Request-Id:
      - cb078e7f-ede9-4fc2-8245-105beef8b9e1
      X-Runtime:
      - '0.006632'
      Server:
      - WEBrick/1.3.1 (Ruby/2.2.1/2015-02-26)
      Date:
      - Mon, 05 Sep 2016 09:48:55 GMT
      Content-Length:
      - '166'
      Connection:
      - Keep-Alive
    body:
      encoding: UTF-8
      string: '{"article":{"id":3341,"name":"an old name","universe_id":6708,"type":"Character","gender":"n","tags":[],"citations":[],"inverse_citations":[],"notes":[],"events":[]}}'
    http_version: 
  recorded_at: Mon, 05 Sep 2016 09:48:55 GMT
- request:
    method: get
    uri: http://localhost:9292/api/article_types?access_token=90bc68f143f6b5fea3c0b6cedd5784e6ac61248ca39aa87372922d99eb4f8395
    body:
      encoding: US-ASCII
      string: ''
    headers:
      Accept-Encoding:
      - gzip;q=1.0,deflate;q=0.6,identity;q=0.3
      Accept:
      - "*/*"
      User-Agent:
      - Ruby
      Host:
      - localhost:9292
  response:
    status:
      code: 200
      message: 'OK '
    headers:
      X-Frame-Options:
      - SAMEORIGIN
      X-Xss-Protection:
      - 1; mode=block
      X-Content-Type-Options:
      - nosniff
      Content-Type:
      - application/json; charset=utf-8
      Etag:
      - W/"535de44376bee608dd0c348eb069f3e5"
      Cache-Control:
      - max-age=0, private, must-revalidate
      X-Request-Id:
      - 131190ec-90ac-4953-a8bc-636573ffa369
      X-Runtime:
      - '0.001735'
      Server:
      - WEBrick/1.3.1 (Ruby/2.2.1/2015-02-26)
      Date:
      - Mon, 05 Sep 2016 09:48:55 GMT
      Content-Length:
      - '180'
      Connection:
      - Keep-Alive
    body:
      encoding: UTF-8
      string: '{"article_types":["Affiliation","Character","Concept","Family","Group","Item","Location","Magician","Profession","Race","Relic","Religion","Society","Source","Structure","Vessel"]}'
    http_version: 
  recorded_at: Mon, 05 Sep 2016 09:48:55 GMT
- request:
    method: get
    uri: http://localhost:9292/api/articles/3341?access_token=90bc68f143f6b5fea3c0b6cedd5784e6ac61248ca39aa87372922d99eb4f8395
    body:
      encoding: US-ASCII
      string: ''
    headers:
      Accept-Encoding:
      - gzip;q=1.0,deflate;q=0.6,identity;q=0.3
      Accept:
      - "*/*"
      User-Agent:
      - Ruby
      Host:
      - localhost:9292
  response:
    status:
      code: 200
      message: 'OK '
    headers:
      X-Frame-Options:
      - SAMEORIGIN
      X-Xss-Protection:
      - 1; mode=block
      X-Content-Type-Options:
      - nosniff
      Content-Type:
      - application/json; charset=utf-8
      Etag:
      - W/"b54be10eb90cc53e72d944b0e542aeaa"
      Cache-Control:
      - max-age=0, private, must-revalidate
      X-Request-Id:
      - 6f6e7092-7ce6-43fd-8dec-a26f05e11fe3
      X-Runtime:
      - '0.006352'
      Server:
      - WEBrick/1.3.1 (Ruby/2.2.1/2015-02-26)
      Date:
      - Mon, 05 Sep 2016 09:48:55 GMT
      Content-Length:
      - '166'
      Connection:
      - Keep-Alive
    body:
      encoding: UTF-8
      string: '{"article":{"id":3341,"name":"an old name","universe_id":6708,"type":"Character","gender":"n","tags":[],"citations":[],"inverse_citations":[],"notes":[],"events":[]}}'
    http_version: 
  recorded_at: Mon, 05 Sep 2016 09:48:55 GMT
- request:
    method: put
    uri: http://localhost:9292/api/articles/3341?access_token=90bc68f143f6b5fea3c0b6cedd5784e6ac61248ca39aa87372922d99eb4f8395
    body:
      encoding: US-ASCII
      string: article%5Bgender%5D=f&article%5Bname%5D=an+updated+name&article%5Btype%5D=Character&article%5Buniverse_id%5D=6708
    headers:
      Accept-Encoding:
      - gzip;q=1.0,deflate;q=0.6,identity;q=0.3
      Accept:
      - "*/*"
      User-Agent:
      - Ruby
      Host:
      - localhost:9292
  response:
    status:
      code: 200
      message: 'OK '
    headers:
      X-Frame-Options:
      - SAMEORIGIN
      X-Xss-Protection:
      - 1; mode=block
      X-Content-Type-Options:
      - nosniff
      Content-Type:
      - application/json; charset=utf-8
      Etag:
      - W/"fb385ecd2288ab7f2128f9a8ed444bad"
      Cache-Control:
      - max-age=0, private, must-revalidate
      X-Request-Id:
      - 7988f0b3-237b-4142-a72b-d780914e7c0f
      X-Runtime:
      - '0.009744'
      Server:
      - WEBrick/1.3.1 (Ruby/2.2.1/2015-02-26)
      Date:
      - Mon, 05 Sep 2016 09:48:55 GMT
      Content-Length:
      - '170'
      Connection:
      - Keep-Alive
      Set-Cookie:
      - request_method=PUT; path=/
    body:
      encoding: UTF-8
      string: '{"article":{"id":3341,"name":"an updated name","universe_id":6708,"type":"Character","gender":"f","tags":[],"citations":[],"inverse_citations":[],"notes":[],"events":[]}}'
    http_version: 
  recorded_at: Mon, 05 Sep 2016 09:48:55 GMT
- request:
    method: get
    uri: http://localhost:9292/api/articles/3341?access_token=90bc68f143f6b5fea3c0b6cedd5784e6ac61248ca39aa87372922d99eb4f8395
    body:
      encoding: US-ASCII
      string: ''
    headers:
      Accept-Encoding:
      - gzip;q=1.0,deflate;q=0.6,identity;q=0.3
      Accept:
      - "*/*"
      User-Agent:
      - Ruby
      Host:
      - localhost:9292
  response:
    status:
      code: 200
      message: 'OK '
    headers:
      X-Frame-Options:
      - SAMEORIGIN
      X-Xss-Protection:
      - 1; mode=block
      X-Content-Type-Options:
      - nosniff
      Content-Type:
      - application/json; charset=utf-8
      Etag:
      - W/"fb385ecd2288ab7f2128f9a8ed444bad"
      Cache-Control:
      - max-age=0, private, must-revalidate
      X-Request-Id:
      - 7c0d973d-bf4e-4b1f-9177-731fdd1f402d
      X-Runtime:
      - '0.006438'
      Server:
      - WEBrick/1.3.1 (Ruby/2.2.1/2015-02-26)
      Date:
      - Mon, 05 Sep 2016 09:48:55 GMT
      Content-Length:
      - '170'
      Connection:
      - Keep-Alive
    body:
      encoding: UTF-8
      string: '{"article":{"id":3341,"name":"an updated name","universe_id":6708,"type":"Character","gender":"f","tags":[],"citations":[],"inverse_citations":[],"notes":[],"events":[]}}'
    http_version: 
  recorded_at: Mon, 05 Sep 2016 09:48:55 GMT
- request:
    method: get
    uri: http://localhost:9292/api/articles?access_token=90bc68f143f6b5fea3c0b6cedd5784e6ac61248ca39aa87372922d99eb4f8395&universe_id=6708
    body:
      encoding: US-ASCII
      string: ''
    headers:
      Accept-Encoding:
      - gzip;q=1.0,deflate;q=0.6,identity;q=0.3
      Accept:
      - "*/*"
      User-Agent:
      - Ruby
      Host:
      - localhost:9292
  response:
    status:
      code: 200
      message: 'OK '
    headers:
      X-Frame-Options:
      - SAMEORIGIN
      X-Xss-Protection:
      - 1; mode=block
      X-Content-Type-Options:
      - nosniff
      Content-Type:
      - application/json; charset=utf-8
      Etag:
      - W/"fe0888bf9cd4aee43485b5958e272009"
      Cache-Control:
      - max-age=0, private, must-revalidate
      X-Request-Id:
      - ae91654b-050a-4b64-b5f1-d532fb33593b
      X-Runtime:
      - '0.002309'
      Server:
      - WEBrick/1.3.1 (Ruby/2.2.1/2015-02-26)
      Date:
      - Mon, 05 Sep 2016 09:48:55 GMT
      Content-Length:
      - '83'
      Connection:
      - Keep-Alive
    body:
      encoding: UTF-8
      string: '{"articles":[{"id":3341,"name":"an updated name","type":"Character","gender":"f"}]}'
    http_version: 
  recorded_at: Mon, 05 Sep 2016 09:48:55 GMT
- request:
    method: get
    uri: http://localhost:9292/api/relation_types?access_token=90bc68f143f6b5fea3c0b6cedd5784e6ac61248ca39aa87372922d99eb4f8395
    body:
      encoding: US-ASCII
      string: ''
    headers:
      Accept-Encoding:
      - gzip;q=1.0,deflate;q=0.6,identity;q=0.3
      Accept:
      - "*/*"
      User-Agent:
      - Ruby
      Host:
      - localhost:9292
  response:
    status:
      code: 200
      message: 'OK '
    headers:
      X-Frame-Options:
      - SAMEORIGIN
      X-Xss-Protection:
      - 1; mode=block
      X-Content-Type-Options:
      - nosniff
      Content-Type:
      - application/json; charset=utf-8
      Etag:
      - W/"60baba749f16ed1393bfaaf6ff04795a"
      Cache-Control:
      - max-age=0, private, must-revalidate
      X-Request-Id:
      - 1780ca7e-1d7e-427c-9e6b-42fec8431508
      X-Runtime:
      - '0.001730'
      Server:
      - WEBrick/1.3.1 (Ruby/2.2.1/2015-02-26)
      Date:
      - Mon, 05 Sep 2016 09:48:55 GMT
      Content-Length:
      - '503'
      Connection:
      - Keep-Alive
    body:
      encoding: UTF-8
      string: '{"relation_types":["Acquaintance","Advisor","Ancestor","Aunt","Betrothed","Boyfriend","Brother","Companion","Contract_on","Counselor","Courter","Cousin","Creator","Customer","Employee","Enemy","Father","Follower","Friend","Girlfriend","Guide","Hearsay","Home","Husband","Killer","King","Located_in","Maid","Member","Mother","Near_sister","Owner","Player","Practitioner","Queen","Resident","Right_hand","Ruler","Sister","Swordbearer","Teacher","Uncle","Variant","Visitor","Warder","Wielder","Worshiper"]}'
    http_version: 
  recorded_at: Mon, 05 Sep 2016 09:48:55 GMT
- request:
    method: get
    uri: http://localhost:9292/api/tags?access_token=90bc68f143f6b5fea3c0b6cedd5784e6ac61248ca39aa87372922d99eb4f8395&universe_id=6708
    body:
      encoding: US-ASCII
      string: ''
    headers:
      Accept-Encoding:
      - gzip;q=1.0,deflate;q=0.6,identity;q=0.3
      Accept:
      - "*/*"
      User-Agent:
      - Ruby
      Host:
      - localhost:9292
  response:
    status:
      code: 200
      message: 'OK '
    headers:
      X-Frame-Options:
      - SAMEORIGIN
      X-Xss-Protection:
      - 1; mode=block
      X-Content-Type-Options:
      - nosniff
      Content-Type:
      - application/json; charset=utf-8
      Etag:
      - W/"b5a1a4d42bbd4d7cfe1a670d8134d026"
      Cache-Control:
      - max-age=0, private, must-revalidate
      X-Request-Id:
      - 025a9d7f-68f3-40c8-87c7-71c16c65de19
      X-Runtime:
      - '0.002499'
      Server:
      - WEBrick/1.3.1 (Ruby/2.2.1/2015-02-26)
      Date:
      - Mon, 05 Sep 2016 09:48:55 GMT
      Content-Length:
      - '11'
      Connection:
      - Keep-Alive
    body:
      encoding: UTF-8
      string: '{"tags":[]}'
    http_version: 
  recorded_at: Mon, 05 Sep 2016 09:48:55 GMT
- request:
    method: delete
    uri: http://localhost:9292/api/articles?access_token=90bc68f143f6b5fea3c0b6cedd5784e6ac61248ca39aa87372922d99eb4f8395
    body:
      encoding: US-ASCII
      string: ''
    headers:
      Depth:
      - Infinity
      Accept-Encoding:
      - gzip;q=1.0,deflate;q=0.6,identity;q=0.3
      Accept:
      - "*/*"
      User-Agent:
      - Ruby
      Host:
      - localhost:9292
  response:
    status:
      code: 200
      message: 'OK '
    headers:
      X-Frame-Options:
      - SAMEORIGIN
      X-Xss-Protection:
      - 1; mode=block
      X-Content-Type-Options:
      - nosniff
      Content-Type:
      - application/json; charset=utf-8
      Etag:
      - W/"61b12116cd62bf7445fc10c71bd57ac0"
      Cache-Control:
      - max-age=0, private, must-revalidate
      X-Request-Id:
      - 3d2656e2-250e-4a2c-8032-23204d676430
      X-Runtime:
      - '0.004597'
      Server:
      - WEBrick/1.3.1 (Ruby/2.2.1/2015-02-26)
      Date:
      - Mon, 05 Sep 2016 09:48:55 GMT
      Content-Length:
      - '89'
      Connection:
      - Keep-Alive
      Set-Cookie:
      - request_method=DELETE; path=/
    body:
      encoding: UTF-8
      string: '{"articles":[{"id":3341,"name":"an updated name","universe_id":6708,"type":"Character"}]}'
    http_version: 
  recorded_at: Mon, 05 Sep 2016 09:48:55 GMT
- request:
    method: delete
    uri: http://localhost:9292/api/universes
    body:
      encoding: US-ASCII
      string: ''
    headers:
      Content-Type:
      - application/json
      Accept-Encoding:
      - gzip;q=1.0,deflate;q=0.6,identity;q=0.3
      Accept:
      - application/vnd.example.t1
      User-Agent:
      - Ruby
  response:
    status:
      code: 200
      message: 'OK '
    headers:
      X-Frame-Options:
      - SAMEORIGIN
      X-Xss-Protection:
      - 1; mode=block
      X-Content-Type-Options:
      - nosniff
      Content-Type:
      - application/json; charset=utf-8
      Etag:
      - W/"20b78128b7ef09878c4c3b81ef53e82d"
      Cache-Control:
      - max-age=0, private, must-revalidate
      X-Request-Id:
      - 951e8afa-6488-4587-820e-bb49817fd504
      X-Runtime:
      - '0.003220'
      Server:
      - WEBrick/1.3.1 (Ruby/2.2.1/2015-02-26)
      Date:
      - Mon, 05 Sep 2016 09:48:55 GMT
      Content-Length:
      - '55'
      Connection:
      - Keep-Alive
      Set-Cookie:
      - request_method=DELETE; path=/
    body:
      encoding: UTF-8
      string: '{"universes":[{"id":6708,"title":"The Wheel of Time"}]}'
    http_version: 
  recorded_at: Mon, 05 Sep 2016 09:48:55 GMT
recorded_with: VCR 2.9.3
